<html>
<body>
<pre>
<h1>µVision Build Log</h1>
<h2>Tool Versions:</h2>
IDE-Version: ¦ÌVision V5.41.0.0
Copyright (C) 2024 ARM Ltd and ARM Germany GmbH. All rights reserved.
License Information: qwdqf fwaf, wefwef, LIC=WHYH9-4XDBT-HLBCL-0JMKB-2QW61-FA0P5
 
Tool Versions:
Toolchain:       MDK-ARM Plus  Version: 5.41.0.0
Toolchain Path:  C:\Users\29255\AppData\Local\Keil_v5\ARM\ARMCC\Bin
C Compiler:      Armcc.exe V5.06 update 6 (build 750)
Assembler:       Armasm.exe V5.06 update 6 (build 750)
Linker/Locator:  ArmLink.exe V5.06 update 6 (build 750)
Library Manager: ArmAr.exe V5.06 update 6 (build 750)
Hex Converter:   FromElf.exe V5.06 update 6 (build 750)
CPU DLL:         SARMCM3.DLL V5.41.0.0
Dialog DLL:      DCM.DLL V1.17.5.0
Target DLL:      Segger\JL2CM3.dll V2.99.45.0
Dialog DLL:      TCM.DLL V1.56.4.0
 
<h2>Project:</h2>
C:\Users\29255\Desktop\00Src_Master_V1.0\00Src_Master_V1.0\MDK_ARM\M_DoubleValveGauge.uvprojx
Project File Date:  04/22/2025

<h2>Output:</h2>
*** Using Compiler 'V5.06 update 6 (build 750)', folder: 'C:\Users\29255\AppData\Local\Keil_v5\ARM\ARMCC\Bin'
Rebuild target 'DEBUG'
compiling bsp_wdg.c...
compiling app_flash.c...
compiling bsp_timer.c...
compiling app_system.c...
..\User\src\app_system.c(101): warning:  #177-D: variable "EXTI_InitStructure"  was declared but never referenced
      EXTI_InitType EXTI_InitStructure;
..\User\src\app_system.c(102): warning:  #177-D: variable "NVIC_InitStructure"  was declared but never referenced
      NVIC_InitType NVIC_InitStructure;
..\User\src\app_system.c: 2 warnings, 0 errors
compiling app_io.c...
compiling Table_Refrigerant.c...
compiling app_sample.c...
..\User\src\app_sample.c(223): warning:  #223-D: function "vBSP_DelayMs" declared implicitly
  		vBSP_DelayMs(200);
..\User\src\app_sample.c(16): warning:  #177-D: variable "sDelayTime3s"  was declared but never referenced
  static SHORT sDelayTime3s = 60;
..\User\src\app_sample.c(17): warning:  #177-D: variable "sDelayTime1_5s"  was declared but never referenced
  static SHORT sDelayTime1_5s = 30;
..\User\src\app_sample.c: 3 warnings, 0 errors
compiling bsp_io.c...
compiling app_user.c...
compiling main.c...
compiling bsp_usart.c...
compiling ADS1230.c...
..\Bsp\src\ADS1230.c(178): warning:  #68-D: integer conversion resulted in a change of sign
  				_raw = -1*(_raw & 0x7FFFF);
..\Bsp\src\ADS1230.c(224): warning:  #68-D: integer conversion resulted in a change of sign
  				_raw = -1*(_raw & 0x7FFFF);
..\Bsp\src\ADS1230.c: 2 warnings, 0 errors
compiling ble_E95.c...
compiling bsp_adc.c...
compiling bsp_flash.c...
compiling bsp_rtc.c...
compiling bsp_spi.c...
compiling misc.c...
compiling w25q64.c...
compiling bsp_interrupt.c...
compiling bsp_ntc.c...
compiling n32l40x_adc.c...
compiling n32l40x_can.c...
compiling n32l40x_comp.c...
compiling n32l40x_crc.c...
compiling n32l40x_dac.c...
compiling n32l40x_exti.c...
compiling n32l40x_dbg.c...
compiling n32l40x_dma.c...
compiling n32l40x_gpio.c...
compiling n32l40x_iwdg.c...
compiling n32l40x_i2c.c...
compiling n32l40x_lcd.c...
compiling n32l40x_flash.c...
compiling n32l40x_lptim.c...
compiling n32l40x_lpuart.c...
assembling startup_n32l40x.s...
compiling n32l40x_opamp.c...
compiling n32l40x_pwr.c...
compiling n32l40x_spi.c...
compiling n32l40x_wwdg.c...
compiling n32l40x_rcc.c...
compiling system_n32l40x.c...
..\Driver\CMSIS\device\system_n32l40x.c(478): warning:  #177-D: variable "rcc_cfg"  was declared but never referenced
      uint32_t rcc_cfg        = 0;
..\Driver\CMSIS\device\system_n32l40x.c(479): warning:  #177-D: variable "rcc_pllhsipre"  was declared but never referenced
      uint32_t rcc_pllhsipre  = 0;
..\Driver\CMSIS\device\system_n32l40x.c: 2 warnings, 0 errors
compiling n32l40x_usart.c...
compiling n32l40x_rtc.c...
compiling n32l40x_tim.c...
linking...
Program Size: Code=10432 RO-data=452 RW-data=296 ZI-data=5776  
FromELF: creating hex file...
After Build - User command #1: fromelf --bin --output=.\bin\M_DoubleValveGauge.bin .\Objects\M_DoubleValveGauge.axf
".\Objects\M_DoubleValveGauge.axf" - 0 Error(s), 9 Warning(s).

<h2>Software Packages used:</h2>

Package Vendor: Nationstech
                http://www.keil.com/pack/Nationstech.N32L40x_DFP.1.0.1.pack
                Nationstech::N32L40x_DFP@1.0.1
                Nationstech N32L40x Series Device Support, Drivers and Examples

<h2>Collection of Component include folders:</h2>
  C:/Users/29255/AppData/Local/Arm/Packs/Nationstech/N32L40x_DFP/1.0.1/firmware/CMSIS/device

<h2>Collection of Component Files used:</h2>
Build Time Elapsed:  00:00:04
</pre>
</body>
</html>
