Component: Arm Compiler for Embedded 6.23 Tool: armlink [5f102400]

==============================================================================

Section Cross References

    system_n32l40x.o(.text.SystemInit) refers to system_n32l40x.o(.data.SystemCoreClock) for SystemCoreClock
    system_n32l40x.o(.ARM.exidx.text.SystemInit) refers to system_n32l40x.o(.text.SystemInit) for [Anonymous Symbol]
    system_n32l40x.o(.text.SystemCoreClockUpdate) refers to system_n32l40x.o(.data.SystemCoreClock) for SystemCoreClock
    system_n32l40x.o(.text.SystemCoreClockUpdate) refers to system_n32l40x.o(.rodata.MSIClockTable) for MSIClockTable
    system_n32l40x.o(.text.SystemCoreClockUpdate) refers to system_n32l40x.o(.rodata.AHBPrescTable) for AHBPrescTable
    system_n32l40x.o(.ARM.exidx.text.SystemCoreClockUpdate) refers to system_n32l40x.o(.text.SystemCoreClockUpdate) for [Anonymous Symbol]
    system_n32l40x.o(.ARM.exidx.text.ConfigMRVoltage1V) refers to system_n32l40x.o(.text.ConfigMRVoltage1V) for [Anonymous Symbol]
    system_n32l40x.o(.ARM.exidx.text.ConfigMRVoltage1_1V) refers to system_n32l40x.o(.text.ConfigMRVoltage1_1V) for [Anonymous Symbol]
    startup_n32l40x.o(RESET) refers to startup_n32l40x.o(STACK) for __initial_sp
    startup_n32l40x.o(RESET) refers to startup_n32l40x.o(.text) for Reset_Handler
    startup_n32l40x.o(RESET) refers to bsp_interrupt.o(.text.NMI_Handler) for NMI_Handler
    startup_n32l40x.o(RESET) refers to bsp_interrupt.o(.text.HardFault_Handler) for HardFault_Handler
    startup_n32l40x.o(RESET) refers to bsp_interrupt.o(.text.MemManage_Handler) for MemManage_Handler
    startup_n32l40x.o(RESET) refers to bsp_interrupt.o(.text.BusFault_Handler) for BusFault_Handler
    startup_n32l40x.o(RESET) refers to bsp_interrupt.o(.text.UsageFault_Handler) for UsageFault_Handler
    startup_n32l40x.o(RESET) refers to bsp_interrupt.o(.text.SVC_Handler) for SVC_Handler
    startup_n32l40x.o(RESET) refers to bsp_interrupt.o(.text.DebugMon_Handler) for DebugMon_Handler
    startup_n32l40x.o(RESET) refers to bsp_interrupt.o(.text.SysTick_Handler) for SysTick_Handler
    startup_n32l40x.o(RESET) refers to bsp_interrupt.o(.text.EXTI0_IRQHandler) for EXTI0_IRQHandler
    startup_n32l40x.o(RESET) refers to bsp_interrupt.o(.text.EXTI1_IRQHandler) for EXTI1_IRQHandler
    startup_n32l40x.o(RESET) refers to bsp_interrupt.o(.text.EXTI2_IRQHandler) for EXTI2_IRQHandler
    startup_n32l40x.o(RESET) refers to bsp_interrupt.o(.text.EXTI3_IRQHandler) for EXTI3_IRQHandler
    startup_n32l40x.o(RESET) refers to bsp_interrupt.o(.text.EXTI4_IRQHandler) for EXTI4_IRQHandler
    startup_n32l40x.o(RESET) refers to bsp_interrupt.o(.text.EXTI9_5_IRQHandler) for EXTI9_5_IRQHandler
    startup_n32l40x.o(RESET) refers to bsp_interrupt.o(.text.TIM2_IRQHandler) for TIM2_IRQHandler
    startup_n32l40x.o(RESET) refers to motor.o(.text.TIM3_IRQHandler) for TIM3_IRQHandler
    startup_n32l40x.o(RESET) refers to bsp_interrupt.o(.text.USART1_IRQHandler) for USART1_IRQHandler
    startup_n32l40x.o(RESET) refers to 485_1.o(.text.USART2_IRQHandler) for USART2_IRQHandler
    startup_n32l40x.o(RESET) refers to bsp_interrupt.o(.text.USART3_IRQHandler) for USART3_IRQHandler
    startup_n32l40x.o(RESET) refers to bsp_interrupt.o(.text.EXTI15_10_IRQHandler) for EXTI15_10_IRQHandler
    startup_n32l40x.o(RESET) refers to bsp_interrupt.o(.text.UART5_IRQHandler) for UART5_IRQHandler
    startup_n32l40x.o(.text) refers to system_n32l40x.o(.text.SystemInit) for SystemInit
    startup_n32l40x.o(.text) refers to entry.o(.ARM.Collect$$$$00000000) for __main
    misc.o(.ARM.exidx.text.NVIC_PriorityGroupConfig) refers to misc.o(.text.NVIC_PriorityGroupConfig) for [Anonymous Symbol]
    misc.o(.ARM.exidx.text.NVIC_Init) refers to misc.o(.text.NVIC_Init) for [Anonymous Symbol]
    misc.o(.ARM.exidx.text.NVIC_SetVectorTable) refers to misc.o(.text.NVIC_SetVectorTable) for [Anonymous Symbol]
    misc.o(.ARM.exidx.text.NVIC_SystemLPConfig) refers to misc.o(.text.NVIC_SystemLPConfig) for [Anonymous Symbol]
    misc.o(.ARM.exidx.text.SysTick_CLKSourceConfig) refers to misc.o(.text.SysTick_CLKSourceConfig) for [Anonymous Symbol]
    n32l40x_adc.o(.text.ADC_DeInit) refers to n32l40x_rcc.o(.text.RCC_EnableAHBPeriphReset) for RCC_EnableAHBPeriphReset
    n32l40x_adc.o(.ARM.exidx.text.ADC_DeInit) refers to n32l40x_adc.o(.text.ADC_DeInit) for [Anonymous Symbol]
    n32l40x_adc.o(.ARM.exidx.text.ADC_Init) refers to n32l40x_adc.o(.text.ADC_Init) for [Anonymous Symbol]
    n32l40x_adc.o(.ARM.exidx.text.ADC_InitStruct) refers to n32l40x_adc.o(.text.ADC_InitStruct) for [Anonymous Symbol]
    n32l40x_adc.o(.ARM.exidx.text.ADC_Enable) refers to n32l40x_adc.o(.text.ADC_Enable) for [Anonymous Symbol]
    n32l40x_adc.o(.ARM.exidx.text.ADC_EnableDMA) refers to n32l40x_adc.o(.text.ADC_EnableDMA) for [Anonymous Symbol]
    n32l40x_adc.o(.ARM.exidx.text.ADC_ConfigInt) refers to n32l40x_adc.o(.text.ADC_ConfigInt) for [Anonymous Symbol]
[...]
    [Anonymous Symbol]                       0x080008a4   Section        0  bsp_interrupt.o(.text.EXTI2_IRQHandler)
    [Anonymous Symbol]                       0x080008c4   Section        0  bsp_interrupt.o(.text.EXTI3_IRQHandler)
    [Anonymous Symbol]                       0x080008e4   Section        0  bsp_interrupt.o(.text.EXTI4_IRQHandler)
    [Anonymous Symbol]                       0x08000904   Section        0  bsp_interrupt.o(.text.EXTI9_5_IRQHandler)
    [Anonymous Symbol]                       0x08000930   Section        0  n32l40x_exti.o(.text.EXTI_ClrITPendBit)
    [Anonymous Symbol]                       0x0800093c   Section        0  n32l40x_exti.o(.text.EXTI_GetITStatus)
    [Anonymous Symbol]                       0x0800095c   Section        0  n32l40x_flash.o(.text.FLASH_PrefetchBufSet)
    [Anonymous Symbol]                       0x08000974   Section        0  n32l40x_flash.o(.text.FLASH_SetLatency)
    [Anonymous Symbol]                       0x08000988   Section        0  n32l40x_gpio.o(.text.GPIO_InitPeripheral)
    [Anonymous Symbol]                       0x08000b10   Section        0  n32l40x_gpio.o(.text.GPIO_InitStruct)
    [Anonymous Symbol]                       0x08000b24   Section        0  n32l40x_gpio.o(.text.GPIO_ReadInputDataBit)
    [Anonymous Symbol]                       0x08000b30   Section        0  n32l40x_gpio.o(.text.GPIO_ResetBits)
    [Anonymous Symbol]                       0x08000b34   Section        0  n32l40x_gpio.o(.text.GPIO_SetBits)
    [Anonymous Symbol]                       0x08000b38   Section        0  bsp_io.o(.text.HAL_GPIO_EXTI_Callback)
    [Anonymous Symbol]                       0x08000b54   Section        0  bsp_timer.o(.text.HAL_IncTick)
    [Anonymous Symbol]                       0x08000b64   Section        0  bsp_timer.o(.text.HAL_TIM_PeriodElapsedCallback)
    [Anonymous Symbol]                       0x08000bb4   Section        0  bsp_usart.o(.text.HAL_UART_ErrorCallback)
    [Anonymous Symbol]                       0x08000bb8   Section        0  bsp_usart.o(.text.HAL_UART_IdleCallback)
    [Anonymous Symbol]                       0x08000bec   Section        0  bsp_usart.o(.text.HAL_UART_MspDeInit)
    [Anonymous Symbol]                       0x08000ce8   Section        0  bsp_usart.o(.text.HAL_UART_MspInit)
    [Anonymous Symbol]                       0x08000eb0   Section        0  bsp_usart.o(.text.HAL_UART_RxCpltCallback)
    [Anonymous Symbol]                       0x08000ee4   Section        0  bsp_interrupt.o(.text.HardFault_Handler)
    [Anonymous Symbol]                       0x08000ee8   Section        0  n32l40x_iwdg.o(.text.IWDG_ReloadKey)
    [Anonymous Symbol]                       0x08000ef8   Section        0  bsp_interrupt.o(.text.MemManage_Handler)
    [Anonymous Symbol]                       0x08000efc   Section        0  bsp_interrupt.o(.text.NMI_Handler)
    [Anonymous Symbol]                       0x08000f00   Section        0  misc.o(.text.NVIC_Init)
    [Anonymous Symbol]                       0x08000f60   Section        0  misc.o(.text.NVIC_PriorityGroupConfig)
    [Anonymous Symbol]                       0x08000f74   Section        0  oled.o(.text.OLED_Clear)
    [Anonymous Symbol]                       0x08000fa8   Section        0  oled_spi.o(.text.OLED_DMA_Init)
    [Anonymous Symbol]                       0x08001024   Section        0  oled.o(.text.OLED_Init)
    [Anonymous Symbol]                       0x08001034   Section        0  oled.o(.text.OLED_Long_HZ)
    [Anonymous Symbol]                       0x08001438   Section        0  oled.o(.text.OLED_Reg_Init)
    [Anonymous Symbol]                       0x08001804   Section        0  oled_spi.o(.text.OLED_SPI_Init)
    [Anonymous Symbol]                       0x080018e0   Section        0  oled.o(.text.OLED_ZFC)
    [Anonymous Symbol]                       0x080019ac   Section        0  n32l40x_rcc.o(.text.RCC_ConfigAdc1mClk)
    [Anonymous Symbol]                       0x080019c4   Section        0  n32l40x_rcc.o(.text.RCC_ConfigAdcHclk)
    [Anonymous Symbol]                       0x080019d8   Section        0  n32l40x_rcc.o(.text.RCC_ConfigAdcPllClk)
    [Anonymous Symbol]                       0x080019f4   Section        0  n32l40x_rcc.o(.text.RCC_ConfigHclk)
    [Anonymous Symbol]                       0x08001a08   Section        0  n32l40x_rcc.o(.text.RCC_ConfigPclk1)
    [Anonymous Symbol]                       0x08001a1c   Section        0  n32l40x_rcc.o(.text.RCC_ConfigPclk2)
    [Anonymous Symbol]                       0x08001a34   Section        0  n32l40x_rcc.o(.text.RCC_ConfigPll)
    [Anonymous Symbol]                       0x08001a6c   Section        0  n32l40x_rcc.o(.text.RCC_ConfigSysclk)
    [Anonymous Symbol]                       0x08001a80   Section        0  n32l40x_rcc.o(.text.RCC_EnableAHBPeriphClk)
    [Anonymous Symbol]                       0x08001a98   Section        0  n32l40x_rcc.o(.text.RCC_EnableAPB1PeriphClk)
    [Anonymous Symbol]                       0x08001ab0   Section        0  n32l40x_rcc.o(.text.RCC_EnableAPB1PeriphReset)
    [Anonymous Symbol]                       0x08001ac8   Section        0  n32l40x_rcc.o(.text.RCC_EnableAPB2PeriphClk)
    [Anonymous Symbol]                       0x08001ae0   Section        0  n32l40x_rcc.o(.text.RCC_EnableAPB2PeriphReset)
    [Anonymous Symbol]                       0x08001af8   Section        0  n32l40x_rcc.o(.text.RCC_EnableHsi)
    [Anonymous Symbol]                       0x08001b04   Section        0  n32l40x_rcc.o(.text.RCC_EnablePll)
    [Anonymous Symbol]                       0x08001b10   Section        0  n32l40x_rcc.o(.text.RCC_GetClocksFreqValue)
    s_msiClockTable                          0x08001be8   Number         0  n32l40x_rcc.o(.text.RCC_GetClocksFreqValue)
    s_AdcHclkPresTable                       0x08001c04   Number         0  n32l40x_rcc.o(.text.RCC_GetClocksFreqValue)
    s_AdcPllClkPresTable                     0x08001c14   Number         0  n32l40x_rcc.o(.text.RCC_GetClocksFreqValue)
    [Anonymous Symbol]                       0x08001c34   Section        0  n32l40x_rcc.o(.text.RCC_GetFlagStatus)
    [Anonymous Symbol]                       0x08001c5c   Section        0  n32l40x_rcc.o(.text.RCC_GetSysclkSrc)
    [Anonymous Symbol]                       0x08001c6c   Section        0  n32l40x_rcc.o(.text.RCC_WaitHsiStable)
    [Anonymous Symbol]                       0x08001c9c   Section        0  rf.o(.text.RFInit)
    [Anonymous Symbol]                       0x08001ca0   Section        0  rf.o(.text.RFRevData)
    [Anonymous Symbol]                       0x08001cfc   Section        0  rf.o(.text.RFRxMode)
    [Anonymous Symbol]                       0x08001d10   Section        0  radio.o(.text.RF_Init)
    [Anonymous Symbol]                       0x08001da4   Section        0  radio.o(.text.RF_Process)
    [Anonymous Symbol]                       0x08001ffc   Section        0  radio.o(.text.RF_StartRx)
    [Anonymous Symbol]                       0x08002014   Section        0  485_1.o(.text.RS485_SendStr_length)
    [Anonymous Symbol]                       0x0800206c   Section        0  n32l40x_spi.o(.text.SPI_Enable)
    [Anonymous Symbol]                       0x08002080   Section        0  n32l40x_spi.o(.text.SPI_I2S_EnableDma)
    [Anonymous Symbol]                       0x08002090   Section        0  n32l40x_spi.o(.text.SPI_I2S_GetStatus)
    [Anonymous Symbol]                       0x0800209c   Section        0  n32l40x_spi.o(.text.SPI_I2S_TransmitData)
    [Anonymous Symbol]                       0x080020a0   Section        0  n32l40x_spi.o(.text.SPI_Init)
    [Anonymous Symbol]                       0x080020e8   Section        0  n32l40x_spi.o(.text.SPI_SSOutputEnable)
    [Anonymous Symbol]                       0x080020fc   Section        0  bsp_interrupt.o(.text.SVC_Handler)
    [Anonymous Symbol]                       0x08002100   Section        0  misc.o(.text.SysTick_CLKSourceConfig)
    [Anonymous Symbol]                       0x08002118   Section        0  bsp_interrupt.o(.text.SysTick_Handler)
    [Anonymous Symbol]                       0x0800211c   Section        0  main.o(.text.SystemClock_Config)
    [Anonymous Symbol]                       0x080021ec   Section        0  system_n32l40x.o(.text.SystemInit)
    [Anonymous Symbol]                       0x0800239c   Section        0  bsp_interrupt.o(.text.TIM2_IRQHandler)
    [Anonymous Symbol]                       0x080023c4   Section        0  motor.o(.text.TIM3_IRQHandler)
    [Anonymous Symbol]                       0x080024c8   Section        0  n32l40x_tim.o(.text.TIM_ClrIntPendingBit)
    [Anonymous Symbol]                       0x080024d0   Section        0  n32l40x_tim.o(.text.TIM_ConfigInt)
    [Anonymous Symbol]                       0x080024e0   Section        0  n32l40x_tim.o(.text.TIM_ConfigPrescaler)
    [Anonymous Symbol]                       0x080024e8   Section        0  n32l40x_tim.o(.text.TIM_Enable)
    [Anonymous Symbol]                       0x080024f8   Section        0  n32l40x_tim.o(.text.TIM_GetIntStatus)
    [Anonymous Symbol]                       0x08002514   Section        0  n32l40x_tim.o(.text.TIM_InitTimeBase)
    [Anonymous Symbol]                       0x080026a0   Section        0  bsp_interrupt.o(.text.UART5_IRQHandler)
    [Anonymous Symbol]                       0x0800271c   Section        0  bsp_usart.o(.text.UART_TxCallback)
    [Anonymous Symbol]                       0x0800276c   Section        0  bsp_interrupt.o(.text.USART1_IRQHandler)
    [Anonymous Symbol]                       0x080027e0   Section        0  485_1.o(.text.USART2_IRQHandler)
    [Anonymous Symbol]                       0x08002824   Section        0  bsp_interrupt.o(.text.USART3_IRQHandler)
    [Anonymous Symbol]                       0x080028a0   Section        0  n32l40x_usart.o(.text.USART_ClrIntPendingBit)
    [Anonymous Symbol]                       0x080028b0   Section        0  n32l40x_usart.o(.text.USART_ConfigInt)
    [Anonymous Symbol]                       0x080028e0   Section        0  n32l40x_usart.o(.text.USART_DeInit)
    [Anonymous Symbol]                       0x08002990   Section        0  n32l40x_usart.o(.text.USART_Enable)
    [Anonymous Symbol]                       0x080029a4   Section        0  n32l40x_usart.o(.text.USART_GetFlagStatus)
    [Anonymous Symbol]                       0x080029b0   Section        0  n32l40x_usart.o(.text.USART_GetIntStatus)
    [Anonymous Symbol]                       0x080029e4   Section        0  n32l40x_usart.o(.text.USART_Init)
    [Anonymous Symbol]                       0x08002a90   Section        0  n32l40x_usart.o(.text.USART_ReceiveData)
    [Anonymous Symbol]                       0x08002a98   Section        0  n32l40x_usart.o(.text.USART_SendData)
    [Anonymous Symbol]                       0x08002aa0   Section        0  n32l40x_usart.o(.text.USART_StructInit)
    [Anonymous Symbol]                       0x08002ab4   Section        0  bsp_interrupt.o(.text.UsageFault_Handler)
    [Anonymous Symbol]                       0x08002ab8   Section        0  485_1.o(.text.clean_rebuff)
    [Anonymous Symbol]                       0x08002ad8   Section        0  cmt_spi3.o(.text.cmt_spi3_init)
    [Anonymous Symbol]                       0x08002b7c   Section        0  cmt_spi3.o(.text.cmt_spi3_read)
    [Anonymous Symbol]                       0x08002cbc   Section        0  cmt_spi3.o(.text.cmt_spi3_read_fifo)
    [Anonymous Symbol]                       0x08002e08   Section        0  cmt_spi3.o(.text.cmt_spi3_write)
    [Anonymous Symbol]                       0x08002f40   Section        0  cmt_spi3.o(.text.cmt_spi3_write_fifo)
    [Anonymous Symbol]                       0x08003098   Section        0  delay.o(.text.delay_ms)
    [Anonymous Symbol]                       0x080030c4   Section        0  delay.o(.text.delay_us)
    [Anonymous Symbol]                       0x080030ec   Section        0  bsp_usart.o(.text.fputc)
    [Anonymous Symbol]                       0x08003124   Section        0  motor.o(.text.get_dir_state)
    [Anonymous Symbol]                       0x08003130   Section        0  485_1.o(.text.get_rebuff)
    [Anonymous Symbol]                       0x08003148   Section        0  motor.o(.text.hall_detect)
    [Anonymous Symbol]                       0x080031cc   Section        0  main.o(.text.main)
    [Anonymous Symbol]                       0x080032fc   Section        0  motor.o(.text.motor_dir_diff)
    [Anonymous Symbol]                       0x08003338   Section        0  motor.o(.text.motor_init)
    [Anonymous Symbol]                       0x08003448   Section        0  motor.o(.text.motor_mode)
    [Anonymous Symbol]                       0x08003520   Section        0  motor.o(.text.motor_set_dir)
    [Anonymous Symbol]                       0x0800352c   Section        0  oled_show.o(.text.oled_show_line2)
    [Anonymous Symbol]                       0x0800364c   Section        0  485_1.o(.text.rs485_init)
    [Anonymous Symbol]                       0x08003728   Section        0  protocol.o(.text.rx_data_hadle)
    [Anonymous Symbol]                       0x080038b8   Section        0  bsp_adc.o(.text.usGetMCUADCVolt)
    [Anonymous Symbol]                       0x0800396c   Section        0  bsp_adc.o(.text.vBSP_ADC_Init)
    [Anonymous Symbol]                       0x08003a00   Section        0  bsp_timer.o(.text.vBSP_DelayMs)
    [Anonymous Symbol]                       0x08003a08   Section        0  bsp_io.o(.text.vBSP_GpioDeinit)
    [Anonymous Symbol]                       0x08003b28   Section        0  bsp_io.o(.text.vBSP_Port_FullSpeed)
    [Anonymous Symbol]                       0x08003b80   Section        0  bsp_timer.o(.text.vBSP_Timer1Init)
    [Anonymous Symbol]                       0x08003c10   Section        0  bsp_usart.o(.text.vBSP_USARTInit)
    [Anonymous Symbol]                       0x08003e68   Section        0  bsp_wdg.o(.text.vBSP_WDG_Refresh)
    [Anonymous Symbol]                       0x08003e6c   Section        0  bsp_adc.o(.text.vPower_Device)
    [Anonymous Symbol]                       0x08003f04   Section        0  bsp_adc.o(.text.vPower_Motor)
    [Anonymous Symbol]                       0x08003f10   Section        0  api.o(.text.xy_frame_calc_xor)
    i.__0printf$8                            0x08003f30   Section        0  printf8.o(i.__0printf$8)
    i.__0sprintf$8                           0x08003f50   Section        0  printf8.o(i.__0sprintf$8)
    i.__scatterload_copy                     0x08003f78   Section       14  handlers.o(i.__scatterload_copy)
    i.__scatterload_null                     0x08003f86   Section        2  handlers.o(i.__scatterload_null)
    i.__scatterload_zeroinit                 0x08003f88   Section       14  handlers.o(i.__scatterload_zeroinit)
    _printf_core                             0x08003f99   Thumb Code   996  printf8.o(i._printf_core)
    i._printf_core                           0x08003f98   Section        0  printf8.o(i._printf_core)
    _printf_post_padding                     0x080043a9   Thumb Code    36  printf8.o(i._printf_post_padding)
    i._printf_post_padding                   0x080043a8   Section        0  printf8.o(i._printf_post_padding)
    _printf_pre_padding                      0x080043cd   Thumb Code    46  printf8.o(i._printf_pre_padding)
    i._printf_pre_padding                    0x080043cc   Section        0  printf8.o(i._printf_pre_padding)
    _sputc                                   0x080043fb   Thumb Code    10  printf8.o(i._sputc)
    i._sputc                                 0x080043fa   Section        0  printf8.o(i._sputc)
    i.puts                                   0x08004404   Section        0  puts.o(i.puts)
    s_ApbAhbPresTable                        0x08004c40   Data          16  n32l40x_rcc.o(.rodata.cst16)
    [Anonymous Symbol]                       0x08004c40   Section        0  n32l40x_rcc.o(.rodata.cst16)
    .L.str                                   0x08004cb0   Data           7  oled_show.o(.rodata.str1.1)
    [Anonymous Symbol]                       0x08004cb0   Section        0  oled_show.o(.rodata.str1.1)
    .L.str.1                                 0x08004cb7   Data           3  oled_show.o(.rodata.str1.1)
    .Lstr.1                                  0x08004cba   Data          16  radio.o(.rodata.str1.1)
    [Anonymous Symbol]                       0x08004cba   Section        0  radio.o(.rodata.str1.1)
    .data                                    0x20000000   Section        4  stdout.o(.data)
    adc_buff                                 0x20000e30   Data          24  bsp_adc.o(.bss.adc_buff)
    [Anonymous Symbol]                       0x20000e30   Section        0  bsp_adc.o(.bss.adc_buff)
    adc_buff_handle.buff_cnt                 0x20000e48   Data           1  bsp_adc.o(.bss.adc_buff_handle.buff_cnt)
    [Anonymous Symbol]                       0x20000e48   Section        0  bsp_adc.o(.bss.adc_buff_handle.buff_cnt)
    adc_buff_handle.new_value                0x20000e4c   Data           4  bsp_adc.o(.bss.adc_buff_handle.new_value)
    [Anonymous Symbol]                       0x20000e4c   Section        0  bsp_adc.o(.bss.adc_buff_handle.new_value)
    g_nInterrutFlags                         0x20000e66   Data           1  radio.o(.bss.g_nInterrutFlags)
    [Anonymous Symbol]                       0x20000e66   Section        0  radio.o(.bss.g_nInterrutFlags)
    g_nNextRFState                           0x20000e67   Data           1  radio.o(.bss.g_nNextRFState)
    [Anonymous Symbol]                       0x20000e67   Section        0  radio.o(.bss.g_nNextRFState)
    g_pRxBuffer                              0x20000e68   Data           4  radio.o(.bss.g_pRxBuffer)
    [Anonymous Symbol]                       0x20000e68   Section        0  radio.o(.bss.g_pRxBuffer)
    g_pTxBuffer                              0x20000e6c   Data           4  radio.o(.bss.g_pTxBuffer)
    [Anonymous Symbol]                       0x20000e6c   Section        0  radio.o(.bss.g_pTxBuffer)
    STACK                                    0x200014c8   Section     5376  startup_n32l40x.o(STACK)

    Global Symbols

    Symbol Name                              Value     Ov Type        Size  Object(Section)

    BuildAttributes$$THM_ISAv4$E$P$D$K$B$S$7EM$VFPi3$EXTD16$VFPS$VFMA$PE$A:L22UL41UL21$X:L11$S22US41US21$IEEE1$IW$~IW$USESV6$~STKCKD$USESV7$~SHL$OTIME$ROPI$EBA8$MICROLIB$REQ8$PRES8$EABIv2 0x00000000   Number         0  anon$$obj.o ABSOLUTE
    _printf_a                                0x00000000   Number         0  printfstubs.o ABSOLUTE
    _printf_c                                0x00000000   Number         0  printfstubs.o ABSOLUTE
    _printf_charcount                        0x00000000   Number         0  printfstubs.o ABSOLUTE
    _printf_d                                0x00000000   Number         0  printfstubs.o ABSOLUTE
    _printf_e                                0x00000000   Number         0  printfstubs.o ABSOLUTE
    _printf_f                                0x00000000   Number         0  printfstubs.o ABSOLUTE
    _printf_flags                            0x00000000   Number         0  printfstubs.o ABSOLUTE
    _printf_fp_dec                           0x00000000   Number         0  printfstubs.o ABSOLUTE
    _printf_fp_hex                           0x00000000   Number         0  printfstubs.o ABSOLUTE
    _printf_g                                0x00000000   Number         0  printfstubs.o ABSOLUTE
    _printf_i                                0x00000000   Number         0  printfstubs.o ABSOLUTE
    _printf_int_dec                          0x00000000   Number         0  printfstubs.o ABSOLUTE
    _printf_l                                0x00000000   Number         0  printfstubs.o ABSOLUTE
    _printf_lc                               0x00000000   Number         0  printfstubs.o ABSOLUTE
    _printf_ll                               0x00000000   Number         0  printfstubs.o ABSOLUTE
    _printf_lld                              0x00000000   Number         0  printfstubs.o ABSOLUTE
    _printf_lli                              0x00000000   Number         0  printfstubs.o ABSOLUTE
    _printf_llo                              0x00000000   Number         0  printfstubs.o ABSOLUTE
    _printf_llu                              0x00000000   Number         0  printfstubs.o ABSOLUTE
    _printf_llx                              0x00000000   Number         0  printfstubs.o ABSOLUTE
    _printf_longlong_dec                     0x00000000   Number         0  printfstubs.o ABSOLUTE
    _printf_longlong_hex                     0x00000000   Number         0  printfstubs.o ABSOLUTE
    _printf_longlong_oct                     0x00000000   Number         0  printfstubs.o ABSOLUTE
    _printf_ls                               0x00000000   Number         0  printfstubs.o ABSOLUTE
    _printf_mbtowc                           0x00000000   Number         0  printfstubs.o ABSOLUTE
    _printf_n                                0x00000000   Number         0  printfstubs.o ABSOLUTE
    _printf_o                                0x00000000   Number         0  printfstubs.o ABSOLUTE
    _printf_p                                0x00000000   Number         0  printfstubs.o ABSOLUTE
    _printf_percent                          0x00000000   Number         0  printfstubs.o ABSOLUTE
    _printf_pre_padding                      0x00000000   Number         0  printfstubs.o ABSOLUTE
    _printf_return_value                     0x00000000   Number         0  printfstubs.o ABSOLUTE
    _printf_s                                0x00000000   Number         0  printfstubs.o ABSOLUTE
    _printf_sizespec                         0x00000000   Number         0  printfstubs.o ABSOLUTE
    _printf_str                              0x00000000   Number         0  printfstubs.o ABSOLUTE
    _printf_truncate_signed                  0x00000000   Number         0  printfstubs.o ABSOLUTE
    _printf_truncate_unsigned                0x00000000   Number         0  printfstubs.o ABSOLUTE
    _printf_u                                0x00000000   Number         0  printfstubs.o ABSOLUTE
    _printf_wc                               0x00000000   Number         0  printfstubs.o ABSOLUTE
    _printf_wctomb                           0x00000000   Number         0  printfstubs.o ABSOLUTE
    _printf_widthprec                        0x00000000   Number         0  printfstubs.o ABSOLUTE
    _printf_x                                0x00000000   Number         0  printfstubs.o ABSOLUTE
    __cpp_initialize__aeabi_                  - Undefined Weak Reference
    __cxa_finalize                            - Undefined Weak Reference
    _clock_init                               - Undefined Weak Reference
    _microlib_exit                            - Undefined Weak Reference
    __Vectors_Size                           0x00000148   Number         0  startup_n32l40x.o ABSOLUTE
    __Vectors                                0x08000000   Data           4  startup_n32l40x.o(RESET)
    __Vectors_End                            0x08000148   Data           0  startup_n32l40x.o(RESET)
    __main                                   0x08000149   Thumb Code     0  entry.o(.ARM.Collect$$$$00000000)
    _main_stk                                0x08000149   Thumb Code     0  entry2.o(.ARM.Collect$$$$00000001)
    _main_scatterload                        0x0800014d   Thumb Code     0  entry5.o(.ARM.Collect$$$$00000004)
    __main_after_scatterload                 0x08000151   Thumb Code     0  entry5.o(.ARM.Collect$$$$00000004)
    _main_clock                              0x08000151   Thumb Code     0  entry7b.o(.ARM.Collect$$$$00000008)
    _main_cpp_init                           0x08000151   Thumb Code     0  entry8b.o(.ARM.Collect$$$$0000000A)
    _main_init                               0x08000151   Thumb Code     0  entry9a.o(.ARM.Collect$$$$0000000B)
    __rt_final_cpp                           0x08000159   Thumb Code     0  entry10a.o(.ARM.Collect$$$$0000000D)
    __rt_final_exit                          0x08000159   Thumb Code     0  entry11a.o(.ARM.Collect$$$$0000000F)
    Reset_Handler                            0x0800015d   Thumb Code     8  startup_n32l40x.o(.text)
    PendSV_Handler                           0x08000173   Thumb Code     2  startup_n32l40x.o(.text)
    ADC_IRQHandler                           0x08000177   Thumb Code     0  startup_n32l40x.o(.text)
    CAN_RX0_IRQHandler                       0x08000177   Thumb Code     0  startup_n32l40x.o(.text)
    CAN_RX1_IRQHandler                       0x08000177   Thumb Code     0  startup_n32l40x.o(.text)
    CAN_SCE_IRQHandler                       0x08000177   Thumb Code     0  startup_n32l40x.o(.text)
    CAN_TX_IRQHandler                        0x08000177   Thumb Code     0  startup_n32l40x.o(.text)
    COMP_1_2_IRQHandler                      0x08000177   Thumb Code     0  startup_n32l40x.o(.text)
    DMA_Channel1_IRQHandler                  0x08000177   Thumb Code     0  startup_n32l40x.o(.text)
    DMA_Channel2_IRQHandler                  0x08000177   Thumb Code     0  startup_n32l40x.o(.text)
    DMA_Channel3_IRQHandler                  0x08000177   Thumb Code     0  startup_n32l40x.o(.text)
    DMA_Channel4_IRQHandler                  0x08000177   Thumb Code     0  startup_n32l40x.o(.text)
    DMA_Channel5_IRQHandler                  0x08000177   Thumb Code     0  startup_n32l40x.o(.text)
    DMA_Channel6_IRQHandler                  0x08000177   Thumb Code     0  startup_n32l40x.o(.text)
    DMA_Channel7_IRQHandler                  0x08000177   Thumb Code     0  startup_n32l40x.o(.text)
    DMA_Channel8_IRQHandler                  0x08000177   Thumb Code     0  startup_n32l40x.o(.text)
    FLASH_IRQHandler                         0x08000177   Thumb Code     0  startup_n32l40x.o(.text)
    I2C1_ER_IRQHandler                       0x08000177   Thumb Code     0  startup_n32l40x.o(.text)
    I2C1_EV_IRQHandler                       0x08000177   Thumb Code     0  startup_n32l40x.o(.text)
    I2C2_ER_IRQHandler                       0x08000177   Thumb Code     0  startup_n32l40x.o(.text)
    I2C2_EV_IRQHandler                       0x08000177   Thumb Code     0  startup_n32l40x.o(.text)
    LCD_IRQHandler                           0x08000177   Thumb Code     0  startup_n32l40x.o(.text)
    LPTIM_WKUP_IRQHandler                    0x08000177   Thumb Code     0  startup_n32l40x.o(.text)
    LPUART_IRQHandler                        0x08000177   Thumb Code     0  startup_n32l40x.o(.text)
    LPUART_WKUP_IRQHandler                   0x08000177   Thumb Code     0  startup_n32l40x.o(.text)
    MMU_IRQHandler                           0x08000177   Thumb Code     0  startup_n32l40x.o(.text)
    PVD_IRQHandler                           0x08000177   Thumb Code     0  startup_n32l40x.o(.text)
    RAMC_PERR_IRQHandler                     0x08000177   Thumb Code     0  startup_n32l40x.o(.text)
    RCC_IRQHandler                           0x08000177   Thumb Code     0  startup_n32l40x.o(.text)
    RTCAlarm_IRQHandler                      0x08000177   Thumb Code     0  startup_n32l40x.o(.text)
    RTC_WKUP_IRQHandler                      0x08000177   Thumb Code     0  startup_n32l40x.o(.text)
    SAC_IRQHandler                           0x08000177   Thumb Code     0  startup_n32l40x.o(.text)
    SPI1_IRQHandler                          0x08000177   Thumb Code     0  startup_n32l40x.o(.text)
    SPI2_IRQHandler                          0x08000177   Thumb Code     0  startup_n32l40x.o(.text)
    TAMPER_IRQHandler                        0x08000177   Thumb Code     0  startup_n32l40x.o(.text)
    TIM1_BRK_IRQHandler                      0x08000177   Thumb Code     0  startup_n32l40x.o(.text)
    TIM1_CC_IRQHandler                       0x08000177   Thumb Code     0  startup_n32l40x.o(.text)
    TIM1_TRG_COM_IRQHandler                  0x08000177   Thumb Code     0  startup_n32l40x.o(.text)
    TIM1_UP_IRQHandler                       0x08000177   Thumb Code     0  startup_n32l40x.o(.text)
    TIM4_IRQHandler                          0x08000177   Thumb Code     0  startup_n32l40x.o(.text)
    TIM5_IRQHandler                          0x08000177   Thumb Code     0  startup_n32l40x.o(.text)
    TIM6_IRQHandler                          0x08000177   Thumb Code     0  startup_n32l40x.o(.text)
    TIM7_IRQHandler                          0x08000177   Thumb Code     0  startup_n32l40x.o(.text)
    TIM8_BRK_IRQHandler                      0x08000177   Thumb Code     0  startup_n32l40x.o(.text)
    TIM8_CC_IRQHandler                       0x08000177   Thumb Code     0  startup_n32l40x.o(.text)
    TIM8_TRG_COM_IRQHandler                  0x08000177   Thumb Code     0  startup_n32l40x.o(.text)
    TIM8_UP_IRQHandler                       0x08000177   Thumb Code     0  startup_n32l40x.o(.text)
    TIM9_IRQHandler                          0x08000177   Thumb Code     0  startup_n32l40x.o(.text)
    TSC_IRQHandler                           0x08000177   Thumb Code     0  startup_n32l40x.o(.text)
    UART4_IRQHandler                         0x08000177   Thumb Code     0  startup_n32l40x.o(.text)
    UCDR_IRQHandler                          0x08000177   Thumb Code     0  startup_n32l40x.o(.text)
    USBWakeUp_IRQHandler                     0x08000177   Thumb Code     0  startup_n32l40x.o(.text)
    USB_HP_IRQHandler                        0x08000177   Thumb Code     0  startup_n32l40x.o(.text)
    USB_LP_IRQHandler                        0x08000177   Thumb Code     0  startup_n32l40x.o(.text)
    WWDG_IRQHandler                          0x08000177   Thumb Code     0  startup_n32l40x.o(.text)
    __aeabi_memset                           0x08000181   Thumb Code    14  memseta.o(.text)
    __aeabi_memset4                          0x08000181   Thumb Code     0  memseta.o(.text)
    __aeabi_memset8                          0x08000181   Thumb Code     0  memseta.o(.text)
    __aeabi_memclr                           0x0800018f   Thumb Code     4  memseta.o(.text)
    __aeabi_memclr4                          0x0800018f   Thumb Code     0  memseta.o(.text)
    __aeabi_memclr8                          0x0800018f   Thumb Code     0  memseta.o(.text)
    _memset$wrapper                          0x08000193   Thumb Code    18  memseta.o(.text)
    __aeabi_uldivmod                         0x080001a5   Thumb Code    98  uldiv.o(.text)
    __scatterload                            0x08000209   Thumb Code    38  init.o(.text)
    __scatterload_rt2                        0x08000209   Thumb Code     0  init.o(.text)
    __aeabi_llsl                             0x08000239   Thumb Code    30  llshl.o(.text)
    _ll_shift_l                              0x08000239   Thumb Code     0  llshl.o(.text)
    __aeabi_llsr                             0x08000257   Thumb Code    32  llushr.o(.text)
    _ll_ushift_r                             0x08000257   Thumb Code     0  llushr.o(.text)
    __decompress                             0x08000277   Thumb Code     0  __dclz77c.o(.text)
    __decompress2                            0x08000277   Thumb Code    94  __dclz77c.o(.text)
    ADC_ClearFlag                            0x080002d5   Thumb Code    10  n32l40x_adc.o(.text.ADC_ClearFlag)
    ADC_ConfigClk                            0x080002e1   Thumb Code    44  n32l40x_adc.o(.text.ADC_ConfigClk)
    ADC_ConfigRegularChannel                 0x0800030d   Thumb Code   116  n32l40x_adc.o(.text.ADC_ConfigRegularChannel)
    ADC_Enable                               0x08000381   Thumb Code    16  n32l40x_adc.o(.text.ADC_Enable)
    ADC_EnableSoftwareStartConv              0x08000391   Thumb Code    18  n32l40x_adc.o(.text.ADC_EnableSoftwareStartConv)
    ADC_GetCalibrationStatus                 0x080003a5   Thumb Code    18  n32l40x_adc.o(.text.ADC_GetCalibrationStatus)
    ADC_GetDat                               0x080003b9   Thumb Code     6  n32l40x_adc.o(.text.ADC_GetDat)
    ADC_GetFlagStatus                        0x080003c1   Thumb Code    10  n32l40x_adc.o(.text.ADC_GetFlagStatus)
    ADC_GetFlagStatusNew                     0x080003cd   Thumb Code    10  n32l40x_adc.o(.text.ADC_GetFlagStatusNew)
    ADC_Init                                 0x080003d9   Thumb Code    92  n32l40x_adc.o(.text.ADC_Init)
    ADC_StartCalibration                     0x08000435   Thumb Code    18  n32l40x_adc.o(.text.ADC_StartCalibration)
    BusFault_Handler                         0x08000449   Thumb Code     2  bsp_interrupt.o(.text.BusFault_Handler)
    Cmt2300_ClearFifo                        0x0800044d   Thumb Code    22  cmt2300.o(.text.Cmt2300_ClearFifo)
    Cmt2300_ClearInterruptFlags              0x08000465   Thumb Code   154  cmt2300.o(.text.Cmt2300_ClearInterruptFlags)
    Cmt2300_ConfigRegBank                    0x08000501   Thumb Code    48  cmt2300.o(.text.Cmt2300_ConfigRegBank)
    Cmt2300_EnableAntennaSwitch              0x08000531   Thumb Code    44  cmt2300.o(.text.Cmt2300_EnableAntennaSwitch)
    Cmt2300_EnableInterrupt                  0x0800055d   Thumb Code     8  cmt2300.o(.text.Cmt2300_EnableInterrupt)
    Cmt2300_EnableLfosc                      0x08000565   Thumb Code    30  cmt2300.o(.text.Cmt2300_EnableLfosc)
    Cmt2300_EnableReadFifo                   0x08000585   Thumb Code    22  cmt2300.o(.text.Cmt2300_EnableReadFifo)
    Cmt2300_EnableWriteFifo                  0x0800059d   Thumb Code    22  cmt2300.o(.text.Cmt2300_EnableWriteFifo)
    Cmt2300_GoRx                             0x080005b5   Thumb Code    48  cmt2300.o(.text.Cmt2300_GoRx)
    Cmt2300_GoSleep                          0x080005e5   Thumb Code    48  cmt2300.o(.text.Cmt2300_GoSleep)
    Cmt2300_GoStby                           0x08000615   Thumb Code    48  cmt2300.o(.text.Cmt2300_GoStby)
    Cmt2300_GoTx                             0x08000645   Thumb Code    48  cmt2300.o(.text.Cmt2300_GoTx)
    Cmt2300_Init                             0x08000675   Thumb Code   100  cmt2300.o(.text.Cmt2300_Init)
    Cmt2300_InitGpio                         0x080006d9   Thumb Code     4  cmt2300_hal.o(.text.Cmt2300_InitGpio)
    Cmt2300_ReadFifo                         0x080006dd   Thumb Code     4  cmt2300_hal.o(.text.Cmt2300_ReadFifo)
    Cmt2300_ReadReg                          0x080006e1   Thumb Code    26  cmt2300_hal.o(.text.Cmt2300_ReadReg)
    Cmt2300_SoftReset                        0x080006fd   Thumb Code     8  cmt2300.o(.text.Cmt2300_SoftReset)
    Cmt2300_WriteFifo                        0x08000705   Thumb Code     4  cmt2300_hal.o(.text.Cmt2300_WriteFifo)
    Cmt2300_WriteReg                         0x08000709   Thumb Code     4  cmt2300_hal.o(.text.Cmt2300_WriteReg)
    DMA_DeInit                               0x0800070d   Thumb Code   188  n32l40x_dma.o(.text.DMA_DeInit)
    DMA_EnableChannel                        0x080007c9   Thumb Code    22  n32l40x_dma.o(.text.DMA_EnableChannel)
    DMA_Init                                 0x080007e1   Thumb Code    72  n32l40x_dma.o(.text.DMA_Init)
    DMA_RequestRemap                         0x08000829   Thumb Code    10  n32l40x_dma.o(.text.DMA_RequestRemap)
    DebugMon_Handler                         0x08000835   Thumb Code     2  bsp_interrupt.o(.text.DebugMon_Handler)
    EXTI0_IRQHandler                         0x08000839   Thumb Code    30  bsp_interrupt.o(.text.EXTI0_IRQHandler)
    EXTI15_10_IRQHandler                     0x08000859   Thumb Code    44  bsp_interrupt.o(.text.EXTI15_10_IRQHandler)
    EXTI1_IRQHandler                         0x08000885   Thumb Code    30  bsp_interrupt.o(.text.EXTI1_IRQHandler)
    EXTI2_IRQHandler                         0x080008a5   Thumb Code    30  bsp_interrupt.o(.text.EXTI2_IRQHandler)
    EXTI3_IRQHandler                         0x080008c5   Thumb Code    30  bsp_interrupt.o(.text.EXTI3_IRQHandler)
    EXTI4_IRQHandler                         0x080008e5   Thumb Code    30  bsp_interrupt.o(.text.EXTI4_IRQHandler)
    EXTI9_5_IRQHandler                       0x08000905   Thumb Code    44  bsp_interrupt.o(.text.EXTI9_5_IRQHandler)
    EXTI_ClrITPendBit                        0x08000931   Thumb Code    12  n32l40x_exti.o(.text.EXTI_ClrITPendBit)
    EXTI_GetITStatus                         0x0800093d   Thumb Code    30  n32l40x_exti.o(.text.EXTI_GetITStatus)
    FLASH_PrefetchBufSet                     0x0800095d   Thumb Code    24  n32l40x_flash.o(.text.FLASH_PrefetchBufSet)
    FLASH_SetLatency                         0x08000975   Thumb Code    20  n32l40x_flash.o(.text.FLASH_SetLatency)
    GPIO_InitPeripheral                      0x08000989   Thumb Code   392  n32l40x_gpio.o(.text.GPIO_InitPeripheral)
    GPIO_InitStruct                          0x08000b11   Thumb Code    18  n32l40x_gpio.o(.text.GPIO_InitStruct)
    GPIO_ReadInputDataBit                    0x08000b25   Thumb Code    10  n32l40x_gpio.o(.text.GPIO_ReadInputDataBit)
    GPIO_ResetBits                           0x08000b31   Thumb Code     4  n32l40x_gpio.o(.text.GPIO_ResetBits)
    GPIO_SetBits                             0x08000b35   Thumb Code     4  n32l40x_gpio.o(.text.GPIO_SetBits)
    HAL_GPIO_EXTI_Callback                   0x08000b39   Thumb Code    28  bsp_io.o(.text.HAL_GPIO_EXTI_Callback)
    HAL_IncTick                              0x08000b55   Thumb Code    16  bsp_timer.o(.text.HAL_IncTick)
    HAL_TIM_PeriodElapsedCallback            0x08000b65   Thumb Code    80  bsp_timer.o(.text.HAL_TIM_PeriodElapsedCallback)
    HAL_UART_ErrorCallback                   0x08000bb5   Thumb Code     2  bsp_usart.o(.text.HAL_UART_ErrorCallback)
    HAL_UART_IdleCallback                    0x08000bb9   Thumb Code    52  bsp_usart.o(.text.HAL_UART_IdleCallback)
    HAL_UART_MspDeInit                       0x08000bed   Thumb Code   252  bsp_usart.o(.text.HAL_UART_MspDeInit)
    HAL_UART_MspInit                         0x08000ce9   Thumb Code   456  bsp_usart.o(.text.HAL_UART_MspInit)
    HAL_UART_RxCpltCallback                  0x08000eb1   Thumb Code    52  bsp_usart.o(.text.HAL_UART_RxCpltCallback)
    HardFault_Handler                        0x08000ee5   Thumb Code     2  bsp_interrupt.o(.text.HardFault_Handler)
    IWDG_ReloadKey                           0x08000ee9   Thumb Code    16  n32l40x_iwdg.o(.text.IWDG_ReloadKey)
    MemManage_Handler                        0x08000ef9   Thumb Code     2  bsp_interrupt.o(.text.MemManage_Handler)
    NMI_Handler                              0x08000efd   Thumb Code     2  bsp_interrupt.o(.text.NMI_Handler)
    NVIC_Init                                0x08000f01   Thumb Code    94  misc.o(.text.NVIC_Init)
    NVIC_PriorityGroupConfig                 0x08000f61   Thumb Code    20  misc.o(.text.NVIC_PriorityGroupConfig)
    OLED_Clear                               0x08000f75   Thumb Code    52  oled.o(.text.OLED_Clear)
    OLED_DMA_Init                            0x08000fa9   Thumb Code   122  oled_spi.o(.text.OLED_DMA_Init)
    OLED_Init                                0x08001025   Thumb Code    14  oled.o(.text.OLED_Init)
    OLED_Long_HZ                             0x08001035   Thumb Code  1028  oled.o(.text.OLED_Long_HZ)
    OLED_Reg_Init                            0x08001439   Thumb Code   972  oled.o(.text.OLED_Reg_Init)
    OLED_SPI_Init                            0x08001805   Thumb Code   220  oled_spi.o(.text.OLED_SPI_Init)
    OLED_ZFC                                 0x080018e1   Thumb Code   202  oled.o(.text.OLED_ZFC)
    RCC_ConfigAdc1mClk                       0x080019ad   Thumb Code    22  n32l40x_rcc.o(.text.RCC_ConfigAdc1mClk)
    RCC_ConfigAdcHclk                        0x080019c5   Thumb Code    20  n32l40x_rcc.o(.text.RCC_ConfigAdcHclk)
    RCC_ConfigAdcPllClk                      0x080019d9   Thumb Code    28  n32l40x_rcc.o(.text.RCC_ConfigAdcPllClk)
    RCC_ConfigHclk                           0x080019f5   Thumb Code    20  n32l40x_rcc.o(.text.RCC_ConfigHclk)
    RCC_ConfigPclk1                          0x08001a09   Thumb Code    20  n32l40x_rcc.o(.text.RCC_ConfigPclk1)
    RCC_ConfigPclk2                          0x08001a1d   Thumb Code    22  n32l40x_rcc.o(.text.RCC_ConfigPclk2)
    RCC_ConfigPll                            0x08001a35   Thumb Code    56  n32l40x_rcc.o(.text.RCC_ConfigPll)
    RCC_ConfigSysclk                         0x08001a6d   Thumb Code    20  n32l40x_rcc.o(.text.RCC_ConfigSysclk)
    RCC_EnableAHBPeriphClk                   0x08001a81   Thumb Code    24  n32l40x_rcc.o(.text.RCC_EnableAHBPeriphClk)
    RCC_EnableAPB1PeriphClk                  0x08001a99   Thumb Code    24  n32l40x_rcc.o(.text.RCC_EnableAPB1PeriphClk)
    RCC_EnableAPB1PeriphReset                0x08001ab1   Thumb Code    24  n32l40x_rcc.o(.text.RCC_EnableAPB1PeriphReset)
    RCC_EnableAPB2PeriphClk                  0x08001ac9   Thumb Code    24  n32l40x_rcc.o(.text.RCC_EnableAPB2PeriphClk)
    RCC_EnableAPB2PeriphReset                0x08001ae1   Thumb Code    24  n32l40x_rcc.o(.text.RCC_EnableAPB2PeriphReset)
    RCC_EnableHsi                            0x08001af9   Thumb Code    10  n32l40x_rcc.o(.text.RCC_EnableHsi)
    RCC_EnablePll                            0x08001b05   Thumb Code    10  n32l40x_rcc.o(.text.RCC_EnablePll)
    RCC_GetClocksFreqValue                   0x08001b11   Thumb Code   216  n32l40x_rcc.o(.text.RCC_GetClocksFreqValue)
    RCC_GetFlagStatus                        0x08001c35   Thumb Code    38  n32l40x_rcc.o(.text.RCC_GetFlagStatus)
    RCC_GetSysclkSrc                         0x08001c5d   Thumb Code    16  n32l40x_rcc.o(.text.RCC_GetSysclkSrc)
    RCC_WaitHsiStable                        0x08001c6d   Thumb Code    48  n32l40x_rcc.o(.text.RCC_WaitHsiStable)
    RFInit                                   0x08001c9d   Thumb Code     4  rf.o(.text.RFInit)
    RFRevData                                0x08001ca1   Thumb Code    90  rf.o(.text.RFRevData)
    RFRxMode                                 0x08001cfd   Thumb Code    18  rf.o(.text.RFRxMode)
    RF_Init                                  0x08001d11   Thumb Code   148  radio.o(.text.RF_Init)
    RF_Process                               0x08001da5   Thumb Code   598  radio.o(.text.RF_Process)
    RF_StartRx                               0x08001ffd   Thumb Code    24  radio.o(.text.RF_StartRx)
    RS485_SendStr_length                     0x08002015   Thumb Code    88  485_1.o(.text.RS485_SendStr_length)
    SPI_Enable                               0x0800206d   Thumb Code    20  n32l40x_spi.o(.text.SPI_Enable)
    SPI_I2S_EnableDma                        0x08002081   Thumb Code    16  n32l40x_spi.o(.text.SPI_I2S_EnableDma)
    SPI_I2S_GetStatus                        0x08002091   Thumb Code    10  n32l40x_spi.o(.text.SPI_I2S_GetStatus)
    SPI_I2S_TransmitData                     0x0800209d   Thumb Code     4  n32l40x_spi.o(.text.SPI_I2S_TransmitData)
    SPI_Init                                 0x080020a1   Thumb Code    70  n32l40x_spi.o(.text.SPI_Init)
    SPI_SSOutputEnable                       0x080020e9   Thumb Code    20  n32l40x_spi.o(.text.SPI_SSOutputEnable)
    SVC_Handler                              0x080020fd   Thumb Code     2  bsp_interrupt.o(.text.SVC_Handler)
    SysTick_CLKSourceConfig                  0x08002101   Thumb Code    24  misc.o(.text.SysTick_CLKSourceConfig)
    SysTick_Handler                          0x08002119   Thumb Code     4  bsp_interrupt.o(.text.SysTick_Handler)
    SystemClock_Config                       0x0800211d   Thumb Code   206  main.o(.text.SystemClock_Config)
    SystemInit                               0x080021ed   Thumb Code   432  system_n32l40x.o(.text.SystemInit)
    TIM2_IRQHandler                          0x0800239d   Thumb Code    40  bsp_interrupt.o(.text.TIM2_IRQHandler)
    TIM3_IRQHandler                          0x080023c5   Thumb Code   258  motor.o(.text.TIM3_IRQHandler)
    TIM_ClrIntPendingBit                     0x080024c9   Thumb Code     6  n32l40x_tim.o(.text.TIM_ClrIntPendingBit)
    TIM_ConfigInt                            0x080024d1   Thumb Code    16  n32l40x_tim.o(.text.TIM_ConfigInt)
    TIM_ConfigPrescaler                      0x080024e1   Thumb Code     6  n32l40x_tim.o(.text.TIM_ConfigPrescaler)
    TIM_Enable                               0x080024e9   Thumb Code    16  n32l40x_tim.o(.text.TIM_Enable)
    TIM_GetIntStatus                         0x080024f9   Thumb Code    26  n32l40x_tim.o(.text.TIM_GetIntStatus)
    TIM_InitTimeBase                         0x08002515   Thumb Code   396  n32l40x_tim.o(.text.TIM_InitTimeBase)
    UART5_IRQHandler                         0x080026a1   Thumb Code   124  bsp_interrupt.o(.text.UART5_IRQHandler)
    UART_TxCallback                          0x0800271d   Thumb Code    80  bsp_usart.o(.text.UART_TxCallback)
    USART1_IRQHandler                        0x0800276d   Thumb Code   114  bsp_interrupt.o(.text.USART1_IRQHandler)
    USART2_IRQHandler                        0x080027e1   Thumb Code    68  485_1.o(.text.USART2_IRQHandler)
    USART3_IRQHandler                        0x08002825   Thumb Code   124  bsp_interrupt.o(.text.USART3_IRQHandler)
    USART_ClrIntPendingBit                   0x080028a1   Thumb Code    14  n32l40x_usart.o(.text.USART_ClrIntPendingBit)
    USART_ConfigInt                          0x080028b1   Thumb Code    46  n32l40x_usart.o(.text.USART_ConfigInt)
    USART_DeInit                             0x080028e1   Thumb Code   174  n32l40x_usart.o(.text.USART_DeInit)
    USART_Enable                             0x08002991   Thumb Code    20  n32l40x_usart.o(.text.USART_Enable)
    USART_GetFlagStatus                      0x080029a5   Thumb Code    10  n32l40x_usart.o(.text.USART_GetFlagStatus)
    USART_GetIntStatus                       0x080029b1   Thumb Code    50  n32l40x_usart.o(.text.USART_GetIntStatus)
    USART_Init                               0x080029e5   Thumb Code   170  n32l40x_usart.o(.text.USART_Init)
    USART_ReceiveData                        0x08002a91   Thumb Code     8  n32l40x_usart.o(.text.USART_ReceiveData)
    USART_SendData                           0x08002a99   Thumb Code     8  n32l40x_usart.o(.text.USART_SendData)
    USART_StructInit                         0x08002aa1   Thumb Code    18  n32l40x_usart.o(.text.USART_StructInit)
    UsageFault_Handler                       0x08002ab5   Thumb Code     2  bsp_interrupt.o(.text.UsageFault_Handler)
    clean_rebuff                             0x08002ab9   Thumb Code    32  485_1.o(.text.clean_rebuff)
    cmt_spi3_init                            0x08002ad9   Thumb Code   164  cmt_spi3.o(.text.cmt_spi3_init)
    cmt_spi3_read                            0x08002b7d   Thumb Code   318  cmt_spi3.o(.text.cmt_spi3_read)
    cmt_spi3_read_fifo                       0x08002cbd   Thumb Code   332  cmt_spi3.o(.text.cmt_spi3_read_fifo)
    cmt_spi3_write                           0x08002e09   Thumb Code   312  cmt_spi3.o(.text.cmt_spi3_write)
    cmt_spi3_write_fifo                      0x08002f41   Thumb Code   342  cmt_spi3.o(.text.cmt_spi3_write_fifo)
    delay_ms                                 0x08003099   Thumb Code    42  delay.o(.text.delay_ms)
    delay_us                                 0x080030c5   Thumb Code    38  delay.o(.text.delay_us)
    fputc                                    0x080030ed   Thumb Code    56  bsp_usart.o(.text.fputc)
    get_dir_state                            0x08003125   Thumb Code    12  motor.o(.text.get_dir_state)
    get_rebuff                               0x08003131   Thumb Code    24  485_1.o(.text.get_rebuff)
    hall_detect                              0x08003149   Thumb Code   130  motor.o(.text.hall_detect)
    main                                     0x080031cd   Thumb Code   284  main.o(.text.main)
    motor_dir_diff                           0x080032fd   Thumb Code    58  motor.o(.text.motor_dir_diff)
    motor_init                               0x08003339   Thumb Code   270  motor.o(.text.motor_init)
    motor_mode                               0x08003449   Thumb Code   214  motor.o(.text.motor_mode)
    motor_set_dir                            0x08003521   Thumb Code    12  motor.o(.text.motor_set_dir)
    oled_show_line2                          0x0800352d   Thumb Code   280  oled_show.o(.text.oled_show_line2)
    rs485_init                               0x0800364d   Thumb Code   220  485_1.o(.text.rs485_init)
    rx_data_hadle                            0x08003729   Thumb Code   348  protocol.o(.text.rx_data_hadle)
    usGetMCUADCVolt                          0x080038b9   Thumb Code   178  bsp_adc.o(.text.usGetMCUADCVolt)
    vBSP_ADC_Init                            0x0800396d   Thumb Code   146  bsp_adc.o(.text.vBSP_ADC_Init)
    vBSP_DelayMs                             0x08003a01   Thumb Code     6  bsp_timer.o(.text.vBSP_DelayMs)
    vBSP_GpioDeinit                          0x08003a09   Thumb Code   286  bsp_io.o(.text.vBSP_GpioDeinit)
    vBSP_Port_FullSpeed                      0x08003b29   Thumb Code    86  bsp_io.o(.text.vBSP_Port_FullSpeed)
    vBSP_Timer1Init                          0x08003b81   Thumb Code   144  bsp_timer.o(.text.vBSP_Timer1Init)
    vBSP_USARTInit                           0x08003c11   Thumb Code   598  bsp_usart.o(.text.vBSP_USARTInit)
    vBSP_WDG_Refresh                         0x08003e69   Thumb Code     4  bsp_wdg.o(.text.vBSP_WDG_Refresh)
    vPower_Device                            0x08003e6d   Thumb Code   150  bsp_adc.o(.text.vPower_Device)
    vPower_Motor                             0x08003f05   Thumb Code    10  bsp_adc.o(.text.vPower_Motor)
    xy_frame_calc_xor                        0x08003f11   Thumb Code    30  api.o(.text.xy_frame_calc_xor)
    __0printf$8                              0x08003f31   Thumb Code    22  printf8.o(i.__0printf$8)
    __1printf$8                              0x08003f31   Thumb Code     0  printf8.o(i.__0printf$8)
    __2printf                                0x08003f31   Thumb Code     0  printf8.o(i.__0printf$8)
    __0sprintf$8                             0x08003f51   Thumb Code    34  printf8.o(i.__0sprintf$8)
    __1sprintf$8                             0x08003f51   Thumb Code     0  printf8.o(i.__0sprintf$8)
    __2sprintf                               0x08003f51   Thumb Code     0  printf8.o(i.__0sprintf$8)
    __scatterload_copy                       0x08003f79   Thumb Code    14  handlers.o(i.__scatterload_copy)
    __scatterload_null                       0x08003f87   Thumb Code     2  handlers.o(i.__scatterload_null)
    __scatterload_zeroinit                   0x08003f89   Thumb Code    14  handlers.o(i.__scatterload_zeroinit)
    puts                                     0x08004405   Thumb Code    30  puts.o(i.puts)
    YIN_F6X8                                 0x08004428   Data         552  oled.o(.rodata.YIN_F6X8)
    YIN_F8X16                                0x08004650   Data        1520  oled.o(.rodata.YIN_F8X16)
    g_cmt2300BasebandBank                    0x08004c50   Data          29  radio.o(.rodata.g_cmt2300BasebandBank)
    g_cmt2300CmtBank                         0x08004c6d   Data          12  radio.o(.rodata.g_cmt2300CmtBank)
    g_cmt2300DataRateBank                    0x08004c79   Data          24  radio.o(.rodata.g_cmt2300DataRateBank)
    g_cmt2300FrequencyBank                   0x08004c91   Data           8  radio.o(.rodata.g_cmt2300FrequencyBank)
    g_cmt2300SystemBank                      0x08004c99   Data          12  radio.o(.rodata.g_cmt2300SystemBank)
    g_cmt2300TxBank                          0x08004ca5   Data          11  radio.o(.rodata.g_cmt2300TxBank)
    Region$$Table$$Base                      0x08004ccc   Number         0  anon$$obj.o(Region$$Table)
    Region$$Table$$Limit                     0x08004cec   Number         0  anon$$obj.o(Region$$Table)
    __stdout                                 0x20000000   Data           4  stdout.o(.data)
    HZ1                                      0x20000004   Data         768  oled.o(.data.HZ1)
    HZ2                                      0x20000304   Data        1728  oled.o(.data.HZ2)
    SystemCoreClock                          0x200009c4   Data           4  system_n32l40x.o(.data.SystemCoreClock)
    g_nRxLength                              0x200009c8   Data           2  radio.o(.data.g_nRxLength)
    g_nTxLength                              0x200009ca   Data           2  radio.o(.data.g_nTxLength)
    heart_frame                              0x200009cc   Data           7  protocol.o(.data.heart_frame)
    ucTIM_20msFlg                            0x200009d3   Data           1  bsp_timer.o(.data.ucTIM_20msFlg)
    ucTIM_50msFlg                            0x200009d4   Data           1  bsp_timer.o(.data.ucTIM_50msFlg)
    DEV_NET_ERR                              0x200009d8   Data           1  protocol.o(.bss.DEV_NET_ERR)
    DMA_InitStructure                        0x200009dc   Data          44  oled_spi.o(.bss.DMA_InitStructure)
    GPIO_InitStructure                       0x20000a08   Data          16  oled_spi.o(.bss.GPIO_InitStructure)
    OLED_SRAM                                0x20000a18   Data        1024  oled.o(.bss.OLED_SRAM)
    OLED_zfc                                 0x20000e18   Data           1  oled_show.o(.bss.OLED_zfc)
    Power_Voltage                            0x20000e1a   Data           2  bsp_adc.o(.bss.Power_Voltage)
    SPI_InitStructure                        0x20000e1c   Data          18  oled_spi.o(.bss.SPI_InitStructure)
    Speed_up_flag                            0x20000e2e   Data           1  motor.o(.bss.Speed_up_flag)
    beep_cnt50ms                             0x20000e50   Data           1  main.o(.bss.beep_cnt50ms)
    beep_flag                                0x20000e51   Data           1  main.o(.bss.beep_flag)
    cnt_10us_1                               0x20000e52   Data           2  motor.o(.bss.cnt_10us_1)
    cnt_10us_2                               0x20000e54   Data           2  motor.o(.bss.cnt_10us_2)
    cnt_10us_d                               0x20000e58   Data           4  motor.o(.bss.cnt_10us_d)
    coast_flag                               0x20000e5c   Data           1  motor.o(.bss.coast_flag)
    dev_s                                    0x20000e5d   Data           6  oled_show.o(.bss.dev_s)
    dev_vol                                  0x20000e64   Data           2  main.o(.bss.dev_vol)
    iRev                                     0x20000e70   Data           2  rf.o(.bss.iRev)
    len                                      0x20000e72   Data           2  main.o(.bss.len)
    motor_dir                                0x20000e74   Data           1  motor.o(.bss.motor_dir)
    motor_pwm                                0x20000e75   Data           1  motor.o(.bss.motor_pwm)
    motor_vol                                0x20000e76   Data           2  main.o(.bss.motor_vol)
    pbuf                                     0x20000e78   Data           4  main.o(.bss.pbuf)
    revBuf                                   0x20000e7c   Data         128  rf.o(.bss.revBuf)
    st_gUsartBLE                             0x20000efc   Data           8  bsp_usart.o(.bss.st_gUsartBLE)
    st_gUsartDebug                           0x20000f04   Data           8  bsp_usart.o(.bss.st_gUsartDebug)
    st_gUsartLCD1                            0x20000f0c   Data           8  bsp_usart.o(.bss.st_gUsartLCD1)
    st_gUsartLCD2                            0x20000f14   Data           8  bsp_usart.o(.bss.st_gUsartLCD2)
    u16_gUartTxCnt                           0x20000f1c   Data           2  bsp_usart.o(.bss.u16_gUartTxCnt)
    u8_gUartRevPool1                         0x20000f1e   Data         100  bsp_usart.o(.bss.u8_gUartRevPool1)
    u8_gUartRevPool2                         0x20000f82   Data         100  bsp_usart.o(.bss.u8_gUartRevPool2)
    u8_gUartRevPool3                         0x20000fe6   Data         100  bsp_usart.o(.bss.u8_gUartRevPool3)
    u8_gUartRevPool4                         0x2000104a   Data         100  bsp_usart.o(.bss.u8_gUartRevPool4)
    u8_pUartTxData                           0x200010b0   Data           4  bsp_usart.o(.bss.u8_pUartTxData)
    uart_buff                                0x200010b4   Data        1024  485_1.o(.bss.uart_buff)
    uart_p                                   0x200014b4   Data           2  485_1.o(.bss.uart_p)
    ulTimer1ms                               0x200014b8   Data           4  bsp_timer.o(.bss.ulTimer1ms)
    ulTimer1ms_1                             0x200014bc   Data           4  bsp_timer.o(.bss.ulTimer1ms_1)
    uwTick                                   0x200014c0   Data           4  bsp_timer.o(.bss.uwTick)
    __initial_sp                             0x200029c8   Data           0  startup_n32l40x.o(STACK)



==============================================================================

Memory Map of the image

  Image Entry point : 0x08000149

  Load Region LR_IROM1 (Base: 0x08000000, Size: 0x000056c8, Max: 0x00020000, ABSOLUTE, COMPRESSED[0x000050f0])

    Execution Region ER_IROM1 (Exec base: 0x08000000, Load base: 0x08000000, Size: 0x00004cec, Max: 0x00020000, ABSOLUTE)

    Exec Addr    Load Addr    Size         Type   Attr      Idx    E Section Name        Object

    0x08000000   0x08000000   0x00000148   Data   RO           22    RESET               startup_n32l40x.o
    0x08000148   0x08000148   0x00000000   Code   RO         2154  * .ARM.Collect$$$$00000000  mc_w.l(entry.o)
    0x08000148   0x08000148   0x00000004   Code   RO         2424    .ARM.Collect$$$$00000001  mc_w.l(entry2.o)
    0x0800014c   0x0800014c   0x00000004   Code   RO         2427    .ARM.Collect$$$$00000004  mc_w.l(entry5.o)
    0x08000150   0x08000150   0x00000000   Code   RO         2429    .ARM.Collect$$$$00000008  mc_w.l(entry7b.o)
    0x08000150   0x08000150   0x00000000   Code   RO         2431    .ARM.Collect$$$$0000000A  mc_w.l(entry8b.o)
    0x08000150   0x08000150   0x00000008   Code   RO         2432    .ARM.Collect$$$$0000000B  mc_w.l(entry9a.o)
    0x08000158   0x08000158   0x00000000   Code   RO         2434    .ARM.Collect$$$$0000000D  mc_w.l(entry10a.o)
    0x08000158   0x08000158   0x00000000   Code   RO         2436    .ARM.Collect$$$$0000000F  mc_w.l(entry11a.o)
    0x08000158   0x08000158   0x00000004   Code   RO         2425    .ARM.Collect$$$$00002712  mc_w.l(entry2.o)
    0x0800015c   0x0800015c   0x00000024   Code   RO           23    .text               startup_n32l40x.o
    0x08000180   0x08000180   0x00000024   Code   RO         2161    .text               mc_w.l(memseta.o)
    0x080001a4   0x080001a4   0x00000062   Code   RO         2450    .text               mc_w.l(uldiv.o)
    0x08000206   0x08000206   0x00000002   PAD
    0x08000208   0x08000208   0x00000030   Code   RO         2463    .text               mc_w.l(init.o)
    0x08000238   0x08000238   0x0000001e   Code   RO         2465    .text               mc_w.l(llshl.o)
    0x08000256   0x08000256   0x00000020   Code   RO         2467    .text               mc_w.l(llushr.o)
    0x08000276   0x08000276   0x0000005e   Code   RO         2481    .text               mc_w.l(__dclz77c.o)
    0x080002d4   0x080002d4   0x0000000a   Code   RO          108    .text.ADC_ClearFlag  n32l40x_adc.o
    0x080002de   0x080002de   0x00000002   PAD
    0x080002e0   0x080002e0   0x0000002c   Code   RO          122    .text.ADC_ConfigClk  n32l40x_adc.o
    0x0800030c   0x0800030c   0x00000074   Code   RO           72    .text.ADC_ConfigRegularChannel  n32l40x_adc.o
    0x08000380   0x08000380   0x00000010   Code   RO           54    .text.ADC_Enable    n32l40x_adc.o
    0x08000390   0x08000390   0x00000012   Code   RO           64    .text.ADC_EnableSoftwareStartConv  n32l40x_adc.o
    0x080003a2   0x080003a2   0x00000002   PAD
    0x080003a4   0x080003a4   0x00000012   Code   RO           62    .text.ADC_GetCalibrationStatus  n32l40x_adc.o
    0x080003b6   0x080003b6   0x00000002   PAD
    0x080003b8   0x080003b8   0x00000006   Code   RO           76    .text.ADC_GetDat    n32l40x_adc.o
    0x080003be   0x080003be   0x00000002   PAD
    0x080003c0   0x080003c0   0x0000000a   Code   RO          106    .text.ADC_GetFlagStatus  n32l40x_adc.o
    0x080003ca   0x080003ca   0x00000002   PAD
    0x080003cc   0x080003cc   0x0000000a   Code   RO          116    .text.ADC_GetFlagStatusNew  n32l40x_adc.o
    0x080003d6   0x080003d6   0x00000002   PAD
    0x080003d8   0x080003d8   0x0000005c   Code   RO           50    .text.ADC_Init      n32l40x_adc.o
    0x08000434   0x08000434   0x00000012   Code   RO           60    .text.ADC_StartCalibration  n32l40x_adc.o
    0x08000446   0x08000446   0x00000002   PAD
    0x08000448   0x08000448   0x00000002   Code   RO         1707    .text.BusFault_Handler  bsp_interrupt.o
    0x0800044a   0x0800044a   0x00000002   PAD
    0x0800044c   0x0800044c   0x00000016   Code   RO         2008    .text.Cmt2300_ClearFifo  cmt2300.o
    0x08000462   0x08000462   0x00000002   PAD
    0x08000464   0x08000464   0x0000009a   Code   RO         2010    .text.Cmt2300_ClearInterruptFlags  cmt2300.o
    0x080004fe   0x080004fe   0x00000002   PAD
    0x08000500   0x08000500   0x00000030   Code   RO         2036    .text.Cmt2300_ConfigRegBank  cmt2300.o
    0x08000530   0x08000530   0x0000002c   Code   RO         1994    .text.Cmt2300_EnableAntennaSwitch  cmt2300.o
    0x0800055c   0x0800055c   0x00000008   Code   RO         1996    .text.Cmt2300_EnableInterrupt  cmt2300.o
    0x08000564   0x08000564   0x0000001e   Code   RO         2030    .text.Cmt2300_EnableLfosc  cmt2300.o
    0x08000582   0x08000582   0x00000002   PAD
    0x08000584   0x08000584   0x00000016   Code   RO         2002    .text.Cmt2300_EnableReadFifo  cmt2300.o
    0x0800059a   0x0800059a   0x00000002   PAD
    0x0800059c   0x0800059c   0x00000016   Code   RO         2004    .text.Cmt2300_EnableWriteFifo  cmt2300.o
    0x080005b2   0x080005b2   0x00000002   PAD
    0x080005b4   0x080005b4   0x00000030   Code   RO         1984    .text.Cmt2300_GoRx  cmt2300.o
    0x080005e4   0x080005e4   0x00000030   Code   RO         1974    .text.Cmt2300_GoSleep  cmt2300.o
    0x08000614   0x08000614   0x00000030   Code   RO         1976    .text.Cmt2300_GoStby  cmt2300.o
    0x08000644   0x08000644   0x00000030   Code   RO         1982    .text.Cmt2300_GoTx  cmt2300.o
    0x08000674   0x08000674   0x00000064   Code   RO         2034    .text.Cmt2300_Init  cmt2300.o
    0x080006d8   0x080006d8   0x00000004   Code   RO         2074    .text.Cmt2300_InitGpio  cmt2300_hal.o
    0x080006dc   0x080006dc   0x00000004   Code   RO         2080    .text.Cmt2300_ReadFifo  cmt2300_hal.o
    0x080006e0   0x080006e0   0x0000001a   Code   RO         2076    .text.Cmt2300_ReadReg  cmt2300_hal.o
    0x080006fa   0x080006fa   0x00000002   PAD
    0x080006fc   0x080006fc   0x00000008   Code   RO         1968    .text.Cmt2300_SoftReset  cmt2300.o
    0x08000704   0x08000704   0x00000004   Code   RO         2082    .text.Cmt2300_WriteFifo  cmt2300_hal.o
    0x08000708   0x08000708   0x00000004   Code   RO         2078    .text.Cmt2300_WriteReg  cmt2300_hal.o
    0x0800070c   0x0800070c   0x000000bc   Code   RO          330    .text.DMA_DeInit    n32l40x_dma.o
    0x080007c8   0x080007c8   0x00000016   Code   RO          336    .text.DMA_EnableChannel  n32l40x_dma.o
    0x080007de   0x080007de   0x00000002   PAD
    0x080007e0   0x080007e0   0x00000048   Code   RO          332    .text.DMA_Init      n32l40x_dma.o
    0x08000828   0x08000828   0x0000000a   Code   RO          352    .text.DMA_RequestRemap  n32l40x_dma.o
    0x08000832   0x08000832   0x00000002   PAD
    0x08000834   0x08000834   0x00000002   Code   RO         1713    .text.DebugMon_Handler  bsp_interrupt.o
    0x08000836   0x08000836   0x00000002   PAD
    0x08000838   0x08000838   0x0000001e   Code   RO         1719    .text.EXTI0_IRQHandler  bsp_interrupt.o
    0x08000856   0x08000856   0x00000002   PAD
    0x08000858   0x08000858   0x0000002c   Code   RO         1731    .text.EXTI15_10_IRQHandler  bsp_interrupt.o
    0x08000884   0x08000884   0x0000001e   Code   RO         1721    .text.EXTI1_IRQHandler  bsp_interrupt.o
    0x080008a2   0x080008a2   0x00000002   PAD
    0x080008a4   0x080008a4   0x0000001e   Code   RO         1723    .text.EXTI2_IRQHandler  bsp_interrupt.o
    0x080008c2   0x080008c2   0x00000002   PAD
    0x080008c4   0x080008c4   0x0000001e   Code   RO         1725    .text.EXTI3_IRQHandler  bsp_interrupt.o
    0x080008e2   0x080008e2   0x00000002   PAD
    0x080008e4   0x080008e4   0x0000001e   Code   RO         1727    .text.EXTI4_IRQHandler  bsp_interrupt.o
    0x08000902   0x08000902   0x00000002   PAD
    0x08000904   0x08000904   0x0000002c   Code   RO         1729    .text.EXTI9_5_IRQHandler  bsp_interrupt.o
    0x08000930   0x08000930   0x0000000c   Code   RO          376    .text.EXTI_ClrITPendBit  n32l40x_exti.o
    0x0800093c   0x0800093c   0x0000001e   Code   RO          374    .text.EXTI_GetITStatus  n32l40x_exti.o
    0x0800095a   0x0800095a   0x00000002   PAD
    0x0800095c   0x0800095c   0x00000018   Code   RO          390    .text.FLASH_PrefetchBufSet  n32l40x_flash.o
    0x08000974   0x08000974   0x00000014   Code   RO          388    .text.FLASH_SetLatency  n32l40x_flash.o
    0x08000988   0x08000988   0x00000188   Code   RO          468    .text.GPIO_InitPeripheral  n32l40x_gpio.o
    0x08000b10   0x08000b10   0x00000012   Code   RO          470    .text.GPIO_InitStruct  n32l40x_gpio.o
    0x08000b22   0x08000b22   0x00000002   PAD
    0x08000b24   0x08000b24   0x0000000a   Code   RO          472    .text.GPIO_ReadInputDataBit  n32l40x_gpio.o
    0x08000b2e   0x08000b2e   0x00000002   PAD
    0x08000b30   0x08000b30   0x00000004   Code   RO          484    .text.GPIO_ResetBits  n32l40x_gpio.o
    0x08000b34   0x08000b34   0x00000004   Code   RO          480    .text.GPIO_SetBits  n32l40x_gpio.o
    0x08000b38   0x08000b38   0x0000001c   Code   RO         1536    .text.HAL_GPIO_EXTI_Callback  bsp_io.o
    0x08000b54   0x08000b54   0x00000010   Code   RO         1560    .text.HAL_IncTick   bsp_timer.o
    0x08000b64   0x08000b64   0x00000050   Code   RO         1556    .text.HAL_TIM_PeriodElapsedCallback  bsp_timer.o
    0x08000bb4   0x08000bb4   0x00000002   Code   RO         1623    .text.HAL_UART_ErrorCallback  bsp_usart.o
    0x08000bb6   0x08000bb6   0x00000002   PAD
    0x08000bb8   0x08000bb8   0x00000034   Code   RO         1615    .text.HAL_UART_IdleCallback  bsp_usart.o
    0x08000bec   0x08000bec   0x000000fc   Code   RO         1603    .text.HAL_UART_MspDeInit  bsp_usart.o
    0x08000ce8   0x08000ce8   0x000001c8   Code   RO         1601    .text.HAL_UART_MspInit  bsp_usart.o
    0x08000eb0   0x08000eb0   0x00000034   Code   RO         1613    .text.HAL_UART_RxCpltCallback  bsp_usart.o
    0x08000ee4   0x08000ee4   0x00000002   Code   RO         1703    .text.HardFault_Handler  bsp_interrupt.o
    0x08000ee6   0x08000ee6   0x00000002   PAD
    0x08000ee8   0x08000ee8   0x00000010   Code   RO          592    .text.IWDG_ReloadKey  n32l40x_iwdg.o
    0x08000ef8   0x08000ef8   0x00000002   Code   RO         1705    .text.MemManage_Handler  bsp_interrupt.o
    0x08000efa   0x08000efa   0x00000002   PAD
    0x08000efc   0x08000efc   0x00000002   Code   RO         1701    .text.NMI_Handler   bsp_interrupt.o
    0x08000efe   0x08000efe   0x00000002   PAD
    0x08000f00   0x08000f00   0x0000005e   Code   RO           32    .text.NVIC_Init     misc.o
    0x08000f5e   0x08000f5e   0x00000002   PAD
    0x08000f60   0x08000f60   0x00000014   Code   RO           30    .text.NVIC_PriorityGroupConfig  misc.o
    0x08000f74   0x08000f74   0x00000034   Code   RO         1822    .text.OLED_Clear    oled.o
    0x08000fa8   0x08000fa8   0x0000007a   Code   RO         1878    .text.OLED_DMA_Init  oled_spi.o
    0x08001022   0x08001022   0x00000002   PAD
    0x08001024   0x08001024   0x0000000e   Code   RO         1808    .text.OLED_Init     oled.o
    0x08001032   0x08001032   0x00000002   PAD
    0x08001034   0x08001034   0x00000404   Code   RO         1846    .text.OLED_Long_HZ  oled.o
    0x08001438   0x08001438   0x000003cc   Code   RO         1810    .text.OLED_Reg_Init  oled.o
    0x08001804   0x08001804   0x000000dc   Code   RO         1872    .text.OLED_SPI_Init  oled_spi.o
    0x080018e0   0x080018e0   0x000000ca   Code   RO         1838    .text.OLED_ZFC      oled.o
    0x080019aa   0x080019aa   0x00000002   PAD
    0x080019ac   0x080019ac   0x00000016   Code   RO          954    .text.RCC_ConfigAdc1mClk  n32l40x_rcc.o
    0x080019c2   0x080019c2   0x00000002   PAD
    0x080019c4   0x080019c4   0x00000014   Code   RO          958    .text.RCC_ConfigAdcHclk  n32l40x_rcc.o
    0x080019d8   0x080019d8   0x0000001c   Code   RO          956    .text.RCC_ConfigAdcPllClk  n32l40x_rcc.o
    0x080019f4   0x080019f4   0x00000014   Code   RO          940    .text.RCC_ConfigHclk  n32l40x_rcc.o
    0x08001a08   0x08001a08   0x00000014   Code   RO          942    .text.RCC_ConfigPclk1  n32l40x_rcc.o
    0x08001a1c   0x08001a1c   0x00000016   Code   RO          944    .text.RCC_ConfigPclk2  n32l40x_rcc.o
    0x08001a32   0x08001a32   0x00000002   PAD
    0x08001a34   0x08001a34   0x00000038   Code   RO          932    .text.RCC_ConfigPll  n32l40x_rcc.o
    0x08001a6c   0x08001a6c   0x00000014   Code   RO          936    .text.RCC_ConfigSysclk  n32l40x_rcc.o
    0x08001a80   0x08001a80   0x00000018   Code   RO         1006    .text.RCC_EnableAHBPeriphClk  n32l40x_rcc.o
    0x08001a98   0x08001a98   0x00000018   Code   RO          974    .text.RCC_EnableAPB1PeriphClk  n32l40x_rcc.o
    0x08001ab0   0x08001ab0   0x00000018   Code   RO         1014    .text.RCC_EnableAPB1PeriphReset  n32l40x_rcc.o
    0x08001ac8   0x08001ac8   0x00000018   Code   RO         1008    .text.RCC_EnableAPB2PeriphClk  n32l40x_rcc.o
    0x08001ae0   0x08001ae0   0x00000018   Code   RO         1012    .text.RCC_EnableAPB2PeriphReset  n32l40x_rcc.o
    0x08001af8   0x08001af8   0x0000000a   Code   RO          922    .text.RCC_EnableHsi  n32l40x_rcc.o
    0x08001b02   0x08001b02   0x00000002   PAD
    0x08001b04   0x08001b04   0x0000000a   Code   RO          934    .text.RCC_EnablePll  n32l40x_rcc.o
    0x08001b0e   0x08001b0e   0x00000002   PAD
    0x08001b10   0x08001b10   0x00000124   Code   RO         1004    .text.RCC_GetClocksFreqValue  n32l40x_rcc.o
    0x08001c34   0x08001c34   0x00000026   Code   RO          914    .text.RCC_GetFlagStatus  n32l40x_rcc.o
    0x08001c5a   0x08001c5a   0x00000002   PAD
    0x08001c5c   0x08001c5c   0x00000010   Code   RO          938    .text.RCC_GetSysclkSrc  n32l40x_rcc.o
    0x08001c6c   0x08001c6c   0x00000030   Code   RO          918    .text.RCC_WaitHsiStable  n32l40x_rcc.o
    0x08001c9c   0x08001c9c   0x00000004   Code   RO         1909    .text.RFInit        rf.o
    0x08001ca0   0x08001ca0   0x0000005a   Code   RO         1913    .text.RFRevData     rf.o
    0x08001cfa   0x08001cfa   0x00000002   PAD
    0x08001cfc   0x08001cfc   0x00000012   Code   RO         1911    .text.RFRxMode      rf.o
    0x08001d0e   0x08001d0e   0x00000002   PAD
    0x08001d10   0x08001d10   0x00000094   Code   RO         1931    .text.RF_Init       radio.o
    0x08001da4   0x08001da4   0x00000256   Code   RO         1945    .text.RF_Process    radio.o
    0x08001ffa   0x08001ffa   0x00000002   PAD
    0x08001ffc   0x08001ffc   0x00000018   Code   RO         1941    .text.RF_StartRx    radio.o
    0x08002014   0x08002014   0x00000058   Code   RO         1771    .text.RS485_SendStr_length  485_1.o
    0x0800206c   0x0800206c   0x00000014   Code   RO         1165    .text.SPI_Enable    n32l40x_spi.o
    0x08002080   0x08002080   0x00000010   Code   RO         1171    .text.SPI_I2S_EnableDma  n32l40x_spi.o
    0x08002090   0x08002090   0x0000000a   Code   RO         1193    .text.SPI_I2S_GetStatus  n32l40x_spi.o
    0x0800209a   0x0800209a   0x00000002   PAD
    0x0800209c   0x0800209c   0x00000004   Code   RO         1173    .text.SPI_I2S_TransmitData  n32l40x_spi.o
    0x080020a0   0x080020a0   0x00000046   Code   RO         1157    .text.SPI_Init      n32l40x_spi.o
    0x080020e6   0x080020e6   0x00000002   PAD
    0x080020e8   0x080020e8   0x00000014   Code   RO         1179    .text.SPI_SSOutputEnable  n32l40x_spi.o
    0x080020fc   0x080020fc   0x00000002   Code   RO         1711    .text.SVC_Handler   bsp_interrupt.o
    0x080020fe   0x080020fe   0x00000002   PAD
    0x08002100   0x08002100   0x00000018   Code   RO           38    .text.SysTick_CLKSourceConfig  misc.o
    0x08002118   0x08002118   0x00000004   Code   RO         1715    .text.SysTick_Handler  bsp_interrupt.o
    0x0800211c   0x0800211c   0x000000ce   Code   RO         1515    .text.SystemClock_Config  main.o
    0x080021ea   0x080021ea   0x00000002   PAD
    0x080021ec   0x080021ec   0x000001b0   Code   RO            2    .text.SystemInit    system_n32l40x.o
    0x0800239c   0x0800239c   0x00000028   Code   RO         1717    .text.TIM2_IRQHandler  bsp_interrupt.o
    0x080023c4   0x080023c4   0x00000102   Code   RO         2128    .text.TIM3_IRQHandler  motor.o
    0x080024c6   0x080024c6   0x00000002   PAD
    0x080024c8   0x080024c8   0x00000006   Code   RO         1417    .text.TIM_ClrIntPendingBit  n32l40x_tim.o
    0x080024ce   0x080024ce   0x00000002   PAD
    0x080024d0   0x080024d0   0x00000010   Code   RO         1251    .text.TIM_ConfigInt  n32l40x_tim.o
    0x080024e0   0x080024e0   0x00000006   Code   RO         1273    .text.TIM_ConfigPrescaler  n32l40x_tim.o
    0x080024e6   0x080024e6   0x00000002   PAD
    0x080024e8   0x080024e8   0x00000010   Code   RO         1247    .text.TIM_Enable    n32l40x_tim.o
    0x080024f8   0x080024f8   0x0000001a   Code   RO         1415    .text.TIM_GetIntStatus  n32l40x_tim.o
    0x08002512   0x08002512   0x00000002   PAD
    0x08002514   0x08002514   0x0000018c   Code   RO         1211    .text.TIM_InitTimeBase  n32l40x_tim.o
    0x080026a0   0x080026a0   0x0000007c   Code   RO         1737    .text.UART5_IRQHandler  bsp_interrupt.o
    0x0800271c   0x0800271c   0x00000050   Code   RO         1619    .text.UART_TxCallback  bsp_usart.o
    0x0800276c   0x0800276c   0x00000072   Code   RO         1733    .text.USART1_IRQHandler  bsp_interrupt.o
    0x080027de   0x080027de   0x00000002   PAD
    0x080027e0   0x080027e0   0x00000044   Code   RO         1777    .text.USART2_IRQHandler  485_1.o
    0x08002824   0x08002824   0x0000007c   Code   RO         1735    .text.USART3_IRQHandler  bsp_interrupt.o
    0x080028a0   0x080028a0   0x0000000e   Code   RO         1479    .text.USART_ClrIntPendingBit  n32l40x_usart.o
    0x080028ae   0x080028ae   0x00000002   PAD
    0x080028b0   0x080028b0   0x0000002e   Code   RO         1439    .text.USART_ConfigInt  n32l40x_usart.o
    0x080028de   0x080028de   0x00000002   PAD
    0x080028e0   0x080028e0   0x000000ae   Code   RO         1427    .text.USART_DeInit  n32l40x_usart.o
    0x0800298e   0x0800298e   0x00000002   PAD
    0x08002990   0x08002990   0x00000014   Code   RO         1437    .text.USART_Enable  n32l40x_usart.o
    0x080029a4   0x080029a4   0x0000000a   Code   RO         1473    .text.USART_GetFlagStatus  n32l40x_usart.o
    0x080029ae   0x080029ae   0x00000002   PAD
    0x080029b0   0x080029b0   0x00000032   Code   RO         1477    .text.USART_GetIntStatus  n32l40x_usart.o
    0x080029e2   0x080029e2   0x00000002   PAD
    0x080029e4   0x080029e4   0x000000aa   Code   RO         1429    .text.USART_Init    n32l40x_usart.o
    0x08002a8e   0x08002a8e   0x00000002   PAD
    0x08002a90   0x08002a90   0x00000008   Code   RO         1455    .text.USART_ReceiveData  n32l40x_usart.o
    0x08002a98   0x08002a98   0x00000008   Code   RO         1453    .text.USART_SendData  n32l40x_usart.o
    0x08002aa0   0x08002aa0   0x00000012   Code   RO         1431    .text.USART_StructInit  n32l40x_usart.o
    0x08002ab2   0x08002ab2   0x00000002   PAD
    0x08002ab4   0x08002ab4   0x00000002   Code   RO         1709    .text.UsageFault_Handler  bsp_interrupt.o
    0x08002ab6   0x08002ab6   0x00000002   PAD
    0x08002ab8   0x08002ab8   0x00000020   Code   RO         1781    .text.clean_rebuff  485_1.o
    0x08002ad8   0x08002ad8   0x000000a4   Code   RO         2052    .text.cmt_spi3_init  cmt_spi3.o
    0x08002b7c   0x08002b7c   0x0000013e   Code   RO         2060    .text.cmt_spi3_read  cmt_spi3.o
    0x08002cba   0x08002cba   0x00000002   PAD
    0x08002cbc   0x08002cbc   0x0000014c   Code   RO         2064    .text.cmt_spi3_read_fifo  cmt_spi3.o
    0x08002e08   0x08002e08   0x00000138   Code   RO         2058    .text.cmt_spi3_write  cmt_spi3.o
    0x08002f40   0x08002f40   0x00000156   Code   RO         2062    .text.cmt_spi3_write_fifo  cmt_spi3.o
    0x08003096   0x08003096   0x00000002   PAD
    0x08003098   0x08003098   0x0000002a   Code   RO         2110    .text.delay_ms      delay.o
    0x080030c2   0x080030c2   0x00000002   PAD
    0x080030c4   0x080030c4   0x00000026   Code   RO         2108    .text.delay_us      delay.o
    0x080030ea   0x080030ea   0x00000002   PAD
    0x080030ec   0x080030ec   0x00000038   Code   RO         1627    .text.fputc         bsp_usart.o
    0x08003124   0x08003124   0x0000000c   Code   RO         2136    .text.get_dir_state  motor.o
    0x08003130   0x08003130   0x00000018   Code   RO         1779    .text.get_rebuff    485_1.o
    0x08003148   0x08003148   0x00000082   Code   RO         2138    .text.hall_detect   motor.o
    0x080031ca   0x080031ca   0x00000002   PAD
    0x080031cc   0x080031cc   0x00000130   Code   RO         1513    .text.main          main.o
    0x080032fc   0x080032fc   0x0000003a   Code   RO         2132    .text.motor_dir_diff  motor.o
    0x08003336   0x08003336   0x00000002   PAD
    0x08003338   0x08003338   0x0000010e   Code   RO         2122    .text.motor_init    motor.o
    0x08003446   0x08003446   0x00000002   PAD
    0x08003448   0x08003448   0x000000d6   Code   RO         2134    .text.motor_mode    motor.o
    0x0800351e   0x0800351e   0x00000002   PAD
    0x08003520   0x08003520   0x0000000c   Code   RO         2130    .text.motor_set_dir  motor.o
    0x0800352c   0x0800352c   0x00000120   Code   RO         1894    .text.oled_show_line2  oled_show.o
    0x0800364c   0x0800364c   0x000000dc   Code   RO         1767    .text.rs485_init    485_1.o
    0x08003728   0x08003728   0x00000190   Code   RO         1793    .text.rx_data_hadle  protocol.o
    0x080038b8   0x080038b8   0x000000b2   Code   RO         1661    .text.usGetMCUADCVolt  bsp_adc.o
    0x0800396a   0x0800396a   0x00000002   PAD
    0x0800396c   0x0800396c   0x00000092   Code   RO         1655    .text.vBSP_ADC_Init  bsp_adc.o
    0x080039fe   0x080039fe   0x00000002   PAD
    0x08003a00   0x08003a00   0x00000006   Code   RO         1548    .text.vBSP_DelayMs  bsp_timer.o
    0x08003a06   0x08003a06   0x00000002   PAD
    0x08003a08   0x08003a08   0x0000011e   Code   RO         1532    .text.vBSP_GpioDeinit  bsp_io.o
    0x08003b26   0x08003b26   0x00000002   PAD
    0x08003b28   0x08003b28   0x00000056   Code   RO         1534    .text.vBSP_Port_FullSpeed  bsp_io.o
    0x08003b7e   0x08003b7e   0x00000002   PAD
    0x08003b80   0x08003b80   0x00000090   Code   RO         1546    .text.vBSP_Timer1Init  bsp_timer.o
    0x08003c10   0x08003c10   0x00000256   Code   RO         1597    .text.vBSP_USARTInit  bsp_usart.o
    0x08003e66   0x08003e66   0x00000002   PAD
    0x08003e68   0x08003e68   0x00000004   Code   RO         1584    .text.vBSP_WDG_Refresh  bsp_wdg.o
    0x08003e6c   0x08003e6c   0x00000096   Code   RO         1667    .text.vPower_Device  bsp_adc.o
    0x08003f02   0x08003f02   0x00000002   PAD
    0x08003f04   0x08003f04   0x0000000a   Code   RO         1665    .text.vPower_Motor  bsp_adc.o
    0x08003f0e   0x08003f0e   0x00000002   PAD
    0x08003f10   0x08003f10   0x0000001e   Code   RO         1757    .text.xy_frame_calc_xor  api.o
    0x08003f2e   0x08003f2e   0x00000002   PAD
    0x08003f30   0x08003f30   0x00000020   Code   RO         2370    i.__0printf$8       mc_w.l(printf8.o)
    0x08003f50   0x08003f50   0x00000028   Code   RO         2372    i.__0sprintf$8      mc_w.l(printf8.o)
    0x08003f78   0x08003f78   0x0000000e   Code   RO         2475    i.__scatterload_copy  mc_w.l(handlers.o)
    0x08003f86   0x08003f86   0x00000002   Code   RO         2476    i.__scatterload_null  mc_w.l(handlers.o)
    0x08003f88   0x08003f88   0x0000000e   Code   RO         2477    i.__scatterload_zeroinit  mc_w.l(handlers.o)
    0x08003f96   0x08003f96   0x00000002   PAD
    0x08003f98   0x08003f98   0x00000410   Code   RO         2377    i._printf_core      mc_w.l(printf8.o)
    0x080043a8   0x080043a8   0x00000024   Code   RO         2378    i._printf_post_padding  mc_w.l(printf8.o)
    0x080043cc   0x080043cc   0x0000002e   Code   RO         2379    i._printf_pre_padding  mc_w.l(printf8.o)
    0x080043fa   0x080043fa   0x0000000a   Code   RO         2381    i._sputc            mc_w.l(printf8.o)
    0x08004404   0x08004404   0x00000024   Code   RO         2157    i.puts              mc_w.l(puts.o)
    0x08004428   0x08004428   0x00000228   Data   RO         1859    .rodata.YIN_F6X8    oled.o
    0x08004650   0x08004650   0x000005f0   Data   RO         1860    .rodata.YIN_F8X16   oled.o
    0x08004c40   0x08004c40   0x00000010   Data   RO         1034    .rodata.cst16       n32l40x_rcc.o
    0x08004c50   0x08004c50   0x0000001d   Data   RO         1951    .rodata.g_cmt2300BasebandBank  radio.o
    0x08004c6d   0x08004c6d   0x0000000c   Data   RO         1947    .rodata.g_cmt2300CmtBank  radio.o
    0x08004c79   0x08004c79   0x00000018   Data   RO         1950    .rodata.g_cmt2300DataRateBank  radio.o
    0x08004c91   0x08004c91   0x00000008   Data   RO         1949    .rodata.g_cmt2300FrequencyBank  radio.o
    0x08004c99   0x08004c99   0x0000000c   Data   RO         1948    .rodata.g_cmt2300SystemBank  radio.o
    0x08004ca5   0x08004ca5   0x0000000b   Data   RO         1952    .rodata.g_cmt2300TxBank  radio.o
    0x08004cb0   0x08004cb0   0x0000000a   Data   RO         1899    .rodata.str1.1      oled_show.o
    0x08004cba   0x08004cba   0x00000010   Data   RO         1959    .rodata.str1.1      radio.o
    0x08004cca   0x08004cca   0x00000002   PAD
    0x08004ccc   0x08004ccc   0x00000020   Data   RO         2474    Region$$Table       anon$$obj.o


    Execution Region RW_IRAM1 (Exec base: 0x20000000, Load base: 0x08004cf0, Size: 0x000029c8, Max: 0x00006000, ABSOLUTE, COMPRESSED[0x00000400])

    Exec Addr    Load Addr    Size         Type   Attr      Idx    E Section Name        Object

    0x20000000   COMPRESSED   0x00000004   Data   RW         2438    .data               mc_w.l(stdout.o)
    0x20000004   COMPRESSED   0x00000300   Data   RW         1861    .data.HZ1           oled.o
    0x20000304   COMPRESSED   0x000006c0   Data   RW         1862    .data.HZ2           oled.o
    0x200009c4   COMPRESSED   0x00000004   Data   RW           10    .data.SystemCoreClock  system_n32l40x.o
    0x200009c8   COMPRESSED   0x00000002   Data   RW         1953    .data.g_nRxLength   radio.o
    0x200009ca   COMPRESSED   0x00000002   Data   RW         1954    .data.g_nTxLength   radio.o
    0x200009cc   COMPRESSED   0x00000007   Data   RW         1798    .data.heart_frame   protocol.o
    0x200009d3   COMPRESSED   0x00000001   Data   RW         1569    .data.ucTIM_20msFlg  bsp_timer.o
    0x200009d4   COMPRESSED   0x00000001   Data   RW         1568    .data.ucTIM_50msFlg  bsp_timer.o
    0x200009d5   COMPRESSED   0x00000003   PAD
    0x200009d8        -       0x00000001   Zero   RW         1797    .bss.DEV_NET_ERR    protocol.o
    0x200009d9   COMPRESSED   0x00000003   PAD
    0x200009dc        -       0x0000002c   Zero   RW         1881    .bss.DMA_InitStructure  oled_spi.o
    0x20000a08        -       0x00000010   Zero   RW         1882    .bss.GPIO_InitStructure  oled_spi.o
    0x20000a18        -       0x00000400   Zero   RW         1863    .bss.OLED_SRAM      oled.o
    0x20000e18        -       0x00000001   Zero   RW         1898    .bss.OLED_zfc       oled_show.o
    0x20000e19   COMPRESSED   0x00000001   PAD
    0x20000e1a        -       0x00000002   Zero   RW         1674    .bss.Power_Voltage  bsp_adc.o
    0x20000e1c        -       0x00000012   Zero   RW         1880    .bss.SPI_InitStructure  oled_spi.o
    0x20000e2e        -       0x00000001   Zero   RW         2142    .bss.Speed_up_flag  motor.o
    0x20000e2f   COMPRESSED   0x00000001   PAD
    0x20000e30        -       0x00000018   Zero   RW         1673    .bss.adc_buff       bsp_adc.o
    0x20000e48        -       0x00000001   Zero   RW         1671    .bss.adc_buff_handle.buff_cnt  bsp_adc.o
    0x20000e49   COMPRESSED   0x00000003   PAD
    0x20000e4c        -       0x00000004   Zero   RW         1672    .bss.adc_buff_handle.new_value  bsp_adc.o
    0x20000e50        -       0x00000001   Zero   RW         1520    .bss.beep_cnt50ms   main.o
    0x20000e51        -       0x00000001   Zero   RW         1519    .bss.beep_flag      main.o
    0x20000e52        -       0x00000002   Zero   RW         2144    .bss.cnt_10us_1     motor.o
    0x20000e54        -       0x00000002   Zero   RW         2145    .bss.cnt_10us_2     motor.o
    0x20000e56   COMPRESSED   0x00000002   PAD
    0x20000e58        -       0x00000004   Zero   RW         2146    .bss.cnt_10us_d     motor.o
    0x20000e5c        -       0x00000001   Zero   RW         2141    .bss.coast_flag     motor.o
    0x20000e5d        -       0x00000006   Zero   RW         1900    .bss.dev_s          oled_show.o
    0x20000e63   COMPRESSED   0x00000001   PAD
    0x20000e64        -       0x00000002   Zero   RW         1517    .bss.dev_vol        main.o
    0x20000e66        -       0x00000001   Zero   RW         1956    .bss.g_nInterrutFlags  radio.o
    0x20000e67        -       0x00000001   Zero   RW         1955    .bss.g_nNextRFState  radio.o
    0x20000e68        -       0x00000004   Zero   RW         1957    .bss.g_pRxBuffer    radio.o
    0x20000e6c        -       0x00000004   Zero   RW         1958    .bss.g_pTxBuffer    radio.o
    0x20000e70        -       0x00000002   Zero   RW         1920    .bss.iRev           rf.o
    0x20000e72        -       0x00000002   Zero   RW         1521    .bss.len            main.o
    0x20000e74        -       0x00000001   Zero   RW         2140    .bss.motor_dir      motor.o
    0x20000e75        -       0x00000001   Zero   RW         2143    .bss.motor_pwm      motor.o
    0x20000e76        -       0x00000002   Zero   RW         1518    .bss.motor_vol      main.o
    0x20000e78        -       0x00000004   Zero   RW         1522    .bss.pbuf           main.o
    0x20000e7c        -       0x00000080   Zero   RW         1919    .bss.revBuf         rf.o
    0x20000efc        -       0x00000008   Zero   RW         1633    .bss.st_gUsartBLE   bsp_usart.o
    0x20000f04        -       0x00000008   Zero   RW         1636    .bss.st_gUsartDebug  bsp_usart.o
    0x20000f0c        -       0x00000008   Zero   RW         1634    .bss.st_gUsartLCD1  bsp_usart.o
    0x20000f14        -       0x00000008   Zero   RW         1635    .bss.st_gUsartLCD2  bsp_usart.o
    0x20000f1c        -       0x00000002   Zero   RW         1641    .bss.u16_gUartTxCnt  bsp_usart.o
    0x20000f1e        -       0x00000064   Zero   RW         1637    .bss.u8_gUartRevPool1  bsp_usart.o
    0x20000f82        -       0x00000064   Zero   RW         1638    .bss.u8_gUartRevPool2  bsp_usart.o
    0x20000fe6        -       0x00000064   Zero   RW         1639    .bss.u8_gUartRevPool3  bsp_usart.o
    0x2000104a        -       0x00000064   Zero   RW         1640    .bss.u8_gUartRevPool4  bsp_usart.o
    0x200010ae   COMPRESSED   0x00000002   PAD
    0x200010b0        -       0x00000004   Zero   RW         1642    .bss.u8_pUartTxData  bsp_usart.o
    0x200010b4        -       0x00000400   Zero   RW         1784    .bss.uart_buff      485_1.o
    0x200014b4        -       0x00000002   Zero   RW         1783    .bss.uart_p         485_1.o
    0x200014b6   COMPRESSED   0x00000002   PAD
    0x200014b8        -       0x00000004   Zero   RW         1571    .bss.ulTimer1ms     bsp_timer.o
    0x200014bc        -       0x00000004   Zero   RW         1572    .bss.ulTimer1ms_1   bsp_timer.o
    0x200014c0        -       0x00000004   Zero   RW         1573    .bss.uwTick         bsp_timer.o
    0x200014c4   COMPRESSED   0x00000004   PAD
    0x200014c8        -       0x00001500   Zero   RW           20    STACK               startup_n32l40x.o


==============================================================================

Image component sizes


      Code (inc. data)   RO Data    RW Data    ZI Data      Debug   Object Name

       432          0          0          0       1026       6644   485_1.o
        30          0          0          0          0       2494   api.o
       484          0          0          0         31       6732   bsp_adc.o
       658          0          0          0          0       6511   bsp_interrupt.o
       400          0          0          0          0       3853   bsp_io.o
       246          0          0          2         12       5972   bsp_timer.o
      1548          0          0          0        438      12342   bsp_usart.o
         4          0          0          0          0       1145   bsp_wdg.o
       650          0          0          0          0       9027   cmt2300.o
        42          0          0          0          0       1275   cmt2300_hal.o
      1468          0          0          0          0       9298   cmt_spi3.o
        80          0          0          0          0       1735   delay.o
       510         20          0          0         12       2503   main.o
       138          0          0          0          0       3339   misc.o
       954          6          0          0         12       7735   motor.o
       358          0          0          0          0      11950   n32l40x_adc.o
       292          0          0          0          0       4300   n32l40x_dma.o
        42          0          0          0          0       3006   n32l40x_exti.o
        44          0          0          0          0      30395   n32l40x_flash.o
       428          0          0          0          0       8483   n32l40x_gpio.o
        16          0          0          0          0       1643   n32l40x_iwdg.o
       742         80         16          0          0      16899   n32l40x_rcc.o
       140          0          0          0          0       7296   n32l40x_spi.o
       466          0          0          0          0      34285   n32l40x_tim.o
       518          0          0          0          0       8240   n32l40x_usart.o
      2268          0       2072       2496       1024      25980   oled.o
       288          8         10          0          7       2165   oled_show.o
       342          0          0          0         78       4146   oled_spi.o
       400         52          0          7          1       2605   protocol.o
       770         10        112          4         10       3854   radio.o
       112          0          0          0        130       2030   rf.o
        36          8        328          0       5376        880   startup_n32l40x.o
       432          0          0          4          0       4760   system_n32l40x.o

    ----------------------------------------------------------------------
     15488        184       2572       2516       8176     253522   Object Totals
         0          0         32          0          0          0   (incl. Generated)
       150          0          2          3         19          0   (incl. Padding)

    ----------------------------------------------------------------------

      Code (inc. data)   RO Data    RW Data    ZI Data      Debug   Library Member Name

        94          0          0          0          0          0   __dclz77c.o
         0          0          0          0          0          0   entry.o
         0          0          0          0          0          0   entry10a.o
         0          0          0          0          0          0   entry11a.o
         8          4          0          0          0          0   entry2.o
         4          0          0          0          0          0   entry5.o
         0          0          0          0          0          0   entry7b.o
         0          0          0          0          0          0   entry8b.o
         8          4          0          0          0          0   entry9a.o
        30          0          0          0          0          0   handlers.o
        48         10          0          0          0         68   init.o
        30          0          0          0          0         68   llshl.o
        32          0          0          0          0         68   llushr.o
        36          0          0          0          0        108   memseta.o
      1204         60          0          0          0        504   printf8.o
        36          6          0          0          0         80   puts.o
         0          0          0          4          0          0   stdout.o
        98          0          0          0          0         92   uldiv.o

    ----------------------------------------------------------------------
      1632         84          0          4          0        988   Library Totals
         4          0          0          0          0          0   (incl. Padding)

    ----------------------------------------------------------------------

      Code (inc. data)   RO Data    RW Data    ZI Data      Debug   Library Name

      1628         84          0          4          0        988   mc_w.l

    ----------------------------------------------------------------------
      1632         84          0          4          0        988   Library Totals

    ----------------------------------------------------------------------

==============================================================================


      Code (inc. data)   RO Data    RW Data    ZI Data      Debug   

     17120        268       2572       2520       8176     253706   Grand Totals
     17120        268       2572       1024       8176     253706   ELF Image Totals (compressed)
     17120        268       2572       1024          0          0   ROM Totals

==============================================================================

    Total RO  Size (Code + RO Data)                19692 (  19.23kB)
    Total RW  Size (RW Data + ZI Data)             10696 (  10.45kB)
    Total ROM Size (Code + RO Data + RW Data)      20716 (  20.23kB)

==============================================================================

