Component: ARM Compiler 6.16 Tool: armlink [5dfeaa00]

==============================================================================

Section Cross References

    system_n32l40x.o(.text.SystemInit) refers to system_n32l40x.o(.text.SetSysClock) for SetSysClock
    system_n32l40x.o(.ARM.exidx.text.SystemInit) refers to system_n32l40x.o(.text.SystemInit) for [Anonymous Symbol]
    system_n32l40x.o(.text.SetSysClock) refers to system_n32l40x.o(.data.SystemCoreClock) for SystemCoreClock
    system_n32l40x.o(.text.SetSysClock) refers to system_n32l40x.o(.text.ConfigMRVoltage1V) for ConfigMRVoltage1V
    system_n32l40x.o(.ARM.exidx.text.SetSysClock) refers to system_n32l40x.o(.text.SetSysClock) for [Anonymous Symbol]
    system_n32l40x.o(.text.SystemCoreClockUpdate) refers to system_n32l40x.o(.data.SystemCoreClock) for SystemCoreClock
    system_n32l40x.o(.text.SystemCoreClockUpdate) refers to system_n32l40x.o(.rodata.MSIClockTable) for MSIClockTable
    system_n32l40x.o(.text.SystemCoreClockUpdate) refers to system_n32l40x.o(.rodata.AHBPrescTable) for AHBPrescTable
    system_n32l40x.o(.ARM.exidx.text.SystemCoreClockUpdate) refers to system_n32l40x.o(.text.SystemCoreClockUpdate) for [Anonymous Symbol]
    system_n32l40x.o(.ARM.exidx.text.ConfigMRVoltage1V) refers to system_n32l40x.o(.text.ConfigMRVoltage1V) for [Anonymous Symbol]
    system_n32l40x.o(.ARM.exidx.text.ConfigMRVoltage1_1V) refers to system_n32l40x.o(.text.ConfigMRVoltage1_1V) for [Anonymous Symbol]
    startup_n32l40x.o(RESET) refers to startup_n32l40x.o(STACK) for __initial_sp
    startup_n32l40x.o(RESET) refers to startup_n32l40x.o(.text) for Reset_Handler
    startup_n32l40x.o(RESET) refers to bsp_interrupt.o(.text.NMI_Handler) for NMI_Handler
    startup_n32l40x.o(RESET) refers to bsp_interrupt.o(.text.HardFault_Handler) for HardFault_Handler
    startup_n32l40x.o(RESET) refers to bsp_interrupt.o(.text.MemManage_Handler) for MemManage_Handler
    startup_n32l40x.o(RESET) refers to bsp_interrupt.o(.text.BusFault_Handler) for BusFault_Handler
    startup_n32l40x.o(RESET) refers to bsp_interrupt.o(.text.UsageFault_Handler) for UsageFault_Handler
    startup_n32l40x.o(RESET) refers to bsp_interrupt.o(.text.SVC_Handler) for SVC_Handler
    startup_n32l40x.o(RESET) refers to bsp_interrupt.o(.text.DebugMon_Handler) for DebugMon_Handler
    startup_n32l40x.o(RESET) refers to bsp_interrupt.o(.text.SysTick_Handler) for SysTick_Handler
    startup_n32l40x.o(RESET) refers to bsp_interrupt.o(.text.EXTI0_IRQHandler) for EXTI0_IRQHandler
    startup_n32l40x.o(RESET) refers to bsp_interrupt.o(.text.EXTI1_IRQHandler) for EXTI1_IRQHandler
    startup_n32l40x.o(RESET) refers to bsp_interrupt.o(.text.EXTI2_IRQHandler) for EXTI2_IRQHandler
    startup_n32l40x.o(RESET) refers to bsp_interrupt.o(.text.EXTI3_IRQHandler) for EXTI3_IRQHandler
    startup_n32l40x.o(RESET) refers to bsp_interrupt.o(.text.EXTI4_IRQHandler) for EXTI4_IRQHandler
    startup_n32l40x.o(RESET) refers to bsp_interrupt.o(.text.EXTI9_5_IRQHandler) for EXTI9_5_IRQHandler
    startup_n32l40x.o(RESET) refers to bsp_interrupt.o(.text.TIM2_IRQHandler) for TIM2_IRQHandler
    startup_n32l40x.o(RESET) refers to motor.o(.text.TIM3_IRQHandler) for TIM3_IRQHandler
    startup_n32l40x.o(RESET) refers to bsp_interrupt.o(.text.USART1_IRQHandler) for USART1_IRQHandler
    startup_n32l40x.o(RESET) refers to 485.o(.text.USART2_IRQHandler) for USART2_IRQHandler
    startup_n32l40x.o(RESET) refers to bsp_interrupt.o(.text.USART3_IRQHandler) for USART3_IRQHandler
    startup_n32l40x.o(RESET) refers to bsp_interrupt.o(.text.EXTI15_10_IRQHandler) for EXTI15_10_IRQHandler
    startup_n32l40x.o(RESET) refers to bsp_interrupt.o(.text.UART5_IRQHandler) for UART5_IRQHandler
    startup_n32l40x.o(.text) refers to system_n32l40x.o(.text.SystemInit) for SystemInit
    startup_n32l40x.o(.text) refers to entry.o(.ARM.Collect$$$$00000000) for __main
    misc.o(.ARM.exidx.text.NVIC_PriorityGroupConfig) refers to misc.o(.text.NVIC_PriorityGroupConfig) for [Anonymous Symbol]
    misc.o(.ARM.exidx.text.NVIC_Init) refers to misc.o(.text.NVIC_Init) for [Anonymous Symbol]
    misc.o(.ARM.exidx.text.NVIC_SetVectorTable) refers to misc.o(.text.NVIC_SetVectorTable) for [Anonymous Symbol]
    misc.o(.ARM.exidx.text.NVIC_SystemLPConfig) refers to misc.o(.text.NVIC_SystemLPConfig) for [Anonymous Symbol]
    misc.o(.ARM.exidx.text.SysTick_CLKSourceConfig) refers to misc.o(.text.SysTick_CLKSourceConfig) for [Anonymous Symbol]
    n32l40x_adc.o(.text.ADC_DeInit) refers to n32l40x_rcc.o(.text.RCC_EnableAHBPeriphReset) for RCC_EnableAHBPeriphReset
    n32l40x_adc.o(.ARM.exidx.text.ADC_DeInit) refers to n32l40x_adc.o(.text.ADC_DeInit) for [Anonymous Symbol]
    n32l40x_adc.o(.ARM.exidx.text.ADC_Init) refers to n32l40x_adc.o(.text.ADC_Init) for [Anonymous Symbol]
    n32l40x_adc.o(.ARM.exidx.text.ADC_InitStruct) refers to n32l40x_adc.o(.text.ADC_InitStruct) for [Anonymous Symbol]
[...]
    [Anonymous Symbol]                       0x080024b8   Section        0  n32l40x_usart.o(.text.USART_Enable)
    [Anonymous Symbol]                       0x080024cc   Section        0  n32l40x_usart.o(.text.USART_GetFlagStatus)
    [Anonymous Symbol]                       0x080024d8   Section        0  n32l40x_usart.o(.text.USART_GetIntStatus)
    [Anonymous Symbol]                       0x08002508   Section        0  n32l40x_usart.o(.text.USART_Init)
    [Anonymous Symbol]                       0x080025b0   Section        0  n32l40x_usart.o(.text.USART_ReceiveData)
    [Anonymous Symbol]                       0x080025b8   Section        0  n32l40x_usart.o(.text.USART_SendData)
    [Anonymous Symbol]                       0x080025c0   Section        0  n32l40x_usart.o(.text.USART_StructInit)
    [Anonymous Symbol]                       0x080025d4   Section        0  bsp_interrupt.o(.text.UsageFault_Handler)
    __NVIC_DisableIRQ                        0x080025d9   Thumb Code    30  bsp_usart.o(.text.__NVIC_DisableIRQ)
    [Anonymous Symbol]                       0x080025d8   Section        0  bsp_usart.o(.text.__NVIC_DisableIRQ)
    [Anonymous Symbol]                       0x080025f8   Section        0  bsp_adc.o(.text.adc_buff_handle)
    [Anonymous Symbol]                       0x0800266c   Section        0  485.o(.text.clean_rebuff)
    [Anonymous Symbol]                       0x08002690   Section        0  cmt_spi3.o(.text.cmt_spi3_delay_us)
    [Anonymous Symbol]                       0x0800269c   Section        0  cmt_spi3.o(.text.cmt_spi3_init)
    [Anonymous Symbol]                       0x08002718   Section        0  cmt_spi3.o(.text.cmt_spi3_read)
    [Anonymous Symbol]                       0x080027c4   Section        0  cmt_spi3.o(.text.cmt_spi3_read_fifo)
    [Anonymous Symbol]                       0x08002898   Section        0  cmt_spi3.o(.text.cmt_spi3_recv)
    [Anonymous Symbol]                       0x080028d8   Section        0  cmt_spi3.o(.text.cmt_spi3_send)
    [Anonymous Symbol]                       0x08002920   Section        0  cmt_spi3.o(.text.cmt_spi3_write)
    [Anonymous Symbol]                       0x080029c0   Section        0  cmt_spi3.o(.text.cmt_spi3_write_fifo)
    [Anonymous Symbol]                       0x08002a94   Section        0  protocol.o(.text.cw_to_local_frame)
    [Anonymous Symbol]                       0x08002ad4   Section        0  delay.o(.text.delay_ms)
    [Anonymous Symbol]                       0x08002b00   Section        0  delay.o(.text.delay_us)
    [Anonymous Symbol]                       0x08002b28   Section        0  bsp_usart.o(.text.fputc)
    [Anonymous Symbol]                       0x08002b4c   Section        0  485.o(.text.get_rebuff)
    [Anonymous Symbol]                       0x08002b64   Section        0  motor.o(.text.hall_detect)
    [Anonymous Symbol]                       0x08002ca0   Section        0  motor.o(.text.hall_detect_power)
    [Anonymous Symbol]                       0x08002ce8   Section        0  motor.o(.text.hall_init)
    [Anonymous Symbol]                       0x08002d2c   Section        0  main.o(.text.main)
    [Anonymous Symbol]                       0x08002e94   Section        0  motor.o(.text.motor_init)
    [Anonymous Symbol]                       0x08002f10   Section        0  motor.o(.text.motor_mode)
    [Anonymous Symbol]                       0x08002fb8   Section        0  motor.o(.text.motor_set_dir)
    [Anonymous Symbol]                       0x08003018   Section        0  motor.o(.text.motor_tim3init)
    [Anonymous Symbol]                       0x08003094   Section        0  oled_show.o(.text.oled_show_line1)
    [Anonymous Symbol]                       0x080030c4   Section        0  oled_show.o(.text.oled_show_line2)
    [Anonymous Symbol]                       0x080032c8   Section        0  oled_show.o(.text.oled_show_line3)
    [Anonymous Symbol]                       0x080032f4   Section        0  motor.o(.text.rotate_over_time)
    [Anonymous Symbol]                       0x08003350   Section        0  485.o(.text.rs485_init)
    [Anonymous Symbol]                       0x0800342c   Section        0  protocol.o(.text.rx_data_hadle)
    [Anonymous Symbol]                       0x0800356c   Section        0  bsp_usart.o(.text.ucBSP_UartSendDataPoll)
    [Anonymous Symbol]                       0x080035b4   Section        0  bsp_adc.o(.text.usGetMCUADCVolt)
    [Anonymous Symbol]                       0x0800364c   Section        0  bsp_adc.o(.text.vBSP_ADC_Init)
    [Anonymous Symbol]                       0x080036c0   Section        0  bsp_timer.o(.text.vBSP_DelayMs)
    [Anonymous Symbol]                       0x080036cc   Section        0  bsp_io.o(.text.vBSP_GpioDeinit)
    [Anonymous Symbol]                       0x080037e4   Section        0  bsp_io.o(.text.vBSP_Port_FullSpeed)
    [Anonymous Symbol]                       0x0800383c   Section        0  bsp_timer.o(.text.vBSP_Timer2Init)
    [Anonymous Symbol]                       0x080038cc   Section        0  bsp_usart.o(.text.vBSP_USARTDeInit)
    [Anonymous Symbol]                       0x080038dc   Section        0  bsp_usart.o(.text.vBSP_USARTInit)
    [Anonymous Symbol]                       0x08003a44   Section        0  bsp_wdg.o(.text.vBSP_WDG_Refresh)
    [Anonymous Symbol]                       0x08003a4c   Section        0  bsp_adc.o(.text.vBsp_ADC_PollForConversion)
    [Anonymous Symbol]                       0x08003a7c   Section        0  bsp_adc.o(.text.vPower_Device)
    [Anonymous Symbol]                       0x08003ab0   Section        0  bsp_adc.o(.text.vPower_Motor)
    [Anonymous Symbol]                       0x08003abc   Section        0  485.o(.text.xtp_memset)
    [Anonymous Symbol]                       0x08003ad8   Section        0  api.o(.text.xy_frame_calc_xor)
    i.__0sprintf$8                           0x08003b0c   Section        0  printf8.o(i.__0sprintf$8)
    i.__scatterload_copy                     0x08003b34   Section       14  handlers.o(i.__scatterload_copy)
    i.__scatterload_null                     0x08003b42   Section        2  handlers.o(i.__scatterload_null)
    i.__scatterload_zeroinit                 0x08003b44   Section       14  handlers.o(i.__scatterload_zeroinit)
    _printf_core                             0x08003b55   Thumb Code   996  printf8.o(i._printf_core)
    i._printf_core                           0x08003b54   Section        0  printf8.o(i._printf_core)
    _printf_post_padding                     0x08003f65   Thumb Code    36  printf8.o(i._printf_post_padding)
    i._printf_post_padding                   0x08003f64   Section        0  printf8.o(i._printf_post_padding)
    _printf_pre_padding                      0x08003f89   Thumb Code    46  printf8.o(i._printf_pre_padding)
    i._printf_pre_padding                    0x08003f88   Section        0  printf8.o(i._printf_pre_padding)
    _sputc                                   0x08003fb7   Thumb Code    10  printf8.o(i._sputc)
    i._sputc                                 0x08003fb6   Section        0  printf8.o(i._sputc)
    i.puts                                   0x08003fc0   Section        0  puts.o(i.puts)
    s_ApbAhbPresTable                        0x080047fc   Data          16  n32l40x_rcc.o(.rodata.cst16)
    [Anonymous Symbol]                       0x080047fc   Section        0  n32l40x_rcc.o(.rodata.cst16)
    .L.str                                   0x0800486c   Data           7  oled_show.o(.rodata.str1.1)
    [Anonymous Symbol]                       0x0800486c   Section        0  oled_show.o(.rodata.str1.1)
    .L.str.1                                 0x08004873   Data           3  oled_show.o(.rodata.str1.1)
    .data                                    0x20000000   Section        4  stdout.o(.data)
    adc_buff                                 0x20000f30   Data          24  bsp_adc.o(.bss.adc_buff)
    [Anonymous Symbol]                       0x20000f30   Section        0  bsp_adc.o(.bss.adc_buff)
    adc_buff_handle.buff_cnt                 0x20000f48   Data           1  bsp_adc.o(.bss.adc_buff_handle.buff_cnt)
    [Anonymous Symbol]                       0x20000f48   Section        0  bsp_adc.o(.bss.adc_buff_handle.buff_cnt)
    adc_buff_handle.new_value                0x20000f4c   Data           4  bsp_adc.o(.bss.adc_buff_handle.new_value)
    [Anonymous Symbol]                       0x20000f4c   Section        0  bsp_adc.o(.bss.adc_buff_handle.new_value)
    g_nInterrutFlags                         0x20000f72   Data           1  radio.o(.bss.g_nInterrutFlags)
    [Anonymous Symbol]                       0x20000f72   Section        0  radio.o(.bss.g_nInterrutFlags)
    g_nNextRFState                           0x20000f73   Data           1  radio.o(.bss.g_nNextRFState)
    [Anonymous Symbol]                       0x20000f73   Section        0  radio.o(.bss.g_nNextRFState)
    g_pRxBuffer                              0x20000f74   Data           4  radio.o(.bss.g_pRxBuffer)
    [Anonymous Symbol]                       0x20000f74   Section        0  radio.o(.bss.g_pRxBuffer)
    g_pTxBuffer                              0x20000f78   Data           4  radio.o(.bss.g_pTxBuffer)
    [Anonymous Symbol]                       0x20000f78   Section        0  radio.o(.bss.g_pTxBuffer)
    STACK                                    0x200015e0   Section     5376  startup_n32l40x.o(STACK)

    Global Symbols

    Symbol Name                              Value     Ov Type        Size  Object(Section)

    BuildAttributes$$THM_ISAv4$E$P$D$K$B$S$7EM$VFPi3$EXTD16$VFPS$VFMA$PE$A:L22UL41UL21$X:L11$S22US41US21$IEEE1$IW$~IW$USESV6$~STKCKD$USESV7$~SHL$OTIME$ROPI$EBA8$MICROLIB$REQ8$PRES8$EABIv2 0x00000000   Number         0  anon$$obj.o ABSOLUTE
    _printf_a                                0x00000000   Number         0  printfstubs.o ABSOLUTE
    _printf_c                                0x00000000   Number         0  printfstubs.o ABSOLUTE
    _printf_charcount                        0x00000000   Number         0  printfstubs.o ABSOLUTE
    _printf_d                                0x00000000   Number         0  printfstubs.o ABSOLUTE
    _printf_e                                0x00000000   Number         0  printfstubs.o ABSOLUTE
    _printf_f                                0x00000000   Number         0  printfstubs.o ABSOLUTE
    _printf_flags                            0x00000000   Number         0  printfstubs.o ABSOLUTE
    _printf_fp_dec                           0x00000000   Number         0  printfstubs.o ABSOLUTE
    _printf_fp_hex                           0x00000000   Number         0  printfstubs.o ABSOLUTE
    _printf_g                                0x00000000   Number         0  printfstubs.o ABSOLUTE
    _printf_i                                0x00000000   Number         0  printfstubs.o ABSOLUTE
    _printf_int_dec                          0x00000000   Number         0  printfstubs.o ABSOLUTE
    _printf_l                                0x00000000   Number         0  printfstubs.o ABSOLUTE
    _printf_lc                               0x00000000   Number         0  printfstubs.o ABSOLUTE
    _printf_ll                               0x00000000   Number         0  printfstubs.o ABSOLUTE
    _printf_lld                              0x00000000   Number         0  printfstubs.o ABSOLUTE
    _printf_lli                              0x00000000   Number         0  printfstubs.o ABSOLUTE
    _printf_llo                              0x00000000   Number         0  printfstubs.o ABSOLUTE
    _printf_llu                              0x00000000   Number         0  printfstubs.o ABSOLUTE
    _printf_llx                              0x00000000   Number         0  printfstubs.o ABSOLUTE
    _printf_longlong_dec                     0x00000000   Number         0  printfstubs.o ABSOLUTE
    _printf_longlong_hex                     0x00000000   Number         0  printfstubs.o ABSOLUTE
    _printf_longlong_oct                     0x00000000   Number         0  printfstubs.o ABSOLUTE
    _printf_ls                               0x00000000   Number         0  printfstubs.o ABSOLUTE
    _printf_mbtowc                           0x00000000   Number         0  printfstubs.o ABSOLUTE
    _printf_n                                0x00000000   Number         0  printfstubs.o ABSOLUTE
    _printf_o                                0x00000000   Number         0  printfstubs.o ABSOLUTE
    _printf_p                                0x00000000   Number         0  printfstubs.o ABSOLUTE
    _printf_percent                          0x00000000   Number         0  printfstubs.o ABSOLUTE
    _printf_pre_padding                      0x00000000   Number         0  printfstubs.o ABSOLUTE
    _printf_return_value                     0x00000000   Number         0  printfstubs.o ABSOLUTE
    _printf_s                                0x00000000   Number         0  printfstubs.o ABSOLUTE
    _printf_sizespec                         0x00000000   Number         0  printfstubs.o ABSOLUTE
    _printf_str                              0x00000000   Number         0  printfstubs.o ABSOLUTE
    _printf_truncate_signed                  0x00000000   Number         0  printfstubs.o ABSOLUTE
    _printf_truncate_unsigned                0x00000000   Number         0  printfstubs.o ABSOLUTE
    _printf_u                                0x00000000   Number         0  printfstubs.o ABSOLUTE
    _printf_wc                               0x00000000   Number         0  printfstubs.o ABSOLUTE
    _printf_wctomb                           0x00000000   Number         0  printfstubs.o ABSOLUTE
    _printf_widthprec                        0x00000000   Number         0  printfstubs.o ABSOLUTE
    _printf_x                                0x00000000   Number         0  printfstubs.o ABSOLUTE
    __cpp_initialize__aeabi_                  - Undefined Weak Reference
    __cxa_finalize                            - Undefined Weak Reference
    _clock_init                               - Undefined Weak Reference
    _microlib_exit                            - Undefined Weak Reference
    __Vectors_Size                           0x00000148   Number         0  startup_n32l40x.o ABSOLUTE
    __Vectors                                0x08000000   Data           4  startup_n32l40x.o(RESET)
    __Vectors_End                            0x08000148   Data           0  startup_n32l40x.o(RESET)
    __main                                   0x08000149   Thumb Code     0  entry.o(.ARM.Collect$$$$00000000)
    _main_stk                                0x08000149   Thumb Code     0  entry2.o(.ARM.Collect$$$$00000001)
    _main_scatterload                        0x0800014d   Thumb Code     0  entry5.o(.ARM.Collect$$$$00000004)
    __main_after_scatterload                 0x08000151   Thumb Code     0  entry5.o(.ARM.Collect$$$$00000004)
    _main_clock                              0x08000151   Thumb Code     0  entry7b.o(.ARM.Collect$$$$00000008)
    _main_cpp_init                           0x08000151   Thumb Code     0  entry8b.o(.ARM.Collect$$$$0000000A)
    _main_init                               0x08000151   Thumb Code     0  entry9a.o(.ARM.Collect$$$$0000000B)
    __rt_final_cpp                           0x08000159   Thumb Code     0  entry10a.o(.ARM.Collect$$$$0000000D)
    __rt_final_exit                          0x08000159   Thumb Code     0  entry11a.o(.ARM.Collect$$$$0000000F)
    Reset_Handler                            0x0800015d   Thumb Code     8  startup_n32l40x.o(.text)
    PendSV_Handler                           0x08000173   Thumb Code     2  startup_n32l40x.o(.text)
    ADC_IRQHandler                           0x08000177   Thumb Code     0  startup_n32l40x.o(.text)
    CAN_RX0_IRQHandler                       0x08000177   Thumb Code     0  startup_n32l40x.o(.text)
    CAN_RX1_IRQHandler                       0x08000177   Thumb Code     0  startup_n32l40x.o(.text)
    CAN_SCE_IRQHandler                       0x08000177   Thumb Code     0  startup_n32l40x.o(.text)
    CAN_TX_IRQHandler                        0x08000177   Thumb Code     0  startup_n32l40x.o(.text)
    COMP_1_2_IRQHandler                      0x08000177   Thumb Code     0  startup_n32l40x.o(.text)
    DMA_Channel1_IRQHandler                  0x08000177   Thumb Code     0  startup_n32l40x.o(.text)
    DMA_Channel2_IRQHandler                  0x08000177   Thumb Code     0  startup_n32l40x.o(.text)
    DMA_Channel3_IRQHandler                  0x08000177   Thumb Code     0  startup_n32l40x.o(.text)
    DMA_Channel4_IRQHandler                  0x08000177   Thumb Code     0  startup_n32l40x.o(.text)
    DMA_Channel5_IRQHandler                  0x08000177   Thumb Code     0  startup_n32l40x.o(.text)
    DMA_Channel6_IRQHandler                  0x08000177   Thumb Code     0  startup_n32l40x.o(.text)
    DMA_Channel7_IRQHandler                  0x08000177   Thumb Code     0  startup_n32l40x.o(.text)
    DMA_Channel8_IRQHandler                  0x08000177   Thumb Code     0  startup_n32l40x.o(.text)
    FLASH_IRQHandler                         0x08000177   Thumb Code     0  startup_n32l40x.o(.text)
    I2C1_ER_IRQHandler                       0x08000177   Thumb Code     0  startup_n32l40x.o(.text)
    I2C1_EV_IRQHandler                       0x08000177   Thumb Code     0  startup_n32l40x.o(.text)
    I2C2_ER_IRQHandler                       0x08000177   Thumb Code     0  startup_n32l40x.o(.text)
    I2C2_EV_IRQHandler                       0x08000177   Thumb Code     0  startup_n32l40x.o(.text)
    LCD_IRQHandler                           0x08000177   Thumb Code     0  startup_n32l40x.o(.text)
    LPTIM_WKUP_IRQHandler                    0x08000177   Thumb Code     0  startup_n32l40x.o(.text)
    LPUART_IRQHandler                        0x08000177   Thumb Code     0  startup_n32l40x.o(.text)
    LPUART_WKUP_IRQHandler                   0x08000177   Thumb Code     0  startup_n32l40x.o(.text)
    MMU_IRQHandler                           0x08000177   Thumb Code     0  startup_n32l40x.o(.text)
    PVD_IRQHandler                           0x08000177   Thumb Code     0  startup_n32l40x.o(.text)
    RAMC_PERR_IRQHandler                     0x08000177   Thumb Code     0  startup_n32l40x.o(.text)
    RCC_IRQHandler                           0x08000177   Thumb Code     0  startup_n32l40x.o(.text)
    RTCAlarm_IRQHandler                      0x08000177   Thumb Code     0  startup_n32l40x.o(.text)
    RTC_WKUP_IRQHandler                      0x08000177   Thumb Code     0  startup_n32l40x.o(.text)
    SAC_IRQHandler                           0x08000177   Thumb Code     0  startup_n32l40x.o(.text)
    SPI1_IRQHandler                          0x08000177   Thumb Code     0  startup_n32l40x.o(.text)
    SPI2_IRQHandler                          0x08000177   Thumb Code     0  startup_n32l40x.o(.text)
    TAMPER_IRQHandler                        0x08000177   Thumb Code     0  startup_n32l40x.o(.text)
    TIM1_BRK_IRQHandler                      0x08000177   Thumb Code     0  startup_n32l40x.o(.text)
    TIM1_CC_IRQHandler                       0x08000177   Thumb Code     0  startup_n32l40x.o(.text)
    TIM1_TRG_COM_IRQHandler                  0x08000177   Thumb Code     0  startup_n32l40x.o(.text)
    TIM1_UP_IRQHandler                       0x08000177   Thumb Code     0  startup_n32l40x.o(.text)
    TIM4_IRQHandler                          0x08000177   Thumb Code     0  startup_n32l40x.o(.text)
    TIM5_IRQHandler                          0x08000177   Thumb Code     0  startup_n32l40x.o(.text)
    TIM6_IRQHandler                          0x08000177   Thumb Code     0  startup_n32l40x.o(.text)
    TIM7_IRQHandler                          0x08000177   Thumb Code     0  startup_n32l40x.o(.text)
    TIM8_BRK_IRQHandler                      0x08000177   Thumb Code     0  startup_n32l40x.o(.text)
    TIM8_CC_IRQHandler                       0x08000177   Thumb Code     0  startup_n32l40x.o(.text)
    TIM8_TRG_COM_IRQHandler                  0x08000177   Thumb Code     0  startup_n32l40x.o(.text)
    TIM8_UP_IRQHandler                       0x08000177   Thumb Code     0  startup_n32l40x.o(.text)
    TIM9_IRQHandler                          0x08000177   Thumb Code     0  startup_n32l40x.o(.text)
    TSC_IRQHandler                           0x08000177   Thumb Code     0  startup_n32l40x.o(.text)
    UART4_IRQHandler                         0x08000177   Thumb Code     0  startup_n32l40x.o(.text)
    UCDR_IRQHandler                          0x08000177   Thumb Code     0  startup_n32l40x.o(.text)
    USBWakeUp_IRQHandler                     0x08000177   Thumb Code     0  startup_n32l40x.o(.text)
    USB_HP_IRQHandler                        0x08000177   Thumb Code     0  startup_n32l40x.o(.text)
    USB_LP_IRQHandler                        0x08000177   Thumb Code     0  startup_n32l40x.o(.text)
    WWDG_IRQHandler                          0x08000177   Thumb Code     0  startup_n32l40x.o(.text)
    __aeabi_memset                           0x08000181   Thumb Code    14  memseta.o(.text)
    __aeabi_memset4                          0x08000181   Thumb Code     0  memseta.o(.text)
    __aeabi_memset8                          0x08000181   Thumb Code     0  memseta.o(.text)
    __aeabi_memclr                           0x0800018f   Thumb Code     4  memseta.o(.text)
    __aeabi_memclr4                          0x0800018f   Thumb Code     0  memseta.o(.text)
    __aeabi_memclr8                          0x0800018f   Thumb Code     0  memseta.o(.text)
    _memset$wrapper                          0x08000193   Thumb Code    18  memseta.o(.text)
    __aeabi_uldivmod                         0x080001a5   Thumb Code    98  uldiv.o(.text)
    __scatterload                            0x08000209   Thumb Code    28  init.o(.text)
    __scatterload_rt2                        0x08000209   Thumb Code     0  init.o(.text)
    __aeabi_llsl                             0x0800022d   Thumb Code    30  llshl.o(.text)
    _ll_shift_l                              0x0800022d   Thumb Code     0  llshl.o(.text)
    __aeabi_llsr                             0x0800024b   Thumb Code    32  llushr.o(.text)
    _ll_ushift_r                             0x0800024b   Thumb Code     0  llushr.o(.text)
    __decompress                             0x0800026b   Thumb Code     0  __dclz77c.o(.text)
    __decompress2                            0x0800026b   Thumb Code    94  __dclz77c.o(.text)
    ADC_ClearFlag                            0x080002c9   Thumb Code    10  n32l40x_adc.o(.text.ADC_ClearFlag)
    ADC_ConfigClk                            0x080002d5   Thumb Code    36  n32l40x_adc.o(.text.ADC_ConfigClk)
    ADC_ConfigRegularChannel                 0x080002f9   Thumb Code   118  n32l40x_adc.o(.text.ADC_ConfigRegularChannel)
    ADC_Enable                               0x08000371   Thumb Code    16  n32l40x_adc.o(.text.ADC_Enable)
    ADC_EnableSoftwareStartConv              0x08000381   Thumb Code    18  n32l40x_adc.o(.text.ADC_EnableSoftwareStartConv)
    ADC_GetCalibrationStatus                 0x08000395   Thumb Code    16  n32l40x_adc.o(.text.ADC_GetCalibrationStatus)
    ADC_GetDat                               0x080003a5   Thumb Code     6  n32l40x_adc.o(.text.ADC_GetDat)
    ADC_GetFlagStatus                        0x080003ad   Thumb Code    10  n32l40x_adc.o(.text.ADC_GetFlagStatus)
    ADC_GetFlagStatusNew                     0x080003b9   Thumb Code    10  n32l40x_adc.o(.text.ADC_GetFlagStatusNew)
    ADC_Init                                 0x080003c5   Thumb Code    92  n32l40x_adc.o(.text.ADC_Init)
    ADC_StartCalibration                     0x08000421   Thumb Code    18  n32l40x_adc.o(.text.ADC_StartCalibration)
    BusFault_Handler                         0x08000435   Thumb Code     2  bsp_interrupt.o(.text.BusFault_Handler)
    Cmt2300_ClearFifo                        0x08000439   Thumb Code    22  cmt2300.o(.text.Cmt2300_ClearFifo)
    Cmt2300_ClearInterruptFlags              0x08000451   Thumb Code   148  cmt2300.o(.text.Cmt2300_ClearInterruptFlags)
    Cmt2300_ConfigRegBank                    0x080004e5   Thumb Code    44  cmt2300.o(.text.Cmt2300_ConfigRegBank)
    Cmt2300_EnableAntennaSwitch              0x08000511   Thumb Code    46  cmt2300.o(.text.Cmt2300_EnableAntennaSwitch)
    Cmt2300_EnableInterrupt                  0x08000541   Thumb Code    12  cmt2300.o(.text.Cmt2300_EnableInterrupt)
    Cmt2300_EnableLfosc                      0x0800054d   Thumb Code    28  cmt2300.o(.text.Cmt2300_EnableLfosc)
    Cmt2300_EnableReadFifo                   0x08000569   Thumb Code    20  cmt2300.o(.text.Cmt2300_EnableReadFifo)
    Cmt2300_EnableWriteFifo                  0x0800057d   Thumb Code    20  cmt2300.o(.text.Cmt2300_EnableWriteFifo)
    Cmt2300_GetChipStatus                    0x08000591   Thumb Code    14  cmt2300.o(.text.Cmt2300_GetChipStatus)
    Cmt2300_GoRx                             0x080005a1   Thumb Code    18  cmt2300.o(.text.Cmt2300_GoRx)
    Cmt2300_GoSleep                          0x080005b5   Thumb Code    18  cmt2300.o(.text.Cmt2300_GoSleep)
    Cmt2300_GoStby                           0x080005c9   Thumb Code    18  cmt2300.o(.text.Cmt2300_GoStby)
    Cmt2300_GoTx                             0x080005dd   Thumb Code    18  cmt2300.o(.text.Cmt2300_GoTx)
    Cmt2300_Init                             0x080005f1   Thumb Code    48  cmt2300.o(.text.Cmt2300_Init)
    Cmt2300_InitGpio                         0x08000621   Thumb Code     8  cmt2300_hal.o(.text.Cmt2300_InitGpio)
    Cmt2300_ReadFifo                         0x08000629   Thumb Code     8  cmt2300_hal.o(.text.Cmt2300_ReadFifo)
    Cmt2300_ReadReg                          0x08000631   Thumb Code    26  cmt2300_hal.o(.text.Cmt2300_ReadReg)
    Cmt2300_SoftReset                        0x0800064d   Thumb Code    12  cmt2300.o(.text.Cmt2300_SoftReset)
    Cmt2300_WaitChipStatus                   0x08000659   Thumb Code    38  cmt2300.o(.text.Cmt2300_WaitChipStatus)
    Cmt2300_WriteFifo                        0x08000681   Thumb Code     8  cmt2300_hal.o(.text.Cmt2300_WriteFifo)
    Cmt2300_WriteReg                         0x08000689   Thumb Code     8  cmt2300_hal.o(.text.Cmt2300_WriteReg)
    ConfigMRVoltage1V                        0x08000691   Thumb Code   114  system_n32l40x.o(.text.ConfigMRVoltage1V)
    DMA_DeInit                               0x08000705   Thumb Code   188  n32l40x_dma.o(.text.DMA_DeInit)
    DMA_EnableChannel                        0x080007c1   Thumb Code    22  n32l40x_dma.o(.text.DMA_EnableChannel)
    DMA_Init                                 0x080007d9   Thumb Code    72  n32l40x_dma.o(.text.DMA_Init)
    DMA_RequestRemap                         0x08000821   Thumb Code    10  n32l40x_dma.o(.text.DMA_RequestRemap)
    DebugMon_Handler                         0x0800082d   Thumb Code     2  bsp_interrupt.o(.text.DebugMon_Handler)
    EXTI0_IRQHandler                         0x08000831   Thumb Code    28  bsp_interrupt.o(.text.EXTI0_IRQHandler)
    EXTI15_10_IRQHandler                     0x0800084d   Thumb Code    42  bsp_interrupt.o(.text.EXTI15_10_IRQHandler)
    EXTI1_IRQHandler                         0x08000879   Thumb Code    28  bsp_interrupt.o(.text.EXTI1_IRQHandler)
    EXTI2_IRQHandler                         0x08000895   Thumb Code    28  bsp_interrupt.o(.text.EXTI2_IRQHandler)
    EXTI3_IRQHandler                         0x080008b1   Thumb Code    28  bsp_interrupt.o(.text.EXTI3_IRQHandler)
    EXTI4_IRQHandler                         0x080008cd   Thumb Code    28  bsp_interrupt.o(.text.EXTI4_IRQHandler)
    EXTI9_5_IRQHandler                       0x080008e9   Thumb Code    42  bsp_interrupt.o(.text.EXTI9_5_IRQHandler)
    EXTI_ClrITPendBit                        0x08000915   Thumb Code    12  n32l40x_exti.o(.text.EXTI_ClrITPendBit)
    EXTI_GetITStatus                         0x08000921   Thumb Code    30  n32l40x_exti.o(.text.EXTI_GetITStatus)
    FLASH_PrefetchBufSet                     0x08000941   Thumb Code    24  n32l40x_flash.o(.text.FLASH_PrefetchBufSet)
    FLASH_SetLatency                         0x08000959   Thumb Code    20  n32l40x_flash.o(.text.FLASH_SetLatency)
    GPIO_Configuration                       0x0800096d   Thumb Code   132  oled_spi.o(.text.GPIO_Configuration)
    GPIO_InitPeripheral                      0x080009f1   Thumb Code   420  n32l40x_gpio.o(.text.GPIO_InitPeripheral)
    GPIO_InitStruct                          0x08000b95   Thumb Code    18  n32l40x_gpio.o(.text.GPIO_InitStruct)
    GPIO_Pin_Setting                         0x08000ba9   Thumb Code    24  cmt_spi3.o(.text.GPIO_Pin_Setting)
    GPIO_ReadInputDataBit                    0x08000bc1   Thumb Code    10  n32l40x_gpio.o(.text.GPIO_ReadInputDataBit)
    GPIO_ResetBits                           0x08000bcd   Thumb Code     4  n32l40x_gpio.o(.text.GPIO_ResetBits)
    GPIO_SetBits                             0x08000bd1   Thumb Code     4  n32l40x_gpio.o(.text.GPIO_SetBits)
    HAL_ADC_MspInit                          0x08000bd5   Thumb Code    48  bsp_adc.o(.text.HAL_ADC_MspInit)
    HAL_GPIO_EXTI_Callback                   0x08000c05   Thumb Code    36  bsp_io.o(.text.HAL_GPIO_EXTI_Callback)
    HAL_IncTick                              0x08000c29   Thumb Code    16  bsp_timer.o(.text.HAL_IncTick)
    HAL_TIM_PeriodElapsedCallback            0x08000c39   Thumb Code    80  bsp_timer.o(.text.HAL_TIM_PeriodElapsedCallback)
    HAL_UART_ErrorCallback                   0x08000c89   Thumb Code     2  bsp_usart.o(.text.HAL_UART_ErrorCallback)
    HAL_UART_IdleCallback                    0x08000c8d   Thumb Code    52  bsp_usart.o(.text.HAL_UART_IdleCallback)
    HAL_UART_MspDeInit                       0x08000cc1   Thumb Code   276  bsp_usart.o(.text.HAL_UART_MspDeInit)
    HAL_UART_MspInit                         0x08000dd5   Thumb Code   472  bsp_usart.o(.text.HAL_UART_MspInit)
    HAL_UART_RxCpltCallback                  0x08000fad   Thumb Code    52  bsp_usart.o(.text.HAL_UART_RxCpltCallback)
    HardFault_Handler                        0x08000fe1   Thumb Code     2  bsp_interrupt.o(.text.HardFault_Handler)
    IWDG_ReloadKey                           0x08000fe5   Thumb Code    16  n32l40x_iwdg.o(.text.IWDG_ReloadKey)
    MemManage_Handler                        0x08000ff5   Thumb Code     2  bsp_interrupt.o(.text.MemManage_Handler)
    NMI_Handler                              0x08000ff9   Thumb Code     2  bsp_interrupt.o(.text.NMI_Handler)
    NVIC_Init                                0x08000ffd   Thumb Code    94  misc.o(.text.NVIC_Init)
    NVIC_PriorityGroupConfig                 0x0800105d   Thumb Code    20  misc.o(.text.NVIC_PriorityGroupConfig)
    OLED_Clear                               0x08001071   Thumb Code    62  oled.o(.text.OLED_Clear)
    OLED_DMA_Init                            0x080010b1   Thumb Code   120  oled_spi.o(.text.OLED_DMA_Init)
    OLED_Init                                0x08001129   Thumb Code    12  oled.o(.text.OLED_Init)
    OLED_Long_HZ                             0x08001135   Thumb Code   214  oled.o(.text.OLED_Long_HZ)
    OLED_ONE_HZ                              0x0800120d   Thumb Code   146  oled.o(.text.OLED_ONE_HZ)
    OLED_Reg_Init                            0x080012a1   Thumb Code   168  oled.o(.text.OLED_Reg_Init)
    OLED_SPI_Init                            0x08001349   Thumb Code    84  oled_spi.o(.text.OLED_SPI_Init)
    OLED_SendCmd                             0x0800139d   Thumb Code    66  oled.o(.text.OLED_SendCmd)
    OLED_ZFC                                 0x080013e1   Thumb Code   204  oled.o(.text.OLED_ZFC)
    RCC_ConfigAdc1mClk                       0x080014ad   Thumb Code    22  n32l40x_rcc.o(.text.RCC_ConfigAdc1mClk)
    RCC_ConfigAdcHclk                        0x080014c5   Thumb Code    20  n32l40x_rcc.o(.text.RCC_ConfigAdcHclk)
    RCC_ConfigAdcPllClk                      0x080014d9   Thumb Code    28  n32l40x_rcc.o(.text.RCC_ConfigAdcPllClk)
    RCC_ConfigHclk                           0x080014f5   Thumb Code    20  n32l40x_rcc.o(.text.RCC_ConfigHclk)
    RCC_ConfigPclk1                          0x08001509   Thumb Code    20  n32l40x_rcc.o(.text.RCC_ConfigPclk1)
    RCC_ConfigPclk2                          0x0800151d   Thumb Code    22  n32l40x_rcc.o(.text.RCC_ConfigPclk2)
    RCC_ConfigPll                            0x08001535   Thumb Code    56  n32l40x_rcc.o(.text.RCC_ConfigPll)
    RCC_ConfigSysclk                         0x0800156d   Thumb Code    20  n32l40x_rcc.o(.text.RCC_ConfigSysclk)
    RCC_Configuration                        0x08001581   Thumb Code    36  oled_spi.o(.text.RCC_Configuration)
    RCC_EnableAHBPeriphClk                   0x080015a5   Thumb Code    24  n32l40x_rcc.o(.text.RCC_EnableAHBPeriphClk)
    RCC_EnableAPB1PeriphClk                  0x080015bd   Thumb Code    24  n32l40x_rcc.o(.text.RCC_EnableAPB1PeriphClk)
    RCC_EnableAPB1PeriphReset                0x080015d5   Thumb Code    24  n32l40x_rcc.o(.text.RCC_EnableAPB1PeriphReset)
    RCC_EnableAPB2PeriphClk                  0x080015ed   Thumb Code    24  n32l40x_rcc.o(.text.RCC_EnableAPB2PeriphClk)
    RCC_EnableAPB2PeriphReset                0x08001605   Thumb Code    24  n32l40x_rcc.o(.text.RCC_EnableAPB2PeriphReset)
    RCC_EnableHsi                            0x0800161d   Thumb Code    10  n32l40x_rcc.o(.text.RCC_EnableHsi)
    RCC_EnablePll                            0x08001629   Thumb Code    10  n32l40x_rcc.o(.text.RCC_EnablePll)
    RCC_GetClocksFreqValue                   0x08001635   Thumb Code   216  n32l40x_rcc.o(.text.RCC_GetClocksFreqValue)
    RCC_GetFlagStatus                        0x08001759   Thumb Code    42  n32l40x_rcc.o(.text.RCC_GetFlagStatus)
    RCC_GetSysclkSrc                         0x08001785   Thumb Code    16  n32l40x_rcc.o(.text.RCC_GetSysclkSrc)
    RCC_WaitHsiStable                        0x08001795   Thumb Code    48  n32l40x_rcc.o(.text.RCC_WaitHsiStable)
    RFInit                                   0x080017c5   Thumb Code     8  rf.o(.text.RFInit)
    RFRevData                                0x080017cd   Thumb Code    56  rf.o(.text.RFRevData)
    RFRxMode                                 0x08001805   Thumb Code    22  rf.o(.text.RFRxMode)
    RF_Config                                0x0800181d   Thumb Code    42  radio.o(.text.RF_Config)
    RF_Init                                  0x08001849   Thumb Code   112  radio.o(.text.RF_Init)
    RF_Process                               0x080018b9   Thumb Code   412  radio.o(.text.RF_Process)
    RF_StartRx                               0x08001a65   Thumb Code    24  radio.o(.text.RF_StartRx)
    RS485_SendByte                           0x08001a7d   Thumb Code    34  485.o(.text.RS485_SendByte)
    RS485_SendStr_length                     0x08001aa1   Thumb Code    62  485.o(.text.RS485_SendStr_length)
    SPI_Enable                               0x08001ae1   Thumb Code    20  n32l40x_spi.o(.text.SPI_Enable)
    SPI_I2S_EnableDma                        0x08001af5   Thumb Code    16  n32l40x_spi.o(.text.SPI_I2S_EnableDma)
    SPI_I2S_GetStatus                        0x08001b05   Thumb Code    10  n32l40x_spi.o(.text.SPI_I2S_GetStatus)
    SPI_I2S_TransmitData                     0x08001b11   Thumb Code     4  n32l40x_spi.o(.text.SPI_I2S_TransmitData)
    SPI_Init                                 0x08001b15   Thumb Code    70  n32l40x_spi.o(.text.SPI_Init)
    SPI_SSOutputEnable                       0x08001b5d   Thumb Code    20  n32l40x_spi.o(.text.SPI_SSOutputEnable)
    SVC_Handler                              0x08001b71   Thumb Code     2  bsp_interrupt.o(.text.SVC_Handler)
    SysTick_CLKSourceConfig                  0x08001c01   Thumb Code    24  misc.o(.text.SysTick_CLKSourceConfig)
    SysTick_Handler                          0x08001c19   Thumb Code     8  bsp_interrupt.o(.text.SysTick_Handler)
    SystemClock_Config                       0x08001c21   Thumb Code   206  main.o(.text.SystemClock_Config)
    SystemInit                               0x08001cf1   Thumb Code   202  system_n32l40x.o(.text.SystemInit)
    TIM2_IRQHandler                          0x08001dbd   Thumb Code    38  bsp_interrupt.o(.text.TIM2_IRQHandler)
    TIM3_IRQHandler                          0x08001de5   Thumb Code   526  motor.o(.text.TIM3_IRQHandler)
    TIM_ClrIntPendingBit                     0x08001ff5   Thumb Code     6  n32l40x_tim.o(.text.TIM_ClrIntPendingBit)
    TIM_ConfigInt                            0x08001ffd   Thumb Code    16  n32l40x_tim.o(.text.TIM_ConfigInt)
    TIM_ConfigPrescaler                      0x0800200d   Thumb Code     6  n32l40x_tim.o(.text.TIM_ConfigPrescaler)
    TIM_Enable                               0x08002015   Thumb Code    16  n32l40x_tim.o(.text.TIM_Enable)
    TIM_GetIntStatus                         0x08002025   Thumb Code    24  n32l40x_tim.o(.text.TIM_GetIntStatus)
    TIM_InitTimeBase                         0x0800203d   Thumb Code   402  n32l40x_tim.o(.text.TIM_InitTimeBase)
    UART5_IRQHandler                         0x080021d1   Thumb Code   122  bsp_interrupt.o(.text.UART5_IRQHandler)
    UART_TxCallback                          0x0800224d   Thumb Code    74  bsp_usart.o(.text.UART_TxCallback)
    USART1_IRQHandler                        0x08002299   Thumb Code   112  bsp_interrupt.o(.text.USART1_IRQHandler)
    USART2_IRQHandler                        0x08002309   Thumb Code    68  485.o(.text.USART2_IRQHandler)
    USART3_IRQHandler                        0x0800234d   Thumb Code   122  bsp_interrupt.o(.text.USART3_IRQHandler)
    USART_ClrIntPendingBit                   0x080023c9   Thumb Code    14  n32l40x_usart.o(.text.USART_ClrIntPendingBit)
    USART_ConfigInt                          0x080023d9   Thumb Code    46  n32l40x_usart.o(.text.USART_ConfigInt)
    USART_DeInit                             0x08002409   Thumb Code   174  n32l40x_usart.o(.text.USART_DeInit)
    USART_Enable                             0x080024b9   Thumb Code    20  n32l40x_usart.o(.text.USART_Enable)
    USART_GetFlagStatus                      0x080024cd   Thumb Code    10  n32l40x_usart.o(.text.USART_GetFlagStatus)
    USART_GetIntStatus                       0x080024d9   Thumb Code    48  n32l40x_usart.o(.text.USART_GetIntStatus)
    USART_Init                               0x08002509   Thumb Code   168  n32l40x_usart.o(.text.USART_Init)
    USART_ReceiveData                        0x080025b1   Thumb Code     8  n32l40x_usart.o(.text.USART_ReceiveData)
    USART_SendData                           0x080025b9   Thumb Code     8  n32l40x_usart.o(.text.USART_SendData)
    USART_StructInit                         0x080025c1   Thumb Code    18  n32l40x_usart.o(.text.USART_StructInit)
    UsageFault_Handler                       0x080025d5   Thumb Code     2  bsp_interrupt.o(.text.UsageFault_Handler)
    adc_buff_handle                          0x080025f9   Thumb Code   114  bsp_adc.o(.text.adc_buff_handle)
    clean_rebuff                             0x0800266d   Thumb Code    34  485.o(.text.clean_rebuff)
    cmt_spi3_delay_us                        0x08002691   Thumb Code    10  cmt_spi3.o(.text.cmt_spi3_delay_us)
    cmt_spi3_init                            0x0800269d   Thumb Code   124  cmt_spi3.o(.text.cmt_spi3_init)
    cmt_spi3_read                            0x08002719   Thumb Code   170  cmt_spi3.o(.text.cmt_spi3_read)
    cmt_spi3_read_fifo                       0x080027c5   Thumb Code   210  cmt_spi3.o(.text.cmt_spi3_read_fifo)
    cmt_spi3_recv                            0x08002899   Thumb Code    62  cmt_spi3.o(.text.cmt_spi3_recv)
    cmt_spi3_send                            0x080028d9   Thumb Code    70  cmt_spi3.o(.text.cmt_spi3_send)
    cmt_spi3_write                           0x08002921   Thumb Code   158  cmt_spi3.o(.text.cmt_spi3_write)
    cmt_spi3_write_fifo                      0x080029c1   Thumb Code   210  cmt_spi3.o(.text.cmt_spi3_write_fifo)
    cw_to_local_frame                        0x08002a95   Thumb Code    62  protocol.o(.text.cw_to_local_frame)
    delay_ms                                 0x08002ad5   Thumb Code    42  delay.o(.text.delay_ms)
    delay_us                                 0x08002b01   Thumb Code    38  delay.o(.text.delay_us)
    fputc                                    0x08002b29   Thumb Code    34  bsp_usart.o(.text.fputc)
    get_rebuff                               0x08002b4d   Thumb Code    24  485.o(.text.get_rebuff)
    hall_detect                              0x08002b65   Thumb Code   316  motor.o(.text.hall_detect)
    hall_detect_power                        0x08002ca1   Thumb Code    72  motor.o(.text.hall_detect_power)
    hall_init                                0x08002ce9   Thumb Code    66  motor.o(.text.hall_init)
    main                                     0x08002d2d   Thumb Code   340  main.o(.text.main)
    motor_init                               0x08002e95   Thumb Code   122  motor.o(.text.motor_init)
    motor_mode                               0x08002f11   Thumb Code   168  motor.o(.text.motor_mode)
    motor_set_dir                            0x08002fb9   Thumb Code    94  motor.o(.text.motor_set_dir)
    motor_tim3init                           0x08003019   Thumb Code   124  motor.o(.text.motor_tim3init)
    oled_show_line1                          0x08003095   Thumb Code    46  oled_show.o(.text.oled_show_line1)
    oled_show_line2                          0x080030c5   Thumb Code   504  oled_show.o(.text.oled_show_line2)
    oled_show_line3                          0x080032c9   Thumb Code    44  oled_show.o(.text.oled_show_line3)
    rotate_over_time                         0x080032f5   Thumb Code    90  motor.o(.text.rotate_over_time)
    rs485_init                               0x08003351   Thumb Code   220  485.o(.text.rs485_init)
    rx_data_hadle                            0x0800342d   Thumb Code   318  protocol.o(.text.rx_data_hadle)
    ucBSP_UartSendDataPoll                   0x0800356d   Thumb Code    70  bsp_usart.o(.text.ucBSP_UartSendDataPoll)
    usGetMCUADCVolt                          0x080035b5   Thumb Code   150  bsp_adc.o(.text.usGetMCUADCVolt)
    vBSP_ADC_Init                            0x0800364d   Thumb Code   114  bsp_adc.o(.text.vBSP_ADC_Init)
    vBSP_DelayMs                             0x080036c1   Thumb Code    10  bsp_timer.o(.text.vBSP_DelayMs)
    vBSP_GpioDeinit                          0x080036cd   Thumb Code   280  bsp_io.o(.text.vBSP_GpioDeinit)
    vBSP_Port_FullSpeed                      0x080037e5   Thumb Code    86  bsp_io.o(.text.vBSP_Port_FullSpeed)
    vBSP_Timer2Init                          0x0800383d   Thumb Code   144  bsp_timer.o(.text.vBSP_Timer2Init)
    vBSP_USARTDeInit                         0x080038cd   Thumb Code    16  bsp_usart.o(.text.vBSP_USARTDeInit)
    vBSP_USARTInit                           0x080038dd   Thumb Code   358  bsp_usart.o(.text.vBSP_USARTInit)
    vBSP_WDG_Refresh                         0x08003a45   Thumb Code     8  bsp_wdg.o(.text.vBSP_WDG_Refresh)
    vBsp_ADC_PollForConversion               0x08003a4d   Thumb Code    48  bsp_adc.o(.text.vBsp_ADC_PollForConversion)
    vPower_Device                            0x08003a7d   Thumb Code    50  bsp_adc.o(.text.vPower_Device)
    vPower_Motor                             0x08003ab1   Thumb Code    10  bsp_adc.o(.text.vPower_Motor)
    xtp_memset                               0x08003abd   Thumb Code    28  485.o(.text.xtp_memset)
    xy_frame_calc_xor                        0x08003ad9   Thumb Code    50  api.o(.text.xy_frame_calc_xor)
    __0sprintf$8                             0x08003b0d   Thumb Code    34  printf8.o(i.__0sprintf$8)
    __1sprintf$8                             0x08003b0d   Thumb Code     0  printf8.o(i.__0sprintf$8)
    __2sprintf                               0x08003b0d   Thumb Code     0  printf8.o(i.__0sprintf$8)
    __scatterload_copy                       0x08003b35   Thumb Code    14  handlers.o(i.__scatterload_copy)
    __scatterload_null                       0x08003b43   Thumb Code     2  handlers.o(i.__scatterload_null)
    __scatterload_zeroinit                   0x08003b45   Thumb Code    14  handlers.o(i.__scatterload_zeroinit)
    puts                                     0x08003fc1   Thumb Code    30  puts.o(i.puts)
    YIN_F6X8                                 0x08003fe4   Data         552  oled.o(.rodata.YIN_F6X8)
    YIN_F8X16                                0x0800420c   Data        1520  oled.o(.rodata.YIN_F8X16)
    g_cmt2300BasebandBank                    0x0800480c   Data          29  radio.o(.rodata.g_cmt2300BasebandBank)
    g_cmt2300CmtBank                         0x08004829   Data          12  radio.o(.rodata.g_cmt2300CmtBank)
    g_cmt2300DataRateBank                    0x08004835   Data          24  radio.o(.rodata.g_cmt2300DataRateBank)
    g_cmt2300FrequencyBank                   0x0800484d   Data           8  radio.o(.rodata.g_cmt2300FrequencyBank)
    g_cmt2300SystemBank                      0x08004855   Data          12  radio.o(.rodata.g_cmt2300SystemBank)
    g_cmt2300TxBank                          0x08004861   Data          11  radio.o(.rodata.g_cmt2300TxBank)
    Region$$Table$$Base                      0x08004878   Number         0  anon$$obj.o(Region$$Table)
    Region$$Table$$Limit                     0x08004898   Number         0  anon$$obj.o(Region$$Table)
    __stdout                                 0x20000000   Data           4  stdout.o(.data)
    HZ1                                      0x20000004   Data         768  oled.o(.data.HZ1)
    HZ2                                      0x20000304   Data        1984  oled.o(.data.HZ2)
    SystemCoreClock                          0x20000ac4   Data           4  system_n32l40x.o(.data.SystemCoreClock)
    g_nRxLength                              0x20000ac8   Data           2  radio.o(.data.g_nRxLength)
    g_nTxLength                              0x20000aca   Data           2  radio.o(.data.g_nTxLength)
    heart_frame                              0x20000acc   Data           7  protocol.o(.data.heart_frame)
    ucTIM_20msFlg                            0x20000ad3   Data           1  bsp_timer.o(.data.ucTIM_20msFlg)
    ucTIM_50msFlg                            0x20000ad4   Data           1  bsp_timer.o(.data.ucTIM_50msFlg)
    DEV_ERR_STATE                            0x20000ad8   Data           1  protocol.o(.bss.DEV_ERR_STATE)
    DMA_InitStructure                        0x20000adc   Data          44  oled_spi.o(.bss.DMA_InitStructure)
    GPIO_InitStructure                       0x20000b08   Data          16  oled_spi.o(.bss.GPIO_InitStructure)
    OLED_SRAM                                0x20000b18   Data        1024  oled.o(.bss.OLED_SRAM)
    OLED_zfc                                 0x20000f18   Data           1  oled_show.o(.bss.OLED_zfc)
    Power_Voltage                            0x20000f1a   Data           2  bsp_adc.o(.bss.Power_Voltage)
    SPI_InitStructure                        0x20000f1c   Data          18  oled_spi.o(.bss.SPI_InitStructure)
    beep_cnt50ms                             0x20000f50   Data           1  main.o(.bss.beep_cnt50ms)
    beep_flag_first                          0x20000f51   Data           1  main.o(.bss.beep_flag_first)
    cnt_10us_1                               0x20000f52   Data           2  motor.o(.bss.cnt_10us_1)
    cnt_10us_2                               0x20000f54   Data           2  motor.o(.bss.cnt_10us_2)
    cnt_10us_3                               0x20000f56   Data           2  motor.o(.bss.cnt_10us_3)
    cnt_10us_4                               0x20000f58   Data           2  motor.o(.bss.cnt_10us_4)
    cnt_10us_over                            0x20000f5a   Data           2  motor.o(.bss.cnt_10us_over)
    cnt_1ms                                  0x20000f5c   Data           2  motor.o(.bss.cnt_1ms)
    cnt_1ms_over_1                           0x20000f5e   Data           2  motor.o(.bss.cnt_1ms_over_1)
    cnt_1ms_over_2                           0x20000f60   Data           2  motor.o(.bss.cnt_1ms_over_2)
    cnt_20ms                                 0x20000f62   Data           2  motor.o(.bss.cnt_20ms)
    cnt_2ms                                  0x20000f64   Data           2  motor.o(.bss.cnt_2ms)
    communication_err_flag                   0x20000f66   Data           1  protocol.o(.bss.communication_err_flag)
    current_rotate_dir                       0x20000f67   Data           1  motor.o(.bss.current_rotate_dir)
    dev_s                                    0x20000f68   Data           6  oled_show.o(.bss.dev_s)
    dev_vol                                  0x20000f6e   Data           2  main.o(.bss.dev_vol)
    dev_vol_high_flag                        0x20000f70   Data           1  protocol.o(.bss.dev_vol_high_flag)
    dev_vol_low_flag                         0x20000f71   Data           1  protocol.o(.bss.dev_vol_low_flag)
    iRev                                     0x20000f7c   Data           2  rf.o(.bss.iRev)
    jy_chat_timeout_flag                     0x20000f7e   Data           1  protocol.o(.bss.jy_chat_timeout_flag)
    len                                      0x20000f80   Data           2  main.o(.bss.len)
    motor_location                           0x20000f82   Data           1  motor.o(.bss.motor_location)
    motor_start_flag                         0x20000f83   Data           1  motor.o(.bss.motor_start_flag)
    motor_vol                                0x20000f84   Data           2  main.o(.bss.motor_vol)
    nail_hall_err_flag                       0x20000f86   Data           1  protocol.o(.bss.nail_hall_err_flag)
    next_rotate_dir                          0x20000f87   Data           1  motor.o(.bss.next_rotate_dir)
    next_rotate_dir_flag                     0x20000f88   Data           1  motor.o(.bss.next_rotate_dir_flag)
    pbuf                                     0x20000f8c   Data           4  main.o(.bss.pbuf)
    remote_chat_timeout_flag                 0x20000f90   Data           1  protocol.o(.bss.remote_chat_timeout_flag)
    revBuf                                   0x20000f91   Data         128  rf.o(.bss.revBuf)
    rotate_run_flag                          0x20001011   Data           1  motor.o(.bss.rotate_run_flag)
    st_gUsartBLE                             0x20001014   Data           8  bsp_usart.o(.bss.st_gUsartBLE)
    st_gUsartDebug                           0x2000101c   Data           8  bsp_usart.o(.bss.st_gUsartDebug)
    st_gUsartLCD1                            0x20001024   Data           8  bsp_usart.o(.bss.st_gUsartLCD1)
    st_gUsartLCD2                            0x2000102c   Data           8  bsp_usart.o(.bss.st_gUsartLCD2)
    u16_gUartTxCnt                           0x20001034   Data           2  bsp_usart.o(.bss.u16_gUartTxCnt)
    u8_gUartRevPool1                         0x20001036   Data         100  bsp_usart.o(.bss.u8_gUartRevPool1)
    u8_gUartRevPool2                         0x2000109a   Data         100  bsp_usart.o(.bss.u8_gUartRevPool2)
    u8_gUartRevPool3                         0x200010fe   Data         100  bsp_usart.o(.bss.u8_gUartRevPool3)
    u8_gUartRevPool4                         0x20001162   Data         100  bsp_usart.o(.bss.u8_gUartRevPool4)
    u8_pUartTxData                           0x200011c8   Data           4  bsp_usart.o(.bss.u8_pUartTxData)
    uart_buff                                0x200011cc   Data        1024  485.o(.bss.uart_buff)
    uart_p                                   0x200015cc   Data           2  485.o(.bss.uart_p)
    ulTimer1ms                               0x200015d0   Data           4  bsp_timer.o(.bss.ulTimer1ms)
    ulTimer1ms_1                             0x200015d4   Data           4  bsp_timer.o(.bss.ulTimer1ms_1)
    uwTick                                   0x200015d8   Data           4  bsp_timer.o(.bss.uwTick)
    __initial_sp                             0x20002ae0   Data           0  startup_n32l40x.o(STACK)



==============================================================================

Memory Map of the image

  Image Entry point : 0x08000149

  Load Region LR_IROM1 (Base: 0x08000000, Size: 0x00005370, Max: 0x00020000, ABSOLUTE, COMPRESSED[0x00004cc0])

    Execution Region ER_IROM1 (Exec base: 0x08000000, Load base: 0x08000000, Size: 0x00004898, Max: 0x00020000, ABSOLUTE)

    Exec Addr    Load Addr    Size         Type   Attr      Idx    E Section Name        Object

    0x08000000   0x08000000   0x00000148   Data   RO           24    RESET               startup_n32l40x.o
    0x08000148   0x08000148   0x00000000   Code   RO         2191  * .ARM.Collect$$$$00000000  mc_w.l(entry.o)
    0x08000148   0x08000148   0x00000004   Code   RO         2461    .ARM.Collect$$$$00000001  mc_w.l(entry2.o)
    0x0800014c   0x0800014c   0x00000004   Code   RO         2464    .ARM.Collect$$$$00000004  mc_w.l(entry5.o)
    0x08000150   0x08000150   0x00000000   Code   RO         2466    .ARM.Collect$$$$00000008  mc_w.l(entry7b.o)
    0x08000150   0x08000150   0x00000000   Code   RO         2468    .ARM.Collect$$$$0000000A  mc_w.l(entry8b.o)
    0x08000150   0x08000150   0x00000008   Code   RO         2469    .ARM.Collect$$$$0000000B  mc_w.l(entry9a.o)
    0x08000158   0x08000158   0x00000000   Code   RO         2471    .ARM.Collect$$$$0000000D  mc_w.l(entry10a.o)
    0x08000158   0x08000158   0x00000000   Code   RO         2473    .ARM.Collect$$$$0000000F  mc_w.l(entry11a.o)
    0x08000158   0x08000158   0x00000004   Code   RO         2462    .ARM.Collect$$$$00002712  mc_w.l(entry2.o)
    0x0800015c   0x0800015c   0x00000024   Code   RO           25    .text               startup_n32l40x.o
    0x08000180   0x08000180   0x00000024   Code   RO         2198    .text               mc_w.l(memseta.o)
    0x080001a4   0x080001a4   0x00000062   Code   RO         2487    .text               mc_w.l(uldiv.o)
    0x08000206   0x08000206   0x00000002   PAD
    0x08000208   0x08000208   0x00000024   Code   RO         2500    .text               mc_w.l(init.o)
    0x0800022c   0x0800022c   0x0000001e   Code   RO         2502    .text               mc_w.l(llshl.o)
    0x0800024a   0x0800024a   0x00000020   Code   RO         2504    .text               mc_w.l(llushr.o)
    0x0800026a   0x0800026a   0x0000005e   Code   RO         2518    .text               mc_w.l(__dclz77c.o)
    0x080002c8   0x080002c8   0x0000000a   Code   RO          110    .text.ADC_ClearFlag  n32l40x_adc.o
    0x080002d2   0x080002d2   0x00000002   PAD
    0x080002d4   0x080002d4   0x00000024   Code   RO          124    .text.ADC_ConfigClk  n32l40x_adc.o
    0x080002f8   0x080002f8   0x00000076   Code   RO           74    .text.ADC_ConfigRegularChannel  n32l40x_adc.o
    0x0800036e   0x0800036e   0x00000002   PAD
    0x08000370   0x08000370   0x00000010   Code   RO           56    .text.ADC_Enable    n32l40x_adc.o
    0x08000380   0x08000380   0x00000012   Code   RO           66    .text.ADC_EnableSoftwareStartConv  n32l40x_adc.o
    0x08000392   0x08000392   0x00000002   PAD
    0x08000394   0x08000394   0x00000010   Code   RO           64    .text.ADC_GetCalibrationStatus  n32l40x_adc.o
    0x080003a4   0x080003a4   0x00000006   Code   RO           78    .text.ADC_GetDat    n32l40x_adc.o
    0x080003aa   0x080003aa   0x00000002   PAD
    0x080003ac   0x080003ac   0x0000000a   Code   RO          108    .text.ADC_GetFlagStatus  n32l40x_adc.o
    0x080003b6   0x080003b6   0x00000002   PAD
    0x080003b8   0x080003b8   0x0000000a   Code   RO          118    .text.ADC_GetFlagStatusNew  n32l40x_adc.o
    0x080003c2   0x080003c2   0x00000002   PAD
    0x080003c4   0x080003c4   0x0000005c   Code   RO           52    .text.ADC_Init      n32l40x_adc.o
    0x08000420   0x08000420   0x00000012   Code   RO           62    .text.ADC_StartCalibration  n32l40x_adc.o
    0x08000432   0x08000432   0x00000002   PAD
    0x08000434   0x08000434   0x00000002   Code   RO         1727    .text.BusFault_Handler  bsp_interrupt.o
    0x08000436   0x08000436   0x00000002   PAD
    0x08000438   0x08000438   0x00000016   Code   RO         2035    .text.Cmt2300_ClearFifo  cmt2300.o
    0x0800044e   0x0800044e   0x00000002   PAD
    0x08000450   0x08000450   0x00000094   Code   RO         2037    .text.Cmt2300_ClearInterruptFlags  cmt2300.o
    0x080004e4   0x080004e4   0x0000002c   Code   RO         2063    .text.Cmt2300_ConfigRegBank  cmt2300.o
    0x08000510   0x08000510   0x0000002e   Code   RO         2021    .text.Cmt2300_EnableAntennaSwitch  cmt2300.o
    0x0800053e   0x0800053e   0x00000002   PAD
    0x08000540   0x08000540   0x0000000c   Code   RO         2023    .text.Cmt2300_EnableInterrupt  cmt2300.o
    0x0800054c   0x0800054c   0x0000001c   Code   RO         2057    .text.Cmt2300_EnableLfosc  cmt2300.o
    0x08000568   0x08000568   0x00000014   Code   RO         2029    .text.Cmt2300_EnableReadFifo  cmt2300.o
    0x0800057c   0x0800057c   0x00000014   Code   RO         2031    .text.Cmt2300_EnableWriteFifo  cmt2300.o
    0x08000590   0x08000590   0x0000000e   Code   RO         1997    .text.Cmt2300_GetChipStatus  cmt2300.o
    0x0800059e   0x0800059e   0x00000002   PAD
    0x080005a0   0x080005a0   0x00000012   Code   RO         2011    .text.Cmt2300_GoRx  cmt2300.o
    0x080005b2   0x080005b2   0x00000002   PAD
    0x080005b4   0x080005b4   0x00000012   Code   RO         2001    .text.Cmt2300_GoSleep  cmt2300.o
    0x080005c6   0x080005c6   0x00000002   PAD
    0x080005c8   0x080005c8   0x00000012   Code   RO         2003    .text.Cmt2300_GoStby  cmt2300.o
    0x080005da   0x080005da   0x00000002   PAD
    0x080005dc   0x080005dc   0x00000012   Code   RO         2009    .text.Cmt2300_GoTx  cmt2300.o
    0x080005ee   0x080005ee   0x00000002   PAD
    0x080005f0   0x080005f0   0x00000030   Code   RO         2061    .text.Cmt2300_Init  cmt2300.o
    0x08000620   0x08000620   0x00000008   Code   RO         2101    .text.Cmt2300_InitGpio  cmt2300_hal.o
    0x08000628   0x08000628   0x00000008   Code   RO         2107    .text.Cmt2300_ReadFifo  cmt2300_hal.o
    0x08000630   0x08000630   0x0000001a   Code   RO         2103    .text.Cmt2300_ReadReg  cmt2300_hal.o
    0x0800064a   0x0800064a   0x00000002   PAD
    0x0800064c   0x0800064c   0x0000000c   Code   RO         1995    .text.Cmt2300_SoftReset  cmt2300.o
    0x08000658   0x08000658   0x00000026   Code   RO         1999    .text.Cmt2300_WaitChipStatus  cmt2300.o
    0x0800067e   0x0800067e   0x00000002   PAD
    0x08000680   0x08000680   0x00000008   Code   RO         2109    .text.Cmt2300_WriteFifo  cmt2300_hal.o
    0x08000688   0x08000688   0x00000008   Code   RO         2105    .text.Cmt2300_WriteReg  cmt2300_hal.o
    0x08000690   0x08000690   0x00000072   Code   RO            8    .text.ConfigMRVoltage1V  system_n32l40x.o
    0x08000702   0x08000702   0x00000002   PAD
    0x08000704   0x08000704   0x000000bc   Code   RO          334    .text.DMA_DeInit    n32l40x_dma.o
    0x080007c0   0x080007c0   0x00000016   Code   RO          340    .text.DMA_EnableChannel  n32l40x_dma.o
    0x080007d6   0x080007d6   0x00000002   PAD
    0x080007d8   0x080007d8   0x00000048   Code   RO          336    .text.DMA_Init      n32l40x_dma.o
    0x08000820   0x08000820   0x0000000a   Code   RO          356    .text.DMA_RequestRemap  n32l40x_dma.o
    0x0800082a   0x0800082a   0x00000002   PAD
    0x0800082c   0x0800082c   0x00000002   Code   RO         1733    .text.DebugMon_Handler  bsp_interrupt.o
    0x0800082e   0x0800082e   0x00000002   PAD
    0x08000830   0x08000830   0x0000001c   Code   RO         1739    .text.EXTI0_IRQHandler  bsp_interrupt.o
    0x0800084c   0x0800084c   0x0000002a   Code   RO         1751    .text.EXTI15_10_IRQHandler  bsp_interrupt.o
    0x08000876   0x08000876   0x00000002   PAD
    0x08000878   0x08000878   0x0000001c   Code   RO         1741    .text.EXTI1_IRQHandler  bsp_interrupt.o
    0x08000894   0x08000894   0x0000001c   Code   RO         1743    .text.EXTI2_IRQHandler  bsp_interrupt.o
    0x080008b0   0x080008b0   0x0000001c   Code   RO         1745    .text.EXTI3_IRQHandler  bsp_interrupt.o
    0x080008cc   0x080008cc   0x0000001c   Code   RO         1747    .text.EXTI4_IRQHandler  bsp_interrupt.o
    0x080008e8   0x080008e8   0x0000002a   Code   RO         1749    .text.EXTI9_5_IRQHandler  bsp_interrupt.o
    0x08000912   0x08000912   0x00000002   PAD
    0x08000914   0x08000914   0x0000000c   Code   RO          380    .text.EXTI_ClrITPendBit  n32l40x_exti.o
    0x08000920   0x08000920   0x0000001e   Code   RO          378    .text.EXTI_GetITStatus  n32l40x_exti.o
    0x0800093e   0x0800093e   0x00000002   PAD
    0x08000940   0x08000940   0x00000018   Code   RO          394    .text.FLASH_PrefetchBufSet  n32l40x_flash.o
    0x08000958   0x08000958   0x00000014   Code   RO          392    .text.FLASH_SetLatency  n32l40x_flash.o
    0x0800096c   0x0800096c   0x00000084   Code   RO         1904    .text.GPIO_Configuration  oled_spi.o
    0x080009f0   0x080009f0   0x000001a4   Code   RO          472    .text.GPIO_InitPeripheral  n32l40x_gpio.o
    0x08000b94   0x08000b94   0x00000012   Code   RO          474    .text.GPIO_InitStruct  n32l40x_gpio.o
    0x08000ba6   0x08000ba6   0x00000002   PAD
    0x08000ba8   0x08000ba8   0x00000018   Code   RO         2073    .text.GPIO_Pin_Setting  cmt_spi3.o
    0x08000bc0   0x08000bc0   0x0000000a   Code   RO          476    .text.GPIO_ReadInputDataBit  n32l40x_gpio.o
    0x08000bca   0x08000bca   0x00000002   PAD
    0x08000bcc   0x08000bcc   0x00000004   Code   RO          488    .text.GPIO_ResetBits  n32l40x_gpio.o
    0x08000bd0   0x08000bd0   0x00000004   Code   RO          484    .text.GPIO_SetBits  n32l40x_gpio.o
    0x08000bd4   0x08000bd4   0x00000030   Code   RO         1671    .text.HAL_ADC_MspInit  bsp_adc.o
    0x08000c04   0x08000c04   0x00000024   Code   RO         1554    .text.HAL_GPIO_EXTI_Callback  bsp_io.o
    0x08000c28   0x08000c28   0x00000010   Code   RO         1578    .text.HAL_IncTick   bsp_timer.o
    0x08000c38   0x08000c38   0x00000050   Code   RO         1574    .text.HAL_TIM_PeriodElapsedCallback  bsp_timer.o
    0x08000c88   0x08000c88   0x00000002   Code   RO         1641    .text.HAL_UART_ErrorCallback  bsp_usart.o
    0x08000c8a   0x08000c8a   0x00000002   PAD
    0x08000c8c   0x08000c8c   0x00000034   Code   RO         1633    .text.HAL_UART_IdleCallback  bsp_usart.o
    0x08000cc0   0x08000cc0   0x00000114   Code   RO         1621    .text.HAL_UART_MspDeInit  bsp_usart.o
    0x08000dd4   0x08000dd4   0x000001d8   Code   RO         1619    .text.HAL_UART_MspInit  bsp_usart.o
    0x08000fac   0x08000fac   0x00000034   Code   RO         1631    .text.HAL_UART_RxCpltCallback  bsp_usart.o
    0x08000fe0   0x08000fe0   0x00000002   Code   RO         1723    .text.HardFault_Handler  bsp_interrupt.o
    0x08000fe2   0x08000fe2   0x00000002   PAD
    0x08000fe4   0x08000fe4   0x00000010   Code   RO          596    .text.IWDG_ReloadKey  n32l40x_iwdg.o
    0x08000ff4   0x08000ff4   0x00000002   Code   RO         1725    .text.MemManage_Handler  bsp_interrupt.o
    0x08000ff6   0x08000ff6   0x00000002   PAD
    0x08000ff8   0x08000ff8   0x00000002   Code   RO         1721    .text.NMI_Handler   bsp_interrupt.o
    0x08000ffa   0x08000ffa   0x00000002   PAD
    0x08000ffc   0x08000ffc   0x0000005e   Code   RO           34    .text.NVIC_Init     misc.o
    0x0800105a   0x0800105a   0x00000002   PAD
    0x0800105c   0x0800105c   0x00000014   Code   RO           32    .text.NVIC_PriorityGroupConfig  misc.o
    0x08001070   0x08001070   0x0000003e   Code   RO         1850    .text.OLED_Clear    oled.o
    0x080010ae   0x080010ae   0x00000002   PAD
    0x080010b0   0x080010b0   0x00000078   Code   RO         1906    .text.OLED_DMA_Init  oled_spi.o
    0x08001128   0x08001128   0x0000000c   Code   RO         1836    .text.OLED_Init     oled.o
    0x08001134   0x08001134   0x000000d6   Code   RO         1874    .text.OLED_Long_HZ  oled.o
    0x0800120a   0x0800120a   0x00000002   PAD
    0x0800120c   0x0800120c   0x00000092   Code   RO         1872    .text.OLED_ONE_HZ   oled.o
    0x0800129e   0x0800129e   0x00000002   PAD
    0x080012a0   0x080012a0   0x000000a8   Code   RO         1838    .text.OLED_Reg_Init  oled.o
    0x08001348   0x08001348   0x00000054   Code   RO         1900    .text.OLED_SPI_Init  oled_spi.o
    0x0800139c   0x0800139c   0x00000042   Code   RO         1840    .text.OLED_SendCmd  oled.o
    0x080013de   0x080013de   0x00000002   PAD
    0x080013e0   0x080013e0   0x000000cc   Code   RO         1866    .text.OLED_ZFC      oled.o
    0x080014ac   0x080014ac   0x00000016   Code   RO          958    .text.RCC_ConfigAdc1mClk  n32l40x_rcc.o
    0x080014c2   0x080014c2   0x00000002   PAD
    0x080014c4   0x080014c4   0x00000014   Code   RO          962    .text.RCC_ConfigAdcHclk  n32l40x_rcc.o
    0x080014d8   0x080014d8   0x0000001c   Code   RO          960    .text.RCC_ConfigAdcPllClk  n32l40x_rcc.o
    0x080014f4   0x080014f4   0x00000014   Code   RO          944    .text.RCC_ConfigHclk  n32l40x_rcc.o
    0x08001508   0x08001508   0x00000014   Code   RO          946    .text.RCC_ConfigPclk1  n32l40x_rcc.o
    0x0800151c   0x0800151c   0x00000016   Code   RO          948    .text.RCC_ConfigPclk2  n32l40x_rcc.o
    0x08001532   0x08001532   0x00000002   PAD
    0x08001534   0x08001534   0x00000038   Code   RO          936    .text.RCC_ConfigPll  n32l40x_rcc.o
    0x0800156c   0x0800156c   0x00000014   Code   RO          940    .text.RCC_ConfigSysclk  n32l40x_rcc.o
    0x08001580   0x08001580   0x00000024   Code   RO         1902    .text.RCC_Configuration  oled_spi.o
    0x080015a4   0x080015a4   0x00000018   Code   RO         1010    .text.RCC_EnableAHBPeriphClk  n32l40x_rcc.o
    0x080015bc   0x080015bc   0x00000018   Code   RO          978    .text.RCC_EnableAPB1PeriphClk  n32l40x_rcc.o
    0x080015d4   0x080015d4   0x00000018   Code   RO         1018    .text.RCC_EnableAPB1PeriphReset  n32l40x_rcc.o
    0x080015ec   0x080015ec   0x00000018   Code   RO         1012    .text.RCC_EnableAPB2PeriphClk  n32l40x_rcc.o
    0x08001604   0x08001604   0x00000018   Code   RO         1016    .text.RCC_EnableAPB2PeriphReset  n32l40x_rcc.o
    0x0800161c   0x0800161c   0x0000000a   Code   RO          926    .text.RCC_EnableHsi  n32l40x_rcc.o
    0x08001626   0x08001626   0x00000002   PAD
    0x08001628   0x08001628   0x0000000a   Code   RO          938    .text.RCC_EnablePll  n32l40x_rcc.o
    0x08001632   0x08001632   0x00000002   PAD
    0x08001634   0x08001634   0x00000124   Code   RO         1008    .text.RCC_GetClocksFreqValue  n32l40x_rcc.o
    0x08001758   0x08001758   0x0000002a   Code   RO          918    .text.RCC_GetFlagStatus  n32l40x_rcc.o
    0x08001782   0x08001782   0x00000002   PAD
    0x08001784   0x08001784   0x00000010   Code   RO          942    .text.RCC_GetSysclkSrc  n32l40x_rcc.o
    0x08001794   0x08001794   0x00000030   Code   RO          922    .text.RCC_WaitHsiStable  n32l40x_rcc.o
    0x080017c4   0x080017c4   0x00000008   Code   RO         1937    .text.RFInit        rf.o
    0x080017cc   0x080017cc   0x00000038   Code   RO         1941    .text.RFRevData     rf.o
    0x08001804   0x08001804   0x00000016   Code   RO         1939    .text.RFRxMode      rf.o
    0x0800181a   0x0800181a   0x00000002   PAD
    0x0800181c   0x0800181c   0x0000002a   Code   RO         1961    .text.RF_Config     radio.o
    0x08001846   0x08001846   0x00000002   PAD
    0x08001848   0x08001848   0x00000070   Code   RO         1959    .text.RF_Init       radio.o
    0x080018b8   0x080018b8   0x000001ac   Code   RO         1973    .text.RF_Process    radio.o
    0x08001a64   0x08001a64   0x00000018   Code   RO         1969    .text.RF_StartRx    radio.o
    0x08001a7c   0x08001a7c   0x00000022   Code   RO         1789    .text.RS485_SendByte  485.o
    0x08001a9e   0x08001a9e   0x00000002   PAD
    0x08001aa0   0x08001aa0   0x0000003e   Code   RO         1791    .text.RS485_SendStr_length  485.o
    0x08001ade   0x08001ade   0x00000002   PAD
    0x08001ae0   0x08001ae0   0x00000014   Code   RO         1173    .text.SPI_Enable    n32l40x_spi.o
    0x08001af4   0x08001af4   0x00000010   Code   RO         1179    .text.SPI_I2S_EnableDma  n32l40x_spi.o
    0x08001b04   0x08001b04   0x0000000a   Code   RO         1201    .text.SPI_I2S_GetStatus  n32l40x_spi.o
    0x08001b0e   0x08001b0e   0x00000002   PAD
    0x08001b10   0x08001b10   0x00000004   Code   RO         1181    .text.SPI_I2S_TransmitData  n32l40x_spi.o
    0x08001b14   0x08001b14   0x00000046   Code   RO         1165    .text.SPI_Init      n32l40x_spi.o
    0x08001b5a   0x08001b5a   0x00000002   PAD
    0x08001b5c   0x08001b5c   0x00000014   Code   RO         1187    .text.SPI_SSOutputEnable  n32l40x_spi.o
    0x08001b70   0x08001b70   0x00000002   Code   RO         1731    .text.SVC_Handler   bsp_interrupt.o
    0x08001b72   0x08001b72   0x00000002   PAD
    0x08001b74   0x08001b74   0x0000008c   Code   RO            4    .text.SetSysClock   system_n32l40x.o
    0x08001c00   0x08001c00   0x00000018   Code   RO           40    .text.SysTick_CLKSourceConfig  misc.o
    0x08001c18   0x08001c18   0x00000008   Code   RO         1735    .text.SysTick_Handler  bsp_interrupt.o
    0x08001c20   0x08001c20   0x000000ce   Code   RO         1531    .text.SystemClock_Config  main.o
    0x08001cee   0x08001cee   0x00000002   PAD
    0x08001cf0   0x08001cf0   0x000000ca   Code   RO            2    .text.SystemInit    system_n32l40x.o
    0x08001dba   0x08001dba   0x00000002   PAD
    0x08001dbc   0x08001dbc   0x00000026   Code   RO         1737    .text.TIM2_IRQHandler  bsp_interrupt.o
    0x08001de2   0x08001de2   0x00000002   PAD
    0x08001de4   0x08001de4   0x0000020e   Code   RO         2157    .text.TIM3_IRQHandler  motor.o
    0x08001ff2   0x08001ff2   0x00000002   PAD
    0x08001ff4   0x08001ff4   0x00000006   Code   RO         1433    .text.TIM_ClrIntPendingBit  n32l40x_tim.o
    0x08001ffa   0x08001ffa   0x00000002   PAD
    0x08001ffc   0x08001ffc   0x00000010   Code   RO         1267    .text.TIM_ConfigInt  n32l40x_tim.o
    0x0800200c   0x0800200c   0x00000006   Code   RO         1289    .text.TIM_ConfigPrescaler  n32l40x_tim.o
    0x08002012   0x08002012   0x00000002   PAD
    0x08002014   0x08002014   0x00000010   Code   RO         1263    .text.TIM_Enable    n32l40x_tim.o
    0x08002024   0x08002024   0x00000018   Code   RO         1431    .text.TIM_GetIntStatus  n32l40x_tim.o
    0x0800203c   0x0800203c   0x00000192   Code   RO         1219    .text.TIM_InitTimeBase  n32l40x_tim.o
    0x080021ce   0x080021ce   0x00000002   PAD
    0x080021d0   0x080021d0   0x0000007a   Code   RO         1757    .text.UART5_IRQHandler  bsp_interrupt.o
    0x0800224a   0x0800224a   0x00000002   PAD
    0x0800224c   0x0800224c   0x0000004a   Code   RO         1637    .text.UART_TxCallback  bsp_usart.o
    0x08002296   0x08002296   0x00000002   PAD
    0x08002298   0x08002298   0x00000070   Code   RO         1753    .text.USART1_IRQHandler  bsp_interrupt.o
    0x08002308   0x08002308   0x00000044   Code   RO         1797    .text.USART2_IRQHandler  485.o
    0x0800234c   0x0800234c   0x0000007a   Code   RO         1755    .text.USART3_IRQHandler  bsp_interrupt.o
    0x080023c6   0x080023c6   0x00000002   PAD
    0x080023c8   0x080023c8   0x0000000e   Code   RO         1495    .text.USART_ClrIntPendingBit  n32l40x_usart.o
    0x080023d6   0x080023d6   0x00000002   PAD
    0x080023d8   0x080023d8   0x0000002e   Code   RO         1455    .text.USART_ConfigInt  n32l40x_usart.o
    0x08002406   0x08002406   0x00000002   PAD
    0x08002408   0x08002408   0x000000ae   Code   RO         1443    .text.USART_DeInit  n32l40x_usart.o
    0x080024b6   0x080024b6   0x00000002   PAD
    0x080024b8   0x080024b8   0x00000014   Code   RO         1453    .text.USART_Enable  n32l40x_usart.o
    0x080024cc   0x080024cc   0x0000000a   Code   RO         1489    .text.USART_GetFlagStatus  n32l40x_usart.o
    0x080024d6   0x080024d6   0x00000002   PAD
    0x080024d8   0x080024d8   0x00000030   Code   RO         1493    .text.USART_GetIntStatus  n32l40x_usart.o
    0x08002508   0x08002508   0x000000a8   Code   RO         1445    .text.USART_Init    n32l40x_usart.o
    0x080025b0   0x080025b0   0x00000008   Code   RO         1471    .text.USART_ReceiveData  n32l40x_usart.o
    0x080025b8   0x080025b8   0x00000008   Code   RO         1469    .text.USART_SendData  n32l40x_usart.o
    0x080025c0   0x080025c0   0x00000012   Code   RO         1447    .text.USART_StructInit  n32l40x_usart.o
    0x080025d2   0x080025d2   0x00000002   PAD
    0x080025d4   0x080025d4   0x00000002   Code   RO         1729    .text.UsageFault_Handler  bsp_interrupt.o
    0x080025d6   0x080025d6   0x00000002   PAD
    0x080025d8   0x080025d8   0x0000001e   Code   RO         1643    .text.__NVIC_DisableIRQ  bsp_usart.o
    0x080025f6   0x080025f6   0x00000002   PAD
    0x080025f8   0x080025f8   0x00000072   Code   RO         1683    .text.adc_buff_handle  bsp_adc.o
    0x0800266a   0x0800266a   0x00000002   PAD
    0x0800266c   0x0800266c   0x00000022   Code   RO         1801    .text.clean_rebuff  485.o
    0x0800268e   0x0800268e   0x00000002   PAD
    0x08002690   0x08002690   0x0000000a   Code   RO         2077    .text.cmt_spi3_delay_us  cmt_spi3.o
    0x0800269a   0x0800269a   0x00000002   PAD
    0x0800269c   0x0800269c   0x0000007c   Code   RO         2079    .text.cmt_spi3_init  cmt_spi3.o
    0x08002718   0x08002718   0x000000aa   Code   RO         2087    .text.cmt_spi3_read  cmt_spi3.o
    0x080027c2   0x080027c2   0x00000002   PAD
    0x080027c4   0x080027c4   0x000000d2   Code   RO         2091    .text.cmt_spi3_read_fifo  cmt_spi3.o
    0x08002896   0x08002896   0x00000002   PAD
    0x08002898   0x08002898   0x0000003e   Code   RO         2083    .text.cmt_spi3_recv  cmt_spi3.o
    0x080028d6   0x080028d6   0x00000002   PAD
    0x080028d8   0x080028d8   0x00000046   Code   RO         2081    .text.cmt_spi3_send  cmt_spi3.o
    0x0800291e   0x0800291e   0x00000002   PAD
    0x08002920   0x08002920   0x0000009e   Code   RO         2085    .text.cmt_spi3_write  cmt_spi3.o
    0x080029be   0x080029be   0x00000002   PAD
    0x080029c0   0x080029c0   0x000000d2   Code   RO         2089    .text.cmt_spi3_write_fifo  cmt_spi3.o
    0x08002a92   0x08002a92   0x00000002   PAD
    0x08002a94   0x08002a94   0x0000003e   Code   RO         1815    .text.cw_to_local_frame  protocol.o
    0x08002ad2   0x08002ad2   0x00000002   PAD
    0x08002ad4   0x08002ad4   0x0000002a   Code   RO         2137    .text.delay_ms      delay.o
    0x08002afe   0x08002afe   0x00000002   PAD
    0x08002b00   0x08002b00   0x00000026   Code   RO         2135    .text.delay_us      delay.o
    0x08002b26   0x08002b26   0x00000002   PAD
    0x08002b28   0x08002b28   0x00000022   Code   RO         1647    .text.fputc         bsp_usart.o
    0x08002b4a   0x08002b4a   0x00000002   PAD
    0x08002b4c   0x08002b4c   0x00000018   Code   RO         1799    .text.get_rebuff    485.o
    0x08002b64   0x08002b64   0x0000013c   Code   RO         2165    .text.hall_detect   motor.o
    0x08002ca0   0x08002ca0   0x00000048   Code   RO         2163    .text.hall_detect_power  motor.o
    0x08002ce8   0x08002ce8   0x00000042   Code   RO         2151    .text.hall_init     motor.o
    0x08002d2a   0x08002d2a   0x00000002   PAD
    0x08002d2c   0x08002d2c   0x00000168   Code   RO         1529    .text.main          main.o
    0x08002e94   0x08002e94   0x0000007a   Code   RO         2149    .text.motor_init    motor.o
    0x08002f0e   0x08002f0e   0x00000002   PAD
    0x08002f10   0x08002f10   0x000000a8   Code   RO         2159    .text.motor_mode    motor.o
    0x08002fb8   0x08002fb8   0x0000005e   Code   RO         2155    .text.motor_set_dir  motor.o
    0x08003016   0x08003016   0x00000002   PAD
    0x08003018   0x08003018   0x0000007c   Code   RO         2153    .text.motor_tim3init  motor.o
    0x08003094   0x08003094   0x0000002e   Code   RO         1920    .text.oled_show_line1  oled_show.o
    0x080030c2   0x080030c2   0x00000002   PAD
    0x080030c4   0x080030c4   0x00000204   Code   RO         1922    .text.oled_show_line2  oled_show.o
    0x080032c8   0x080032c8   0x0000002c   Code   RO         1924    .text.oled_show_line3  oled_show.o
    0x080032f4   0x080032f4   0x0000005a   Code   RO         2161    .text.rotate_over_time  motor.o
    0x0800334e   0x0800334e   0x00000002   PAD
    0x08003350   0x08003350   0x000000dc   Code   RO         1787    .text.rs485_init    485.o
    0x0800342c   0x0800342c   0x0000013e   Code   RO         1813    .text.rx_data_hadle  protocol.o
    0x0800356a   0x0800356a   0x00000002   PAD
    0x0800356c   0x0800356c   0x00000046   Code   RO         1625    .text.ucBSP_UartSendDataPoll  bsp_usart.o
    0x080035b2   0x080035b2   0x00000002   PAD
    0x080035b4   0x080035b4   0x00000096   Code   RO         1681    .text.usGetMCUADCVolt  bsp_adc.o
    0x0800364a   0x0800364a   0x00000002   PAD
    0x0800364c   0x0800364c   0x00000072   Code   RO         1675    .text.vBSP_ADC_Init  bsp_adc.o
    0x080036be   0x080036be   0x00000002   PAD
    0x080036c0   0x080036c0   0x0000000a   Code   RO         1566    .text.vBSP_DelayMs  bsp_timer.o
    0x080036ca   0x080036ca   0x00000002   PAD
    0x080036cc   0x080036cc   0x00000118   Code   RO         1550    .text.vBSP_GpioDeinit  bsp_io.o
    0x080037e4   0x080037e4   0x00000056   Code   RO         1552    .text.vBSP_Port_FullSpeed  bsp_io.o
    0x0800383a   0x0800383a   0x00000002   PAD
    0x0800383c   0x0800383c   0x00000090   Code   RO         1564    .text.vBSP_Timer2Init  bsp_timer.o
    0x080038cc   0x080038cc   0x00000010   Code   RO         1617    .text.vBSP_USARTDeInit  bsp_usart.o
    0x080038dc   0x080038dc   0x00000166   Code   RO         1615    .text.vBSP_USARTInit  bsp_usart.o
    0x08003a42   0x08003a42   0x00000002   PAD
    0x08003a44   0x08003a44   0x00000008   Code   RO         1602    .text.vBSP_WDG_Refresh  bsp_wdg.o
    0x08003a4c   0x08003a4c   0x00000030   Code   RO         1679    .text.vBsp_ADC_PollForConversion  bsp_adc.o
    0x08003a7c   0x08003a7c   0x00000032   Code   RO         1687    .text.vPower_Device  bsp_adc.o
    0x08003aae   0x08003aae   0x00000002   PAD
    0x08003ab0   0x08003ab0   0x0000000a   Code   RO         1685    .text.vPower_Motor  bsp_adc.o
    0x08003aba   0x08003aba   0x00000002   PAD
    0x08003abc   0x08003abc   0x0000001c   Code   RO         1795    .text.xtp_memset    485.o
    0x08003ad8   0x08003ad8   0x00000032   Code   RO         1777    .text.xy_frame_calc_xor  api.o
    0x08003b0a   0x08003b0a   0x00000002   PAD
    0x08003b0c   0x08003b0c   0x00000028   Code   RO         2409    i.__0sprintf$8      mc_w.l(printf8.o)
    0x08003b34   0x08003b34   0x0000000e   Code   RO         2512    i.__scatterload_copy  mc_w.l(handlers.o)
    0x08003b42   0x08003b42   0x00000002   Code   RO         2513    i.__scatterload_null  mc_w.l(handlers.o)
    0x08003b44   0x08003b44   0x0000000e   Code   RO         2514    i.__scatterload_zeroinit  mc_w.l(handlers.o)
    0x08003b52   0x08003b52   0x00000002   PAD
    0x08003b54   0x08003b54   0x00000410   Code   RO         2414    i._printf_core      mc_w.l(printf8.o)
    0x08003f64   0x08003f64   0x00000024   Code   RO         2415    i._printf_post_padding  mc_w.l(printf8.o)
    0x08003f88   0x08003f88   0x0000002e   Code   RO         2416    i._printf_pre_padding  mc_w.l(printf8.o)
    0x08003fb6   0x08003fb6   0x0000000a   Code   RO         2418    i._sputc            mc_w.l(printf8.o)
    0x08003fc0   0x08003fc0   0x00000024   Code   RO         2194    i.puts              mc_w.l(puts.o)
    0x08003fe4   0x08003fe4   0x00000228   Data   RO         1887    .rodata.YIN_F6X8    oled.o
    0x0800420c   0x0800420c   0x000005f0   Data   RO         1888    .rodata.YIN_F8X16   oled.o
    0x080047fc   0x080047fc   0x00000010   Data   RO         1038    .rodata.cst16       n32l40x_rcc.o
    0x0800480c   0x0800480c   0x0000001d   Data   RO         1979    .rodata.g_cmt2300BasebandBank  radio.o
    0x08004829   0x08004829   0x0000000c   Data   RO         1975    .rodata.g_cmt2300CmtBank  radio.o
    0x08004835   0x08004835   0x00000018   Data   RO         1978    .rodata.g_cmt2300DataRateBank  radio.o
    0x0800484d   0x0800484d   0x00000008   Data   RO         1977    .rodata.g_cmt2300FrequencyBank  radio.o
    0x08004855   0x08004855   0x0000000c   Data   RO         1976    .rodata.g_cmt2300SystemBank  radio.o
    0x08004861   0x08004861   0x0000000b   Data   RO         1980    .rodata.g_cmt2300TxBank  radio.o
    0x0800486c   0x0800486c   0x0000000a   Data   RO         1927    .rodata.str1.1      oled_show.o
    0x08004876   0x08004876   0x00000002   PAD
    0x08004878   0x08004878   0x00000020   Data   RO         2511    Region$$Table       anon$$obj.o


    Execution Region RW_IRAM1 (Exec base: 0x20000000, Load base: 0x08004898, Size: 0x00002ae0, Max: 0x00006000, ABSOLUTE, COMPRESSED[0x00000428])

    Exec Addr    Load Addr    Size         Type   Attr      Idx    E Section Name        Object

    0x20000000   COMPRESSED   0x00000004   Data   RW         2475    .data               mc_w.l(stdout.o)
    0x20000004   COMPRESSED   0x00000300   Data   RW         1889    .data.HZ1           oled.o
    0x20000304   COMPRESSED   0x000007c0   Data   RW         1890    .data.HZ2           oled.o
    0x20000ac4   COMPRESSED   0x00000004   Data   RW           12    .data.SystemCoreClock  system_n32l40x.o
    0x20000ac8   COMPRESSED   0x00000002   Data   RW         1981    .data.g_nRxLength   radio.o
    0x20000aca   COMPRESSED   0x00000002   Data   RW         1982    .data.g_nTxLength   radio.o
    0x20000acc   COMPRESSED   0x00000007   Data   RW         1826    .data.heart_frame   protocol.o
    0x20000ad3   COMPRESSED   0x00000001   Data   RW         1587    .data.ucTIM_20msFlg  bsp_timer.o
    0x20000ad4   COMPRESSED   0x00000001   Data   RW         1586    .data.ucTIM_50msFlg  bsp_timer.o
    0x20000ad5   COMPRESSED   0x00000003   PAD
    0x20000ad8        -       0x00000001   Zero   RW         1817    .bss.DEV_ERR_STATE  protocol.o
    0x20000ad9   COMPRESSED   0x00000003   PAD
    0x20000adc        -       0x0000002c   Zero   RW         1909    .bss.DMA_InitStructure  oled_spi.o
    0x20000b08        -       0x00000010   Zero   RW         1910    .bss.GPIO_InitStructure  oled_spi.o
    0x20000b18        -       0x00000400   Zero   RW         1891    .bss.OLED_SRAM      oled.o
    0x20000f18        -       0x00000001   Zero   RW         1926    .bss.OLED_zfc       oled_show.o
    0x20000f19   COMPRESSED   0x00000001   PAD
    0x20000f1a        -       0x00000002   Zero   RW         1694    .bss.Power_Voltage  bsp_adc.o
    0x20000f1c        -       0x00000012   Zero   RW         1908    .bss.SPI_InitStructure  oled_spi.o
    0x20000f2e   COMPRESSED   0x00000002   PAD
    0x20000f30        -       0x00000018   Zero   RW         1693    .bss.adc_buff       bsp_adc.o
    0x20000f48        -       0x00000001   Zero   RW         1691    .bss.adc_buff_handle.buff_cnt  bsp_adc.o
    0x20000f49   COMPRESSED   0x00000003   PAD
    0x20000f4c        -       0x00000004   Zero   RW         1692    .bss.adc_buff_handle.new_value  bsp_adc.o
    0x20000f50        -       0x00000001   Zero   RW         1536    .bss.beep_cnt50ms   main.o
    0x20000f51        -       0x00000001   Zero   RW         1537    .bss.beep_flag_first  main.o
    0x20000f52        -       0x00000002   Zero   RW         2176    .bss.cnt_10us_1     motor.o
    0x20000f54        -       0x00000002   Zero   RW         2177    .bss.cnt_10us_2     motor.o
    0x20000f56        -       0x00000002   Zero   RW         2178    .bss.cnt_10us_3     motor.o
    0x20000f58        -       0x00000002   Zero   RW         2180    .bss.cnt_10us_4     motor.o
    0x20000f5a        -       0x00000002   Zero   RW         2171    .bss.cnt_10us_over  motor.o
    0x20000f5c        -       0x00000002   Zero   RW         2179    .bss.cnt_1ms        motor.o
    0x20000f5e        -       0x00000002   Zero   RW         2172    .bss.cnt_1ms_over_1  motor.o
    0x20000f60        -       0x00000002   Zero   RW         2182    .bss.cnt_1ms_over_2  motor.o
    0x20000f62        -       0x00000002   Zero   RW         2183    .bss.cnt_20ms       motor.o
    0x20000f64        -       0x00000002   Zero   RW         2181    .bss.cnt_2ms        motor.o
    0x20000f66        -       0x00000001   Zero   RW         1821    .bss.communication_err_flag  protocol.o
    0x20000f67        -       0x00000001   Zero   RW         2168    .bss.current_rotate_dir  motor.o
    0x20000f68        -       0x00000006   Zero   RW         1928    .bss.dev_s          oled_show.o
    0x20000f6e        -       0x00000002   Zero   RW         1533    .bss.dev_vol        main.o
    0x20000f70        -       0x00000001   Zero   RW         1823    .bss.dev_vol_high_flag  protocol.o
    0x20000f71        -       0x00000001   Zero   RW         1822    .bss.dev_vol_low_flag  protocol.o
    0x20000f72        -       0x00000001   Zero   RW         1984    .bss.g_nInterrutFlags  radio.o
    0x20000f73        -       0x00000001   Zero   RW         1983    .bss.g_nNextRFState  radio.o
    0x20000f74        -       0x00000004   Zero   RW         1985    .bss.g_pRxBuffer    radio.o
    0x20000f78        -       0x00000004   Zero   RW         1986    .bss.g_pTxBuffer    radio.o
    0x20000f7c        -       0x00000002   Zero   RW         1948    .bss.iRev           rf.o
    0x20000f7e        -       0x00000001   Zero   RW         1820    .bss.jy_chat_timeout_flag  protocol.o
    0x20000f7f   COMPRESSED   0x00000001   PAD
    0x20000f80        -       0x00000002   Zero   RW         1539    .bss.len            main.o
    0x20000f82        -       0x00000001   Zero   RW         2167    .bss.motor_location  motor.o
    0x20000f83        -       0x00000001   Zero   RW         2173    .bss.motor_start_flag  motor.o
    0x20000f84        -       0x00000002   Zero   RW         1534    .bss.motor_vol      main.o
    0x20000f86        -       0x00000001   Zero   RW         1824    .bss.nail_hall_err_flag  protocol.o
    0x20000f87        -       0x00000001   Zero   RW         2169    .bss.next_rotate_dir  motor.o
    0x20000f88        -       0x00000001   Zero   RW         2170    .bss.next_rotate_dir_flag  motor.o
    0x20000f89   COMPRESSED   0x00000003   PAD
    0x20000f8c        -       0x00000004   Zero   RW         1540    .bss.pbuf           main.o
    0x20000f90        -       0x00000001   Zero   RW         1825    .bss.remote_chat_timeout_flag  protocol.o
    0x20000f91        -       0x00000080   Zero   RW         1947    .bss.revBuf         rf.o
    0x20001011        -       0x00000001   Zero   RW         2174    .bss.rotate_run_flag  motor.o
    0x20001012   COMPRESSED   0x00000002   PAD
    0x20001014        -       0x00000008   Zero   RW         1653    .bss.st_gUsartBLE   bsp_usart.o
    0x2000101c        -       0x00000008   Zero   RW         1656    .bss.st_gUsartDebug  bsp_usart.o
    0x20001024        -       0x00000008   Zero   RW         1654    .bss.st_gUsartLCD1  bsp_usart.o
    0x2000102c        -       0x00000008   Zero   RW         1655    .bss.st_gUsartLCD2  bsp_usart.o
    0x20001034        -       0x00000002   Zero   RW         1661    .bss.u16_gUartTxCnt  bsp_usart.o
    0x20001036        -       0x00000064   Zero   RW         1657    .bss.u8_gUartRevPool1  bsp_usart.o
    0x2000109a        -       0x00000064   Zero   RW         1658    .bss.u8_gUartRevPool2  bsp_usart.o
    0x200010fe        -       0x00000064   Zero   RW         1659    .bss.u8_gUartRevPool3  bsp_usart.o
    0x20001162        -       0x00000064   Zero   RW         1660    .bss.u8_gUartRevPool4  bsp_usart.o
    0x200011c6   COMPRESSED   0x00000002   PAD
    0x200011c8        -       0x00000004   Zero   RW         1662    .bss.u8_pUartTxData  bsp_usart.o
    0x200011cc        -       0x00000400   Zero   RW         1804    .bss.uart_buff      485.o
    0x200015cc        -       0x00000002   Zero   RW         1803    .bss.uart_p         485.o
    0x200015ce   COMPRESSED   0x00000002   PAD
    0x200015d0        -       0x00000004   Zero   RW         1589    .bss.ulTimer1ms     bsp_timer.o
    0x200015d4        -       0x00000004   Zero   RW         1590    .bss.ulTimer1ms_1   bsp_timer.o
    0x200015d8        -       0x00000004   Zero   RW         1591    .bss.uwTick         bsp_timer.o
    0x200015dc   COMPRESSED   0x00000004   PAD
    0x200015e0        -       0x00001500   Zero   RW           22    STACK               startup_n32l40x.o


==============================================================================

Image component sizes


      Code (inc. data)   RO Data    RW Data    ZI Data      Debug   Object Name

       470          0          0          0       1026       6098   485.o
        50          0          0          0          0       2591   api.o
       534          0          0          0         31       5516   bsp_adc.o
       640          0          0          0          0       6076   bsp_interrupt.o
       402          0          0          0          0       3839   bsp_io.o
       250          0          0          2         12       5791   bsp_timer.o
      1436          0          0          0        438      11037   bsp_usart.o
         8          0          0          0          0        971   bsp_wdg.o
       524          0          0          0          0       7244   cmt2300.o
        58          0          0          0          0       1384   cmt2300_hal.o
      1038          0          0          0          0       4045   cmt_spi3.o
        80          0          0          0          0       1486   delay.o
       566         20          0          0         12       2336   main.o
       138          0          0          0          0       3330   misc.o
      1578          6          0          0         26       8015   motor.o
       350          0          0          0          0      11911   n32l40x_adc.o
       292          0          0          0          0       4213   n32l40x_dma.o
        42          0          0          0          0       2996   n32l40x_exti.o
        44          0          0          0          0      11543   n32l40x_flash.o
       456          0          0          0          0       8276   n32l40x_gpio.o
        16          0          0          0          0       1630   n32l40x_iwdg.o
       746         80         16          0          0      15444   n32l40x_rcc.o
       140          0          0          0          0       7090   n32l40x_spi.o
       470          0          0          0          0      29576   n32l40x_tim.o
       514          0          0          0          0       8013   n32l40x_usart.o
       872          0       2072       2752       1024      12750   oled.o
       606         20         10          0          7       2144   oled_show.o
       372          0          0          0         78       3674   oled_spi.o
       380          0          0          7          7       1999   protocol.o
       606         26         96          4         10       3349   radio.o
        86          0          0          0        130       1676   rf.o
        36          8        328          0       5376        860   startup_n32l40x.o
       456          0          0          4          0       4108   system_n32l40x.o

    ----------------------------------------------------------------------
     14440        160       2556       2772       8200     201011   Object Totals
         0          0         32          0          0          0   (incl. Generated)
       184          0          2          3         23          0   (incl. Padding)

    ----------------------------------------------------------------------

      Code (inc. data)   RO Data    RW Data    ZI Data      Debug   Library Member Name

        94          0          0          0          0          0   __dclz77c.o
         0          0          0          0          0          0   entry.o
         0          0          0          0          0          0   entry10a.o
         0          0          0          0          0          0   entry11a.o
         8          4          0          0          0          0   entry2.o
         4          0          0          0          0          0   entry5.o
         0          0          0          0          0          0   entry7b.o
         0          0          0          0          0          0   entry8b.o
         8          4          0          0          0          0   entry9a.o
        30          0          0          0          0          0   handlers.o
        36          8          0          0          0         68   init.o
        30          0          0          0          0         68   llshl.o
        32          0          0          0          0         68   llushr.o
        36          0          0          0          0        108   memseta.o
      1172         50          0          0          0        420   printf8.o
        36          6          0          0          0         80   puts.o
         0          0          0          4          0          0   stdout.o
        98          0          0          0          0         92   uldiv.o

    ----------------------------------------------------------------------
      1588         72          0          4          0        904   Library Totals
         4          0          0          0          0          0   (incl. Padding)

    ----------------------------------------------------------------------

      Code (inc. data)   RO Data    RW Data    ZI Data      Debug   Library Name

      1584         72          0          4          0        904   mc_w.l

    ----------------------------------------------------------------------
      1588         72          0          4          0        904   Library Totals

    ----------------------------------------------------------------------

==============================================================================


      Code (inc. data)   RO Data    RW Data    ZI Data      Debug   

     16028        232       2556       2776       8200     201163   Grand Totals
     16028        232       2556       1064       8200     201163   ELF Image Totals (compressed)
     16028        232       2556       1064          0          0   ROM Totals

==============================================================================

    Total RO  Size (Code + RO Data)                18584 (  18.15kB)
    Total RW  Size (RW Data + ZI Data)             10976 (  10.72kB)
    Total ROM Size (Code + RO Data + RW Data)      19648 (  19.19kB)

==============================================================================

